Component: ARM Compiler 5.06 update 6 (build 750) Tool: armlink [4d35ed]

==============================================================================

Section Cross References

    startup_stm32h755xx_cm7.o(RESET) refers to startup_stm32h755xx_cm7.o(STACK) for __initial_sp
    startup_stm32h755xx_cm7.o(RESET) refers to startup_stm32h755xx_cm7.o(.text) for Reset_Handler
    startup_stm32h755xx_cm7.o(RESET) refers to stm32h7xx_it_1.o(i.NMI_Handler) for NMI_Handler
    startup_stm32h755xx_cm7.o(RESET) refers to stm32h7xx_it_1.o(i.HardFault_Handler) for HardFault_Handler
    startup_stm32h755xx_cm7.o(RESET) refers to stm32h7xx_it_1.o(i.MemManage_Handler) for MemManage_Handler
    startup_stm32h755xx_cm7.o(RESET) refers to stm32h7xx_it_1.o(i.BusFault_Handler) for BusFault_Handler
    startup_stm32h755xx_cm7.o(RESET) refers to stm32h7xx_it_1.o(i.UsageFault_Handler) for UsageFault_Handler
    startup_stm32h755xx_cm7.o(RESET) refers to stm32h7xx_it_1.o(i.SVC_Handler) for SVC_Handler
    startup_stm32h755xx_cm7.o(RESET) refers to stm32h7xx_it_1.o(i.DebugMon_Handler) for DebugMon_Handler
    startup_stm32h755xx_cm7.o(RESET) refers to stm32h7xx_it_1.o(i.PendSV_Handler) for PendSV_Handler
    startup_stm32h755xx_cm7.o(RESET) refers to stm32h7xx_it_1.o(i.SysTick_Handler) for SysTick_Handler
    startup_stm32h755xx_cm7.o(RESET) refers to stm32h7xx_it_1.o(i.DMA1_Stream0_IRQHandler) for DMA1_Stream0_IRQHandler
    startup_stm32h755xx_cm7.o(RESET) refers to stm32h7xx_it_1.o(i.UART4_IRQHandler) for UART4_IRQHandler
    startup_stm32h755xx_cm7.o(.text) refers to system_stm32h7xx_dualcore_boot_cm4_cm7.o(i.SystemInit) for SystemInit
    startup_stm32h755xx_cm7.o(.text) refers to entry.o(.ARM.Collect$$$$00000000) for __main
    main_1.o(i.MX_RTC_Init) refers to memseta.o(.text) for __aeabi_memclr4
    main_1.o(i.MX_RTC_Init) refers to stm32h7xx_hal_rtc.o(i.HAL_RTC_Init) for HAL_RTC_Init
    main_1.o(i.MX_RTC_Init) refers to stm32h7xx_hal_rtc.o(i.HAL_RTC_SetTime) for HAL_RTC_SetTime
    main_1.o(i.MX_RTC_Init) refers to stm32h7xx_hal_rtc.o(i.HAL_RTC_SetDate) for HAL_RTC_SetDate
    main_1.o(i.MX_RTC_Init) refers to main_1.o(.bss) for .bss
    main_1.o(i.MX_UART4_Init) refers to stm32h7xx_hal_uart.o(i.HAL_UART_Init) for HAL_UART_Init
    main_1.o(i.MX_UART4_Init) refers to stm32h7xx_hal_uart_ex.o(i.HAL_UARTEx_SetTxFifoThreshold) for HAL_UARTEx_SetTxFifoThreshold
    main_1.o(i.MX_UART4_Init) refers to stm32h7xx_hal_uart_ex.o(i.HAL_UARTEx_SetRxFifoThreshold) for HAL_UARTEx_SetRxFifoThreshold
    main_1.o(i.MX_UART4_Init) refers to stm32h7xx_hal_uart_ex.o(i.HAL_UARTEx_DisableFifoMode) for HAL_UARTEx_DisableFifoMode
    main_1.o(i.MX_UART4_Init) refers to main_1.o(.bss) for .bss
    main_1.o(i.MX_USART3_UART_Init) refers to stm32h7xx_hal_uart.o(i.HAL_UART_Init) for HAL_UART_Init
    main_1.o(i.MX_USART3_UART_Init) refers to stm32h7xx_hal_uart_ex.o(i.HAL_UARTEx_SetTxFifoThreshold) for HAL_UARTEx_SetTxFifoThreshold
    main_1.o(i.MX_USART3_UART_Init) refers to stm32h7xx_hal_uart_ex.o(i.HAL_UARTEx_SetRxFifoThreshold) for HAL_UARTEx_SetRxFifoThreshold
    main_1.o(i.MX_USART3_UART_Init) refers to stm32h7xx_hal_uart_ex.o(i.HAL_UARTEx_DisableFifoMode) for HAL_UARTEx_DisableFifoMode
    main_1.o(i.MX_USART3_UART_Init) refers to main_1.o(.bss) for .bss
    main_1.o(i.SystemClock_Config) refers to memseta.o(.text) for __aeabi_memclr4
    main_1.o(i.SystemClock_Config) refers to stm32h7xx_hal_pwr_ex.o(i.HAL_PWREx_ConfigSupply) for HAL_PWREx_ConfigSupply
    main_1.o(i.SystemClock_Config) refers to stm32h7xx_hal_pwr.o(i.HAL_PWR_EnableBkUpAccess) for HAL_PWR_EnableBkUpAccess
    main_1.o(i.SystemClock_Config) refers to stm32h7xx_hal.o(i.HAL_GetREVID) for HAL_GetREVID
    main_1.o(i.SystemClock_Config) refers to stm32h7xx_hal_rcc.o(i.HAL_RCC_OscConfig) for HAL_RCC_OscConfig
    main_1.o(i.SystemClock_Config) refers to stm32h7xx_hal_rcc.o(i.HAL_RCC_ClockConfig) for HAL_RCC_ClockConfig
    main_1.o(i.SystemClock_Config) refers to stm32h7xx_hal_rcc_ex.o(i.HAL_RCCEx_PeriphCLKConfig) for HAL_RCCEx_PeriphCLKConfig
    main_1.o(i.TM1637_Ask) refers to stm32h7xx_hal_gpio.o(i.HAL_GPIO_WritePin) for HAL_GPIO_WritePin
    main_1.o(i.TM1637_Ask) refers to main_1.o(i.TM1637_PinsToIn) for TM1637_PinsToIn
    main_1.o(i.TM1637_Ask) refers to stm32h7xx_hal_gpio.o(i.HAL_GPIO_ReadPin) for HAL_GPIO_ReadPin
    main_1.o(i.TM1637_Ask) refers to main_1.o(i.TM1637_PinsToOut) for TM1637_PinsToOut
    main_1.o(i.TM1637_ConvertDecToSegment) refers to main_1.o(.constdata) for .constdata
    main_1.o(i.TM1637_Init) refers to main_1.o(i.TM1637_PinsToOut) for TM1637_PinsToOut
    main_1.o(i.TM1637_Init) refers to main_1.o(i.TM1637_setBrightness) for TM1637_setBrightness
    main_1.o(i.TM1637_PinsToIn) refers to stm32h7xx_hal_gpio.o(i.HAL_GPIO_Init) for HAL_GPIO_Init
    main_1.o(i.TM1637_PinsToOut) refers to stm32h7xx_hal_gpio.o(i.HAL_GPIO_Init) for HAL_GPIO_Init
    main_1.o(i.TM1637_Start) refers to stm32h7xx_hal_gpio.o(i.HAL_GPIO_WritePin) for HAL_GPIO_WritePin
[...]
    Removing stm32h7xx_hal_pwr_ex.o(i.HAL_PWREx_HoldCore), (60 bytes).
    Removing stm32h7xx_hal_pwr_ex.o(i.HAL_PWREx_PVD_AVD_IRQHandler), (152 bytes).
    Removing stm32h7xx_hal_pwr_ex.o(i.HAL_PWREx_ReleaseCore), (28 bytes).
    Removing stm32h7xx_hal_pwr_ex.o(i.HAL_PWREx_WAKEUP_PIN_IRQHandler), (124 bytes).
    Removing stm32h7xx_hal_pwr_ex.o(i.HAL_PWREx_WKUP1_Callback), (2 bytes).
    Removing stm32h7xx_hal_pwr_ex.o(i.HAL_PWREx_WKUP2_Callback), (2 bytes).
    Removing stm32h7xx_hal_pwr_ex.o(i.HAL_PWREx_WKUP3_Callback), (2 bytes).
    Removing stm32h7xx_hal_pwr_ex.o(i.HAL_PWREx_WKUP4_Callback), (2 bytes).
    Removing stm32h7xx_hal_pwr_ex.o(i.HAL_PWREx_WKUP5_Callback), (2 bytes).
    Removing stm32h7xx_hal_pwr_ex.o(i.HAL_PWREx_WKUP6_Callback), (2 bytes).
    Removing stm32h7xx_hal.o(.rev16_text), (4 bytes).
    Removing stm32h7xx_hal.o(.revsh_text), (4 bytes).
    Removing stm32h7xx_hal.o(.rrx_text), (6 bytes).
    Removing stm32h7xx_hal.o(i.HAL_DBGMCU_DisableDBGSleepMode), (16 bytes).
    Removing stm32h7xx_hal.o(i.HAL_DBGMCU_DisableDBGStandbyMode), (16 bytes).
    Removing stm32h7xx_hal.o(i.HAL_DBGMCU_DisableDBGStopMode), (16 bytes).
    Removing stm32h7xx_hal.o(i.HAL_DBGMCU_EnableDBGSleepMode), (16 bytes).
    Removing stm32h7xx_hal.o(i.HAL_DBGMCU_EnableDBGStandbyMode), (16 bytes).
    Removing stm32h7xx_hal.o(i.HAL_DBGMCU_EnableDBGStopMode), (16 bytes).
    Removing stm32h7xx_hal.o(i.HAL_DeInit), (76 bytes).
    Removing stm32h7xx_hal.o(i.HAL_DisableCompensationCell), (16 bytes).
    Removing stm32h7xx_hal.o(i.HAL_DisableDomain2DBGSleepMode), (16 bytes).
    Removing stm32h7xx_hal.o(i.HAL_DisableDomain2DBGStandbyMode), (16 bytes).
    Removing stm32h7xx_hal.o(i.HAL_DisableDomain2DBGStopMode), (16 bytes).
    Removing stm32h7xx_hal.o(i.HAL_DisableDomain3DBGStandbyMode), (16 bytes).
    Removing stm32h7xx_hal.o(i.HAL_DisableDomain3DBGStopMode), (16 bytes).
    Removing stm32h7xx_hal.o(i.HAL_EXTI_D1_ClearFlag), (26 bytes).
    Removing stm32h7xx_hal.o(i.HAL_EXTI_D1_EventInputConfig), (66 bytes).
    Removing stm32h7xx_hal.o(i.HAL_EXTI_D2_ClearFlag), (26 bytes).
    Removing stm32h7xx_hal.o(i.HAL_EXTI_D2_EventInputConfig), (66 bytes).
    Removing stm32h7xx_hal.o(i.HAL_EXTI_D3_EventInputConfig), (70 bytes).
    Removing stm32h7xx_hal.o(i.HAL_EXTI_EdgeConfig), (58 bytes).
    Removing stm32h7xx_hal.o(i.HAL_EXTI_GenerateSWInterrupt), (24 bytes).
    Removing stm32h7xx_hal.o(i.HAL_EnableCompensationCell), (16 bytes).
    Removing stm32h7xx_hal.o(i.HAL_EnableDomain2DBGSleepMode), (16 bytes).
    Removing stm32h7xx_hal.o(i.HAL_EnableDomain2DBGStandbyMode), (16 bytes).
    Removing stm32h7xx_hal.o(i.HAL_EnableDomain2DBGStopMode), (16 bytes).
    Removing stm32h7xx_hal.o(i.HAL_EnableDomain3DBGStandbyMode), (16 bytes).
    Removing stm32h7xx_hal.o(i.HAL_EnableDomain3DBGStopMode), (16 bytes).
    Removing stm32h7xx_hal.o(i.HAL_GetDEVID), (16 bytes).
    Removing stm32h7xx_hal.o(i.HAL_GetFMCMemorySwappingConfig), (16 bytes).
    Removing stm32h7xx_hal.o(i.HAL_GetHalVersion), (6 bytes).
    Removing stm32h7xx_hal.o(i.HAL_GetTickFreq), (12 bytes).
    Removing stm32h7xx_hal.o(i.HAL_GetTickPrio), (12 bytes).
    Removing stm32h7xx_hal.o(i.HAL_GetUIDw0), (12 bytes).
    Removing stm32h7xx_hal.o(i.HAL_GetUIDw1), (12 bytes).
    Removing stm32h7xx_hal.o(i.HAL_GetUIDw2), (12 bytes).
    Removing stm32h7xx_hal.o(i.HAL_MspDeInit), (2 bytes).
    Removing stm32h7xx_hal.o(i.HAL_MspInit), (2 bytes).
    Removing stm32h7xx_hal.o(i.HAL_ResumeTick), (14 bytes).
    Removing stm32h7xx_hal.o(i.HAL_SYSCFG_AnalogSwitchConfig), (16 bytes).
    Removing stm32h7xx_hal.o(i.HAL_SYSCFG_CM4BootAddConfig), (36 bytes).
    Removing stm32h7xx_hal.o(i.HAL_SYSCFG_CM7BootAddConfig), (36 bytes).
    Removing stm32h7xx_hal.o(i.HAL_SYSCFG_CompensationCodeConfig), (24 bytes).
    Removing stm32h7xx_hal.o(i.HAL_SYSCFG_CompensationCodeSelect), (20 bytes).
    Removing stm32h7xx_hal.o(i.HAL_SYSCFG_DisableBOOST), (16 bytes).
    Removing stm32h7xx_hal.o(i.HAL_SYSCFG_DisableCM4BOOT), (16 bytes).
    Removing stm32h7xx_hal.o(i.HAL_SYSCFG_DisableCM7BOOT), (16 bytes).
    Removing stm32h7xx_hal.o(i.HAL_SYSCFG_DisableIOSpeedOptimize), (16 bytes).
    Removing stm32h7xx_hal.o(i.HAL_SYSCFG_DisableVREFBUF), (16 bytes).
    Removing stm32h7xx_hal.o(i.HAL_SYSCFG_ETHInterfaceSelect), (20 bytes).
    Removing stm32h7xx_hal.o(i.HAL_SYSCFG_EnableBOOST), (16 bytes).
    Removing stm32h7xx_hal.o(i.HAL_SYSCFG_EnableCM4BOOT), (16 bytes).
    Removing stm32h7xx_hal.o(i.HAL_SYSCFG_EnableCM7BOOT), (16 bytes).
    Removing stm32h7xx_hal.o(i.HAL_SYSCFG_EnableIOSpeedOptimize), (16 bytes).
    Removing stm32h7xx_hal.o(i.HAL_SYSCFG_EnableVREFBUF), (48 bytes).
    Removing stm32h7xx_hal.o(i.HAL_SYSCFG_VREFBUF_HighImpedanceConfig), (20 bytes).
    Removing stm32h7xx_hal.o(i.HAL_SYSCFG_VREFBUF_TrimmingConfig), (20 bytes).
    Removing stm32h7xx_hal.o(i.HAL_SYSCFG_VREFBUF_VoltageScalingConfig), (20 bytes).
    Removing stm32h7xx_hal.o(i.HAL_SetFMCMemorySwappingConfig), (20 bytes).
    Removing stm32h7xx_hal.o(i.HAL_SetTickFreq), (32 bytes).
    Removing stm32h7xx_hal.o(i.HAL_SuspendTick), (14 bytes).
    Removing stm32h7xx_hal_i2c.o(.rev16_text), (4 bytes).
    Removing stm32h7xx_hal_i2c.o(.revsh_text), (4 bytes).
    Removing stm32h7xx_hal_i2c.o(.rrx_text), (6 bytes).
    Removing stm32h7xx_hal_i2c.o(i.HAL_I2C_AbortCpltCallback), (2 bytes).
    Removing stm32h7xx_hal_i2c.o(i.HAL_I2C_AddrCallback), (2 bytes).
    Removing stm32h7xx_hal_i2c.o(i.HAL_I2C_DeInit), (52 bytes).
    Removing stm32h7xx_hal_i2c.o(i.HAL_I2C_DisableListen_IT), (54 bytes).
    Removing stm32h7xx_hal_i2c.o(i.HAL_I2C_ER_IRQHandler), (104 bytes).
    Removing stm32h7xx_hal_i2c.o(i.HAL_I2C_EV_IRQHandler), (16 bytes).
    Removing stm32h7xx_hal_i2c.o(i.HAL_I2C_EnableListen_IT), (40 bytes).
    Removing stm32h7xx_hal_i2c.o(i.HAL_I2C_ErrorCallback), (2 bytes).
    Removing stm32h7xx_hal_i2c.o(i.HAL_I2C_GetError), (4 bytes).
    Removing stm32h7xx_hal_i2c.o(i.HAL_I2C_GetMode), (6 bytes).
    Removing stm32h7xx_hal_i2c.o(i.HAL_I2C_GetState), (6 bytes).
    Removing stm32h7xx_hal_i2c.o(i.HAL_I2C_Init), (184 bytes).
    Removing stm32h7xx_hal_i2c.o(i.HAL_I2C_IsDeviceReady), (304 bytes).
    Removing stm32h7xx_hal_i2c.o(i.HAL_I2C_ListenCpltCallback), (2 bytes).
    Removing stm32h7xx_hal_i2c.o(i.HAL_I2C_MasterRxCpltCallback), (2 bytes).
    Removing stm32h7xx_hal_i2c.o(i.HAL_I2C_MasterTxCpltCallback), (2 bytes).
    Removing stm32h7xx_hal_i2c.o(i.HAL_I2C_Master_Abort_IT), (96 bytes).
    Removing stm32h7xx_hal_i2c.o(i.HAL_I2C_Master_Receive), (292 bytes).
    Removing stm32h7xx_hal_i2c.o(i.HAL_I2C_Master_Receive_DMA), (300 bytes).
    Removing stm32h7xx_hal_i2c.o(i.HAL_I2C_Master_Receive_IT), (132 bytes).
    Removing stm32h7xx_hal_i2c.o(i.HAL_I2C_Master_Seq_Receive_DMA), (324 bytes).
    Removing stm32h7xx_hal_i2c.o(i.HAL_I2C_Master_Seq_Receive_IT), (160 bytes).
    Removing stm32h7xx_hal_i2c.o(i.HAL_I2C_Master_Seq_Transmit_DMA), (324 bytes).
    Removing stm32h7xx_hal_i2c.o(i.HAL_I2C_Master_Seq_Transmit_IT), (160 bytes).
    Removing stm32h7xx_hal_i2c.o(i.HAL_I2C_Master_Transmit), (292 bytes).
    Removing stm32h7xx_hal_i2c.o(i.HAL_I2C_Master_Transmit_DMA), (308 bytes).
    Removing stm32h7xx_hal_i2c.o(i.HAL_I2C_Master_Transmit_IT), (132 bytes).
    Removing stm32h7xx_hal_i2c.o(i.HAL_I2C_MemRxCpltCallback), (2 bytes).
    Removing stm32h7xx_hal_i2c.o(i.HAL_I2C_MemTxCpltCallback), (2 bytes).
    Removing stm32h7xx_hal_i2c.o(i.HAL_I2C_Mem_Read), (356 bytes).
    Removing stm32h7xx_hal_i2c.o(i.HAL_I2C_Mem_Read_DMA), (304 bytes).
    Removing stm32h7xx_hal_i2c.o(i.HAL_I2C_Mem_Read_IT), (196 bytes).
    Removing stm32h7xx_hal_i2c.o(i.HAL_I2C_Mem_Write), (344 bytes).
    Removing stm32h7xx_hal_i2c.o(i.HAL_I2C_Mem_Write_DMA), (296 bytes).
    Removing stm32h7xx_hal_i2c.o(i.HAL_I2C_Mem_Write_IT), (188 bytes).
    Removing stm32h7xx_hal_i2c.o(i.HAL_I2C_MspDeInit), (2 bytes).
    Removing stm32h7xx_hal_i2c.o(i.HAL_I2C_MspInit), (2 bytes).
    Removing stm32h7xx_hal_i2c.o(i.HAL_I2C_SlaveRxCpltCallback), (2 bytes).
    Removing stm32h7xx_hal_i2c.o(i.HAL_I2C_SlaveTxCpltCallback), (2 bytes).
    Removing stm32h7xx_hal_i2c.o(i.HAL_I2C_Slave_Receive), (296 bytes).
    Removing stm32h7xx_hal_i2c.o(i.HAL_I2C_Slave_Receive_DMA), (228 bytes).
    Removing stm32h7xx_hal_i2c.o(i.HAL_I2C_Slave_Receive_IT), (92 bytes).
    Removing stm32h7xx_hal_i2c.o(i.HAL_I2C_Slave_Seq_Receive_DMA), (356 bytes).
    Removing stm32h7xx_hal_i2c.o(i.HAL_I2C_Slave_Seq_Receive_IT), (196 bytes).
    Removing stm32h7xx_hal_i2c.o(i.HAL_I2C_Slave_Seq_Transmit_DMA), (356 bytes).
    Removing stm32h7xx_hal_i2c.o(i.HAL_I2C_Slave_Seq_Transmit_IT), (196 bytes).
    Removing stm32h7xx_hal_i2c.o(i.HAL_I2C_Slave_Transmit), (304 bytes).
    Removing stm32h7xx_hal_i2c.o(i.HAL_I2C_Slave_Transmit_DMA), (220 bytes).
    Removing stm32h7xx_hal_i2c.o(i.HAL_I2C_Slave_Transmit_IT), (92 bytes).
    Removing stm32h7xx_hal_i2c.o(i.I2C_ConvertOtherXferOptions), (26 bytes).
    Removing stm32h7xx_hal_i2c.o(i.I2C_DMAAbort), (40 bytes).
    Removing stm32h7xx_hal_i2c.o(i.I2C_DMAError), (332 bytes).
    Removing stm32h7xx_hal_i2c.o(i.I2C_DMAMasterReceiveCplt), (78 bytes).
    Removing stm32h7xx_hal_i2c.o(i.I2C_DMAMasterTransmitCplt), (78 bytes).
    Removing stm32h7xx_hal_i2c.o(i.I2C_DMASlaveReceiveCplt), (164 bytes).
    Removing stm32h7xx_hal_i2c.o(i.I2C_DMASlaveTransmitCplt), (30 bytes).
    Removing stm32h7xx_hal_i2c.o(i.I2C_Disable_IRQ), (86 bytes).
    Removing stm32h7xx_hal_i2c.o(i.I2C_Enable_IRQ), (92 bytes).
    Removing stm32h7xx_hal_i2c.o(i.I2C_Flush_TXDR), (34 bytes).
    Removing stm32h7xx_hal_i2c.o(i.I2C_ITAddrCplt), (136 bytes).
    Removing stm32h7xx_hal_i2c.o(i.I2C_ITError), (224 bytes).
    Removing stm32h7xx_hal_i2c.o(i.I2C_ITListenCplt), (100 bytes).
    Removing stm32h7xx_hal_i2c.o(i.I2C_ITMasterCplt), (188 bytes).
    Removing stm32h7xx_hal_i2c.o(i.I2C_ITMasterSeqCplt), (80 bytes).
    Removing stm32h7xx_hal_i2c.o(i.I2C_ITSlaveCplt), (388 bytes).
    Removing stm32h7xx_hal_i2c.o(i.I2C_ITSlaveSeqCplt), (84 bytes).
    Removing stm32h7xx_hal_i2c.o(i.I2C_IsAcknowledgeFailed), (136 bytes).
    Removing stm32h7xx_hal_i2c.o(i.I2C_Master_ISR_DMA), (272 bytes).
    Removing stm32h7xx_hal_i2c.o(i.I2C_Master_ISR_IT), (296 bytes).
    Removing stm32h7xx_hal_i2c.o(i.I2C_RequestMemoryRead), (100 bytes).
    Removing stm32h7xx_hal_i2c.o(i.I2C_RequestMemoryWrite), (100 bytes).
    Removing stm32h7xx_hal_i2c.o(i.I2C_Slave_ISR_DMA), (500 bytes).
    Removing stm32h7xx_hal_i2c.o(i.I2C_Slave_ISR_IT), (292 bytes).
    Removing stm32h7xx_hal_i2c.o(i.I2C_TransferConfig), (44 bytes).
    Removing stm32h7xx_hal_i2c.o(i.I2C_WaitOnFlagUntilTimeout), (90 bytes).
    Removing stm32h7xx_hal_i2c.o(i.I2C_WaitOnRXNEFlagUntilTimeout), (136 bytes).
    Removing stm32h7xx_hal_i2c.o(i.I2C_WaitOnSTOPFlagUntilTimeout), (78 bytes).
    Removing stm32h7xx_hal_i2c.o(i.I2C_WaitOnTXISFlagUntilTimeout), (82 bytes).
    Removing stm32h7xx_hal_i2c_ex.o(.rev16_text), (4 bytes).
    Removing stm32h7xx_hal_i2c_ex.o(.revsh_text), (4 bytes).
    Removing stm32h7xx_hal_i2c_ex.o(.rrx_text), (6 bytes).
    Removing stm32h7xx_hal_i2c_ex.o(i.HAL_I2CEx_ConfigAnalogFilter), (88 bytes).
    Removing stm32h7xx_hal_i2c_ex.o(i.HAL_I2CEx_ConfigDigitalFilter), (84 bytes).
    Removing stm32h7xx_hal_i2c_ex.o(i.HAL_I2CEx_DisableFastModePlus), (40 bytes).
    Removing stm32h7xx_hal_i2c_ex.o(i.HAL_I2CEx_DisableWakeUp), (80 bytes).
    Removing stm32h7xx_hal_i2c_ex.o(i.HAL_I2CEx_EnableFastModePlus), (40 bytes).
    Removing stm32h7xx_hal_i2c_ex.o(i.HAL_I2CEx_EnableWakeUp), (80 bytes).
    Removing stm32h7xx_hal_exti.o(.rev16_text), (4 bytes).
    Removing stm32h7xx_hal_exti.o(.revsh_text), (4 bytes).
    Removing stm32h7xx_hal_exti.o(.rrx_text), (6 bytes).
    Removing stm32h7xx_hal_exti.o(i.HAL_EXTI_ClearConfigLine), (228 bytes).
    Removing stm32h7xx_hal_exti.o(i.HAL_EXTI_ClearPending), (48 bytes).
    Removing stm32h7xx_hal_exti.o(i.HAL_EXTI_GenerateSWI), (28 bytes).
    Removing stm32h7xx_hal_exti.o(i.HAL_EXTI_GetConfigLine), (288 bytes).
    Removing stm32h7xx_hal_exti.o(i.HAL_EXTI_GetHandle), (12 bytes).
    Removing stm32h7xx_hal_exti.o(i.HAL_EXTI_GetPending), (52 bytes).
    Removing stm32h7xx_hal_exti.o(i.HAL_EXTI_IRQHandler), (64 bytes).
    Removing stm32h7xx_hal_exti.o(i.HAL_EXTI_RegisterCallback), (18 bytes).
    Removing stm32h7xx_hal_exti.o(i.HAL_EXTI_SetConfigLine), (316 bytes).
    Removing stm32h7xx_hal_tim.o(.rev16_text), (4 bytes).
    Removing stm32h7xx_hal_tim.o(.revsh_text), (4 bytes).
    Removing stm32h7xx_hal_tim.o(.rrx_text), (6 bytes).
    Removing stm32h7xx_hal_tim_ex.o(.rev16_text), (4 bytes).
    Removing stm32h7xx_hal_tim_ex.o(.revsh_text), (4 bytes).
    Removing stm32h7xx_hal_tim_ex.o(.rrx_text), (6 bytes).
    Removing stm32h7xx_hal_uart.o(.rev16_text), (4 bytes).
    Removing stm32h7xx_hal_uart.o(.revsh_text), (4 bytes).
    Removing stm32h7xx_hal_uart.o(.rrx_text), (6 bytes).
    Removing stm32h7xx_hal_uart.o(i.HAL_HalfDuplex_EnableReceiver), (62 bytes).
    Removing stm32h7xx_hal_uart.o(i.HAL_HalfDuplex_EnableTransmitter), (62 bytes).
    Removing stm32h7xx_hal_uart.o(i.HAL_HalfDuplex_Init), (116 bytes).
    Removing stm32h7xx_hal_uart.o(i.HAL_LIN_Init), (140 bytes).
    Removing stm32h7xx_hal_uart.o(i.HAL_LIN_SendBreak), (50 bytes).
    Removing stm32h7xx_hal_uart.o(i.HAL_MultiProcessor_DisableMuteMode), (44 bytes).
    Removing stm32h7xx_hal_uart.o(i.HAL_MultiProcessor_EnableMuteMode), (44 bytes).
    Removing stm32h7xx_hal_uart.o(i.HAL_MultiProcessor_EnterMuteMode), (12 bytes).
    Removing stm32h7xx_hal_uart.o(i.HAL_MultiProcessor_Init), (138 bytes).
    Removing stm32h7xx_hal_uart.o(i.HAL_UART_Abort), (184 bytes).
    Removing stm32h7xx_hal_uart.o(i.HAL_UART_AbortCpltCallback), (2 bytes).
    Removing stm32h7xx_hal_uart.o(i.HAL_UART_AbortReceive), (112 bytes).
    Removing stm32h7xx_hal_uart.o(i.HAL_UART_AbortReceiveCpltCallback), (2 bytes).
    Removing stm32h7xx_hal_uart.o(i.HAL_UART_AbortReceive_IT), (124 bytes).
    Removing stm32h7xx_hal_uart.o(i.HAL_UART_AbortTransmit), (110 bytes).
    Removing stm32h7xx_hal_uart.o(i.HAL_UART_AbortTransmitCpltCallback), (2 bytes).
    Removing stm32h7xx_hal_uart.o(i.HAL_UART_AbortTransmit_IT), (120 bytes).
    Removing stm32h7xx_hal_uart.o(i.HAL_UART_Abort_IT), (220 bytes).
    Removing stm32h7xx_hal_uart.o(i.HAL_UART_DMAPause), (100 bytes).
    Removing stm32h7xx_hal_uart.o(i.HAL_UART_DMAResume), (92 bytes).
    Removing stm32h7xx_hal_uart.o(i.HAL_UART_DMAStop), (118 bytes).
    Removing stm32h7xx_hal_uart.o(i.HAL_UART_DeInit), (66 bytes).
    Removing stm32h7xx_hal_uart.o(i.HAL_UART_DisableReceiverTimeout), (76 bytes).
    Removing stm32h7xx_hal_uart.o(i.HAL_UART_EnableReceiverTimeout), (76 bytes).
    Removing stm32h7xx_hal_uart.o(i.HAL_UART_GetError), (6 bytes).
    Removing stm32h7xx_hal_uart.o(i.HAL_UART_GetState), (14 bytes).
    Removing stm32h7xx_hal_uart.o(i.HAL_UART_MspDeInit), (2 bytes).
    Removing stm32h7xx_hal_uart.o(i.HAL_UART_MspInit), (2 bytes).
    Removing stm32h7xx_hal_uart.o(i.HAL_UART_Receive_DMA), (164 bytes).
    Removing stm32h7xx_hal_uart.o(i.HAL_UART_Receive_IT), (248 bytes).
    Removing stm32h7xx_hal_uart.o(i.HAL_UART_ReceiverTimeout_Config), (24 bytes).
    Removing stm32h7xx_hal_uart.o(i.HAL_UART_RxCpltCallback), (2 bytes).
    Removing stm32h7xx_hal_uart.o(i.HAL_UART_RxHalfCpltCallback), (2 bytes).
    Removing stm32h7xx_hal_uart.o(i.HAL_UART_Transmit_DMA), (156 bytes).
    Removing stm32h7xx_hal_uart.o(i.HAL_UART_Transmit_IT), (156 bytes).
    Removing stm32h7xx_hal_uart.o(i.HAL_UART_TxHalfCpltCallback), (2 bytes).
    Removing stm32h7xx_hal_uart.o(i.UART_DMAError), (78 bytes).
    Removing stm32h7xx_hal_uart.o(i.UART_DMAReceiveCplt), (60 bytes).
    Removing stm32h7xx_hal_uart.o(i.UART_DMARxAbortCallback), (64 bytes).
    Removing stm32h7xx_hal_uart.o(i.UART_DMARxHalfCplt), (10 bytes).
    Removing stm32h7xx_hal_uart.o(i.UART_DMARxOnlyAbortCallback), (38 bytes).
    Removing stm32h7xx_hal_uart.o(i.UART_DMATransmitCplt), (46 bytes).
    Removing stm32h7xx_hal_uart.o(i.UART_DMATxAbortCallback), (72 bytes).
    Removing stm32h7xx_hal_uart.o(i.UART_DMATxHalfCplt), (10 bytes).
    Removing stm32h7xx_hal_uart.o(i.UART_DMATxOnlyAbortCallback), (40 bytes).
    Removing stm32h7xx_hal_uart.o(i.UART_EndTxTransfer), (28 bytes).
    Removing stm32h7xx_hal_uart.o(i.UART_RxISR_16BIT), (94 bytes).
    Removing stm32h7xx_hal_uart.o(i.UART_RxISR_16BIT_FIFOEN), (164 bytes).
    Removing stm32h7xx_hal_uart.o(i.UART_RxISR_8BIT), (94 bytes).
    Removing stm32h7xx_hal_uart.o(i.UART_RxISR_8BIT_FIFOEN), (164 bytes).
    Removing stm32h7xx_hal_uart.o(i.UART_TxISR_16BIT), (66 bytes).
    Removing stm32h7xx_hal_uart.o(i.UART_TxISR_16BIT_FIFOEN), (88 bytes).
    Removing stm32h7xx_hal_uart.o(i.UART_TxISR_8BIT), (62 bytes).
    Removing stm32h7xx_hal_uart.o(i.UART_TxISR_8BIT_FIFOEN), (84 bytes).
    Removing stm32h7xx_hal_uart_ex.o(.rev16_text), (4 bytes).
    Removing stm32h7xx_hal_uart_ex.o(.revsh_text), (4 bytes).
    Removing stm32h7xx_hal_uart_ex.o(.rrx_text), (6 bytes).
    Removing stm32h7xx_hal_uart_ex.o(i.HAL_MultiProcessorEx_AddressLength_Set), (48 bytes).
    Removing stm32h7xx_hal_uart_ex.o(i.HAL_RS485Ex_Init), (140 bytes).
    Removing stm32h7xx_hal_uart_ex.o(i.HAL_UARTEx_DisableStopMode), (38 bytes).
    Removing stm32h7xx_hal_uart_ex.o(i.HAL_UARTEx_EnableFifoMode), (72 bytes).
    Removing stm32h7xx_hal_uart_ex.o(i.HAL_UARTEx_EnableStopMode), (38 bytes).
    Removing stm32h7xx_hal_uart_ex.o(i.HAL_UARTEx_StopModeWakeUpSourceConfig), (140 bytes).
    Removing system_stm32h7xx_dualcore_boot_cm4_cm7.o(.rev16_text), (4 bytes).
    Removing system_stm32h7xx_dualcore_boot_cm4_cm7.o(.revsh_text), (4 bytes).
    Removing system_stm32h7xx_dualcore_boot_cm4_cm7.o(.rrx_text), (6 bytes).
    Removing system_stm32h7xx_dualcore_boot_cm4_cm7.o(i.SystemCoreClockUpdate), (336 bytes).

525 unused section(s) (total 42482 bytes) removed from the image.

==============================================================================

Image Symbol Table

    Local Symbols

    Symbol Name                              Value     Ov Type        Size  Object(Section)

    ../CM7/Src/main.c                        0x00000000   Number         0  main_1.o ABSOLUTE
    ../CM7/Src/stm32h7xx_hal_msp.c           0x00000000   Number         0  stm32h7xx_hal_msp_1.o ABSOLUTE
    ../CM7/Src/stm32h7xx_it.c                0x00000000   Number         0  stm32h7xx_it_1.o ABSOLUTE
    ../Common/Src/system_stm32h7xx_dualcore_boot_cm4_cm7.c 0x00000000   Number         0  system_stm32h7xx_dualcore_boot_cm4_cm7.o ABSOLUTE
    ../Drivers/STM32H7xx_HAL_Driver/Src/stm32h7xx_hal.c 0x00000000   Number         0  stm32h7xx_hal.o ABSOLUTE
    ../Drivers/STM32H7xx_HAL_Driver/Src/stm32h7xx_hal_cortex.c 0x00000000   Number         0  stm32h7xx_hal_cortex.o ABSOLUTE
    ../Drivers/STM32H7xx_HAL_Driver/Src/stm32h7xx_hal_dma.c 0x00000000   Number         0  stm32h7xx_hal_dma.o ABSOLUTE
    ../Drivers/STM32H7xx_HAL_Driver/Src/stm32h7xx_hal_dma_ex.c 0x00000000   Number         0  stm32h7xx_hal_dma_ex.o ABSOLUTE
    ../Drivers/STM32H7xx_HAL_Driver/Src/stm32h7xx_hal_exti.c 0x00000000   Number         0  stm32h7xx_hal_exti.o ABSOLUTE
    ../Drivers/STM32H7xx_HAL_Driver/Src/stm32h7xx_hal_flash.c 0x00000000   Number         0  stm32h7xx_hal_flash.o ABSOLUTE
    ../Drivers/STM32H7xx_HAL_Driver/Src/stm32h7xx_hal_flash_ex.c 0x00000000   Number         0  stm32h7xx_hal_flash_ex.o ABSOLUTE
    ../Drivers/STM32H7xx_HAL_Driver/Src/stm32h7xx_hal_gpio.c 0x00000000   Number         0  stm32h7xx_hal_gpio.o ABSOLUTE
    ../Drivers/STM32H7xx_HAL_Driver/Src/stm32h7xx_hal_hsem.c 0x00000000   Number         0  stm32h7xx_hal_hsem.o ABSOLUTE
    ../Drivers/STM32H7xx_HAL_Driver/Src/stm32h7xx_hal_i2c.c 0x00000000   Number         0  stm32h7xx_hal_i2c.o ABSOLUTE
    ../Drivers/STM32H7xx_HAL_Driver/Src/stm32h7xx_hal_i2c_ex.c 0x00000000   Number         0  stm32h7xx_hal_i2c_ex.o ABSOLUTE
    ../Drivers/STM32H7xx_HAL_Driver/Src/stm32h7xx_hal_mdma.c 0x00000000   Number         0  stm32h7xx_hal_mdma.o ABSOLUTE
    ../Drivers/STM32H7xx_HAL_Driver/Src/stm32h7xx_hal_pwr.c 0x00000000   Number         0  stm32h7xx_hal_pwr.o ABSOLUTE
    ../Drivers/STM32H7xx_HAL_Driver/Src/stm32h7xx_hal_pwr_ex.c 0x00000000   Number         0  stm32h7xx_hal_pwr_ex.o ABSOLUTE
    ../Drivers/STM32H7xx_HAL_Driver/Src/stm32h7xx_hal_rcc.c 0x00000000   Number         0  stm32h7xx_hal_rcc.o ABSOLUTE
    ../Drivers/STM32H7xx_HAL_Driver/Src/stm32h7xx_hal_rcc_ex.c 0x00000000   Number         0  stm32h7xx_hal_rcc_ex.o ABSOLUTE
    ../Drivers/STM32H7xx_HAL_Driver/Src/stm32h7xx_hal_rtc.c 0x00000000   Number         0  stm32h7xx_hal_rtc.o ABSOLUTE
    ../Drivers/STM32H7xx_HAL_Driver/Src/stm32h7xx_hal_rtc_ex.c 0x00000000   Number         0  stm32h7xx_hal_rtc_ex.o ABSOLUTE
    ../Drivers/STM32H7xx_HAL_Driver/Src/stm32h7xx_hal_tim.c 0x00000000   Number         0  stm32h7xx_hal_tim.o ABSOLUTE
    ../Drivers/STM32H7xx_HAL_Driver/Src/stm32h7xx_hal_tim_ex.c 0x00000000   Number         0  stm32h7xx_hal_tim_ex.o ABSOLUTE
    ../Drivers/STM32H7xx_HAL_Driver/Src/stm32h7xx_hal_uart.c 0x00000000   Number         0  stm32h7xx_hal_uart.o ABSOLUTE
    ../Drivers/STM32H7xx_HAL_Driver/Src/stm32h7xx_hal_uart_ex.c 0x00000000   Number         0  stm32h7xx_hal_uart_ex.o ABSOLUTE
    ../clib/microlib/division.c              0x00000000   Number         0  uldiv.o ABSOLUTE
    ../clib/microlib/init/entry.s            0x00000000   Number         0  entry9b.o ABSOLUTE
    ../clib/microlib/init/entry.s            0x00000000   Number         0  entry9a.o ABSOLUTE
    ../clib/microlib/init/entry.s            0x00000000   Number         0  entry8b.o ABSOLUTE
    ../clib/microlib/init/entry.s            0x00000000   Number         0  entry8a.o ABSOLUTE
    ../clib/microlib/init/entry.s            0x00000000   Number         0  entry11b.o ABSOLUTE
    ../clib/microlib/init/entry.s            0x00000000   Number         0  entry7b.o ABSOLUTE
    ../clib/microlib/init/entry.s            0x00000000   Number         0  entry11a.o ABSOLUTE
    ../clib/microlib/init/entry.s            0x00000000   Number         0  entry2.o ABSOLUTE
    ../clib/microlib/init/entry.s            0x00000000   Number         0  entry10a.o ABSOLUTE
    ../clib/microlib/init/entry.s            0x00000000   Number         0  entry7a.o ABSOLUTE
    ../clib/microlib/init/entry.s            0x00000000   Number         0  entry10b.o ABSOLUTE
    ../clib/microlib/init/entry.s            0x00000000   Number         0  entry5.o ABSOLUTE
    ../clib/microlib/init/entry.s            0x00000000   Number         0  entry.o ABSOLUTE
    ../clib/microlib/longlong.c              0x00000000   Number         0  llushr.o ABSOLUTE
    ../clib/microlib/longlong.c              0x00000000   Number         0  llshl.o ABSOLUTE
    ../clib/microlib/string/memset.c         0x00000000   Number         0  memseta.o ABSOLUTE
    ..\CM7\Src\main.c                        0x00000000   Number         0  main_1.o ABSOLUTE
    ..\CM7\Src\stm32h7xx_hal_msp.c           0x00000000   Number         0  stm32h7xx_hal_msp_1.o ABSOLUTE
    ..\CM7\Src\stm32h7xx_it.c                0x00000000   Number         0  stm32h7xx_it_1.o ABSOLUTE
    ..\Common\Src\system_stm32h7xx_dualcore_boot_cm4_cm7.c 0x00000000   Number         0  system_stm32h7xx_dualcore_boot_cm4_cm7.o ABSOLUTE
    ..\Drivers\STM32H7xx_HAL_Driver\Src\stm32h7xx_hal.c 0x00000000   Number         0  stm32h7xx_hal.o ABSOLUTE
    ..\Drivers\STM32H7xx_HAL_Driver\Src\stm32h7xx_hal_cortex.c 0x00000000   Number         0  stm32h7xx_hal_cortex.o ABSOLUTE
    ..\Drivers\STM32H7xx_HAL_Driver\Src\stm32h7xx_hal_dma.c 0x00000000   Number         0  stm32h7xx_hal_dma.o ABSOLUTE
    ..\Drivers\STM32H7xx_HAL_Driver\Src\stm32h7xx_hal_dma_ex.c 0x00000000   Number         0  stm32h7xx_hal_dma_ex.o ABSOLUTE
    ..\Drivers\STM32H7xx_HAL_Driver\Src\stm32h7xx_hal_exti.c 0x00000000   Number         0  stm32h7xx_hal_exti.o ABSOLUTE
    ..\Drivers\STM32H7xx_HAL_Driver\Src\stm32h7xx_hal_flash.c 0x00000000   Number         0  stm32h7xx_hal_flash.o ABSOLUTE
    ..\Drivers\STM32H7xx_HAL_Driver\Src\stm32h7xx_hal_flash_ex.c 0x00000000   Number         0  stm32h7xx_hal_flash_ex.o ABSOLUTE
    ..\Drivers\STM32H7xx_HAL_Driver\Src\stm32h7xx_hal_gpio.c 0x00000000   Number         0  stm32h7xx_hal_gpio.o ABSOLUTE
    ..\Drivers\STM32H7xx_HAL_Driver\Src\stm32h7xx_hal_hsem.c 0x00000000   Number         0  stm32h7xx_hal_hsem.o ABSOLUTE
    ..\Drivers\STM32H7xx_HAL_Driver\Src\stm32h7xx_hal_i2c.c 0x00000000   Number         0  stm32h7xx_hal_i2c.o ABSOLUTE
    ..\Drivers\STM32H7xx_HAL_Driver\Src\stm32h7xx_hal_i2c_ex.c 0x00000000   Number         0  stm32h7xx_hal_i2c_ex.o ABSOLUTE
    ..\Drivers\STM32H7xx_HAL_Driver\Src\stm32h7xx_hal_mdma.c 0x00000000   Number         0  stm32h7xx_hal_mdma.o ABSOLUTE
    ..\Drivers\STM32H7xx_HAL_Driver\Src\stm32h7xx_hal_pwr.c 0x00000000   Number         0  stm32h7xx_hal_pwr.o ABSOLUTE
    ..\Drivers\STM32H7xx_HAL_Driver\Src\stm32h7xx_hal_pwr_ex.c 0x00000000   Number         0  stm32h7xx_hal_pwr_ex.o ABSOLUTE
    ..\Drivers\STM32H7xx_HAL_Driver\Src\stm32h7xx_hal_rcc.c 0x00000000   Number         0  stm32h7xx_hal_rcc.o ABSOLUTE
    ..\Drivers\STM32H7xx_HAL_Driver\Src\stm32h7xx_hal_rcc_ex.c 0x00000000   Number         0  stm32h7xx_hal_rcc_ex.o ABSOLUTE
    ..\Drivers\STM32H7xx_HAL_Driver\Src\stm32h7xx_hal_rtc.c 0x00000000   Number         0  stm32h7xx_hal_rtc.o ABSOLUTE
    ..\Drivers\STM32H7xx_HAL_Driver\Src\stm32h7xx_hal_rtc_ex.c 0x00000000   Number         0  stm32h7xx_hal_rtc_ex.o ABSOLUTE
    ..\Drivers\STM32H7xx_HAL_Driver\Src\stm32h7xx_hal_tim.c 0x00000000   Number         0  stm32h7xx_hal_tim.o ABSOLUTE
    ..\Drivers\STM32H7xx_HAL_Driver\Src\stm32h7xx_hal_tim_ex.c 0x00000000   Number         0  stm32h7xx_hal_tim_ex.o ABSOLUTE
    ..\Drivers\STM32H7xx_HAL_Driver\Src\stm32h7xx_hal_uart.c 0x00000000   Number         0  stm32h7xx_hal_uart.o ABSOLUTE
    ..\Drivers\STM32H7xx_HAL_Driver\Src\stm32h7xx_hal_uart_ex.c 0x00000000   Number         0  stm32h7xx_hal_uart_ex.o ABSOLUTE
    dc.s                                     0x00000000   Number         0  dc.o ABSOLUTE
    handlers.s                               0x00000000   Number         0  handlers.o ABSOLUTE
    init.s                                   0x00000000   Number         0  init.o ABSOLUTE
    startup_stm32h755xx_CM7.s                0x00000000   Number         0  startup_stm32h755xx_cm7.o ABSOLUTE
    RESET                                    0x08000000   Section      664  startup_stm32h755xx_cm7.o(RESET)
    .ARM.Collect$$$$00000000                 0x08000298   Section        0  entry.o(.ARM.Collect$$$$00000000)
    .ARM.Collect$$$$00000001                 0x08000298   Section        4  entry2.o(.ARM.Collect$$$$00000001)
    .ARM.Collect$$$$00000004                 0x0800029c   Section        4  entry5.o(.ARM.Collect$$$$00000004)
    .ARM.Collect$$$$00000008                 0x080002a0   Section        0  entry7b.o(.ARM.Collect$$$$00000008)
    .ARM.Collect$$$$0000000A                 0x080002a0   Section        0  entry8b.o(.ARM.Collect$$$$0000000A)
    .ARM.Collect$$$$0000000B                 0x080002a0   Section        8  entry9a.o(.ARM.Collect$$$$0000000B)
    .ARM.Collect$$$$0000000D                 0x080002a8   Section        0  entry10a.o(.ARM.Collect$$$$0000000D)
    .ARM.Collect$$$$0000000F                 0x080002a8   Section        0  entry11a.o(.ARM.Collect$$$$0000000F)
    .ARM.Collect$$$$00002712                 0x080002a8   Section        4  entry2.o(.ARM.Collect$$$$00002712)
    __lit__00000000                          0x080002a8   Data           4  entry2.o(.ARM.Collect$$$$00002712)
    .text                                    0x080002ac   Section       36  startup_stm32h755xx_cm7.o(.text)
    $v0                                      0x080002ac   Number         0  startup_stm32h755xx_cm7.o(.text)
    .text                                    0x080002d0   Section        0  uldiv.o(.text)
    .text                                    0x08000332   Section        0  memseta.o(.text)
    .text                                    0x08000356   Section        0  llshl.o(.text)
    .text                                    0x08000374   Section        0  llushr.o(.text)
    .text                                    0x08000394   Section       36  init.o(.text)
    i.BusFault_Handler                       0x080003b8   Section        0  stm32h7xx_it_1.o(i.BusFault_Handler)
    i.DMA1_Stream0_IRQHandler                0x080003bc   Section        0  stm32h7xx_it_1.o(i.DMA1_Stream0_IRQHandler)
    i.DMA_CalcBaseAndBitshift                0x080003c8   Section        0  stm32h7xx_hal_dma.o(i.DMA_CalcBaseAndBitshift)
    DMA_CalcBaseAndBitshift                  0x080003c9   Thumb Code   168  stm32h7xx_hal_dma.o(i.DMA_CalcBaseAndBitshift)
    i.DMA_CalcDMAMUXChannelBaseAndMask       0x0800047c   Section        0  stm32h7xx_hal_dma.o(i.DMA_CalcDMAMUXChannelBaseAndMask)
    DMA_CalcDMAMUXChannelBaseAndMask         0x0800047d   Thumb Code   138  stm32h7xx_hal_dma.o(i.DMA_CalcDMAMUXChannelBaseAndMask)
    i.DMA_CalcDMAMUXRequestGenBaseAndMask    0x08000518   Section        0  stm32h7xx_hal_dma.o(i.DMA_CalcDMAMUXRequestGenBaseAndMask)
    DMA_CalcDMAMUXRequestGenBaseAndMask      0x08000519   Thumb Code   104  stm32h7xx_hal_dma.o(i.DMA_CalcDMAMUXRequestGenBaseAndMask)
    i.DMA_CheckFifoParam                     0x0800058c   Section        0  stm32h7xx_hal_dma.o(i.DMA_CheckFifoParam)
    DMA_CheckFifoParam                       0x0800058d   Thumb Code    84  stm32h7xx_hal_dma.o(i.DMA_CheckFifoParam)
    i.DebugMon_Handler                       0x080005e0   Section        0  stm32h7xx_it_1.o(i.DebugMon_Handler)
    i.Error_Handler                          0x080005e2   Section        0  main_1.o(i.Error_Handler)
    i.HAL_DMA_Abort_IT                       0x080005e4   Section        0  stm32h7xx_hal_dma.o(i.HAL_DMA_Abort_IT)
    i.HAL_DMA_IRQHandler                     0x080007b0   Section        0  stm32h7xx_hal_dma.o(i.HAL_DMA_IRQHandler)
    i.HAL_DMA_Init                           0x08000ea0   Section        0  stm32h7xx_hal_dma.o(i.HAL_DMA_Init)
    i.HAL_Delay                              0x08001174   Section        0  stm32h7xx_hal.o(i.HAL_Delay)
    i.HAL_GPIO_Init                          0x08001198   Section        0  stm32h7xx_hal_gpio.o(i.HAL_GPIO_Init)
    i.HAL_GPIO_ReadPin                       0x08001394   Section        0  stm32h7xx_hal_gpio.o(i.HAL_GPIO_ReadPin)
    i.HAL_GPIO_WritePin                      0x0800139e   Section        0  stm32h7xx_hal_gpio.o(i.HAL_GPIO_WritePin)
    i.HAL_GetCurrentCPUID                    0x080013a8   Section        0  stm32h7xx_hal_cortex.o(i.HAL_GetCurrentCPUID)
    i.HAL_GetREVID                           0x080013c0   Section        0  stm32h7xx_hal.o(i.HAL_GetREVID)
    i.HAL_GetTick                            0x080013cc   Section        0  stm32h7xx_hal.o(i.HAL_GetTick)
    i.HAL_HSEM_FastTake                      0x080013d8   Section        0  stm32h7xx_hal_hsem.o(i.HAL_HSEM_FastTake)
    i.HAL_HSEM_Release                       0x080013f8   Section        0  stm32h7xx_hal_hsem.o(i.HAL_HSEM_Release)
    i.HAL_IncTick                            0x0800140c   Section        0  stm32h7xx_hal.o(i.HAL_IncTick)
    i.HAL_Init                               0x0800141c   Section        0  stm32h7xx_hal.o(i.HAL_Init)
    i.HAL_InitTick                           0x08001474   Section        0  stm32h7xx_hal.o(i.HAL_InitTick)
    i.HAL_MspInit                            0x080014d0   Section        0  stm32h7xx_hal_msp_1.o(i.HAL_MspInit)
    i.HAL_NVIC_EnableIRQ                     0x080014ec   Section        0  stm32h7xx_hal_cortex.o(i.HAL_NVIC_EnableIRQ)
    i.HAL_NVIC_SetPriority                   0x08001508   Section        0  stm32h7xx_hal_cortex.o(i.HAL_NVIC_SetPriority)
    i.HAL_NVIC_SetPriorityGrouping           0x08001548   Section        0  stm32h7xx_hal_cortex.o(i.HAL_NVIC_SetPriorityGrouping)
    i.HAL_PWREx_ConfigSupply                 0x0800156c   Section        0  stm32h7xx_hal_pwr_ex.o(i.HAL_PWREx_ConfigSupply)
    i.HAL_PWR_EnableBkUpAccess               0x080015f0   Section        0  stm32h7xx_hal_pwr.o(i.HAL_PWR_EnableBkUpAccess)
    i.HAL_RCCEx_GetD1SysClockFreq            0x08001600   Section        0  stm32h7xx_hal_rcc_ex.o(i.HAL_RCCEx_GetD1SysClockFreq)
    i.HAL_RCCEx_GetD3PCLK1Freq               0x0800162c   Section        0  stm32h7xx_hal_rcc_ex.o(i.HAL_RCCEx_GetD3PCLK1Freq)
    i.HAL_RCCEx_GetPLL2ClockFreq             0x08001650   Section        0  stm32h7xx_hal_rcc_ex.o(i.HAL_RCCEx_GetPLL2ClockFreq)
    i.HAL_RCCEx_GetPLL3ClockFreq             0x08001794   Section        0  stm32h7xx_hal_rcc_ex.o(i.HAL_RCCEx_GetPLL3ClockFreq)
    i.HAL_RCCEx_PeriphCLKConfig              0x080018d8   Section        0  stm32h7xx_hal_rcc_ex.o(i.HAL_RCCEx_PeriphCLKConfig)
    i.HAL_RCC_ClockConfig                    0x08002190   Section        0  stm32h7xx_hal_rcc.o(i.HAL_RCC_ClockConfig)
    i.HAL_RCC_GetHCLKFreq                    0x080023d4   Section        0  stm32h7xx_hal_rcc.o(i.HAL_RCC_GetHCLKFreq)
    i.HAL_RCC_GetPCLK1Freq                   0x08002400   Section        0  stm32h7xx_hal_rcc.o(i.HAL_RCC_GetPCLK1Freq)
    i.HAL_RCC_GetPCLK2Freq                   0x08002424   Section        0  stm32h7xx_hal_rcc.o(i.HAL_RCC_GetPCLK2Freq)
    i.HAL_RCC_GetSysClockFreq                0x08002448   Section        0  stm32h7xx_hal_rcc.o(i.HAL_RCC_GetSysClockFreq)
    i.HAL_RCC_OscConfig                      0x08002580   Section        0  stm32h7xx_hal_rcc.o(i.HAL_RCC_OscConfig)
    i.HAL_RTC_GetDate                        0x08002a38   Section        0  stm32h7xx_hal_rtc.o(i.HAL_RTC_GetDate)
    i.HAL_RTC_GetTime                        0x08002a80   Section        0  stm32h7xx_hal_rtc.o(i.HAL_RTC_GetTime)
    i.HAL_RTC_Init                           0x08002ad8   Section        0  stm32h7xx_hal_rtc.o(i.HAL_RTC_Init)
    i.HAL_RTC_MspInit                        0x08002b8c   Section        0  stm32h7xx_hal_msp_1.o(i.HAL_RTC_MspInit)
    i.HAL_RTC_SetDate                        0x08002ba8   Section        0  stm32h7xx_hal_rtc.o(i.HAL_RTC_SetDate)
    i.HAL_RTC_SetTime                        0x08002c7c   Section        0  stm32h7xx_hal_rtc.o(i.HAL_RTC_SetTime)
    i.HAL_RTC_WaitForSynchro                 0x08002d70   Section        0  stm32h7xx_hal_rtc.o(i.HAL_RTC_WaitForSynchro)
    i.HAL_SYSTICK_Config                     0x08002da6   Section        0  stm32h7xx_hal_cortex.o(i.HAL_SYSTICK_Config)
    i.HAL_UARTEx_DisableFifoMode             0x08002dcc   Section        0  stm32h7xx_hal_uart_ex.o(i.HAL_UARTEx_DisableFifoMode)
    i.HAL_UARTEx_RxFifoFullCallback          0x08002e0c   Section        0  stm32h7xx_hal_uart_ex.o(i.HAL_UARTEx_RxFifoFullCallback)
    i.HAL_UARTEx_SetRxFifoThreshold          0x08002e0e   Section        0  stm32h7xx_hal_uart_ex.o(i.HAL_UARTEx_SetRxFifoThreshold)
    i.HAL_UARTEx_SetTxFifoThreshold          0x08002e5a   Section        0  stm32h7xx_hal_uart_ex.o(i.HAL_UARTEx_SetTxFifoThreshold)
    i.HAL_UARTEx_TxFifoEmptyCallback         0x08002ea6   Section        0  stm32h7xx_hal_uart_ex.o(i.HAL_UARTEx_TxFifoEmptyCallback)
    i.HAL_UARTEx_WakeupCallback              0x08002ea8   Section        0  stm32h7xx_hal_uart_ex.o(i.HAL_UARTEx_WakeupCallback)
    i.HAL_UART_ErrorCallback                 0x08002eaa   Section        0  stm32h7xx_hal_uart.o(i.HAL_UART_ErrorCallback)
    i.HAL_UART_IRQHandler                    0x08002eac   Section        0  stm32h7xx_hal_uart.o(i.HAL_UART_IRQHandler)
    i.HAL_UART_Init                          0x0800306c   Section        0  stm32h7xx_hal_uart.o(i.HAL_UART_Init)
    i.HAL_UART_MspInit                       0x080030d8   Section        0  stm32h7xx_hal_msp_1.o(i.HAL_UART_MspInit)
    i.HAL_UART_Receive                       0x080031cc   Section        0  stm32h7xx_hal_uart.o(i.HAL_UART_Receive)
    i.HAL_UART_Transmit                      0x080032c4   Section        0  stm32h7xx_hal_uart.o(i.HAL_UART_Transmit)
    i.HAL_UART_TxCpltCallback                0x08003382   Section        0  stm32h7xx_hal_uart.o(i.HAL_UART_TxCpltCallback)
    i.HardFault_Handler                      0x08003384   Section        0  stm32h7xx_it_1.o(i.HardFault_Handler)
    i.MX_GPIO_Init                           0x08003388   Section        0  main_1.o(i.MX_GPIO_Init)
    MX_GPIO_Init                             0x08003389   Thumb Code    86  main_1.o(i.MX_GPIO_Init)
    i.MX_RTC_Init                            0x080033e4   Section        0  main_1.o(i.MX_RTC_Init)
    i.MX_UART4_Init                          0x0800345c   Section        0  main_1.o(i.MX_UART4_Init)
    i.MX_USART3_UART_Init                    0x080034a8   Section        0  main_1.o(i.MX_USART3_UART_Init)
    i.MemManage_Handler                      0x080034f4   Section        0  stm32h7xx_it_1.o(i.MemManage_Handler)
    i.NMEATimeToInt                          0x080034f6   Section        0  main_1.o(i.NMEATimeToInt)
    i.NMI_Handler                            0x0800350c   Section        0  stm32h7xx_it_1.o(i.NMI_Handler)
    i.PendSV_Handler                         0x0800350e   Section        0  stm32h7xx_it_1.o(i.PendSV_Handler)
    i.RCCEx_PLL2_Config                      0x08003510   Section        0  stm32h7xx_hal_rcc_ex.o(i.RCCEx_PLL2_Config)
    RCCEx_PLL2_Config                        0x08003511   Thumb Code   284  stm32h7xx_hal_rcc_ex.o(i.RCCEx_PLL2_Config)
    i.RCCEx_PLL3_Config                      0x08003630   Section        0  stm32h7xx_hal_rcc_ex.o(i.RCCEx_PLL3_Config)
    RCCEx_PLL3_Config                        0x08003631   Thumb Code   284  stm32h7xx_hal_rcc_ex.o(i.RCCEx_PLL3_Config)
    i.RTC_Bcd2ToByte                         0x08003750   Section        0  stm32h7xx_hal_rtc.o(i.RTC_Bcd2ToByte)
    i.RTC_ByteToBcd2                         0x08003762   Section        0  stm32h7xx_hal_rtc.o(i.RTC_ByteToBcd2)
    i.RTC_EnterInitMode                      0x0800377c   Section        0  stm32h7xx_hal_rtc.o(i.RTC_EnterInitMode)
    i.SVC_Handler                            0x080037b6   Section        0  stm32h7xx_it_1.o(i.SVC_Handler)
    i.SysTick_Handler                        0x080037b8   Section        0  stm32h7xx_it_1.o(i.SysTick_Handler)
    i.SystemClock_Config                     0x080037bc   Section        0  main_1.o(i.SystemClock_Config)
    i.SystemInit                             0x08003888   Section        0  system_stm32h7xx_dualcore_boot_cm4_cm7.o(i.SystemInit)
    i.TM1637_Ask                             0x08003940   Section        0  main_1.o(i.TM1637_Ask)
    i.TM1637_ConvertDecToSegment             0x08003980   Section        0  main_1.o(i.TM1637_ConvertDecToSegment)
    i.TM1637_Init                            0x08003998   Section        0  main_1.o(i.TM1637_Init)
    i.TM1637_PinsToIn                        0x080039b2   Section        0  main_1.o(i.TM1637_PinsToIn)
    i.TM1637_PinsToOut                       0x080039d4   Section        0  main_1.o(i.TM1637_PinsToOut)
    i.TM1637_Start                           0x080039f6   Section        0  main_1.o(i.TM1637_Start)
    i.TM1637_Stop                            0x08003a1c   Section        0  main_1.o(i.TM1637_Stop)
    i.TM1637_WriteByte                       0x08003a4c   Section        0  main_1.o(i.TM1637_WriteByte)
    i.TM1637_WriteDigits                     0x08003a86   Section        0  main_1.o(i.TM1637_WriteDigits)
    i.TM1637_WriteTime                       0x08003af0   Section        0  main_1.o(i.TM1637_WriteTime)
    i.TM1637_setBrightness                   0x08003b28   Section        0  main_1.o(i.TM1637_setBrightness)
    i.UART4_IRQHandler                       0x08003b4c   Section        0  stm32h7xx_it_1.o(i.UART4_IRQHandler)
    i.UARTEx_SetNbDataToProcess              0x08003b9c   Section        0  stm32h7xx_hal_uart_ex.o(i.UARTEx_SetNbDataToProcess)
    UARTEx_SetNbDataToProcess                0x08003b9d   Thumb Code    82  stm32h7xx_hal_uart_ex.o(i.UARTEx_SetNbDataToProcess)
    i.UART_AdvFeatureConfig                  0x08003c00   Section        0  stm32h7xx_hal_uart.o(i.UART_AdvFeatureConfig)
    i.UART_CheckIdleState                    0x08003cc8   Section        0  stm32h7xx_hal_uart.o(i.UART_CheckIdleState)
    i.UART_DMAAbortOnError                   0x08003d26   Section        0  stm32h7xx_hal_uart.o(i.UART_DMAAbortOnError)
    UART_DMAAbortOnError                     0x08003d27   Thumb Code    20  stm32h7xx_hal_uart.o(i.UART_DMAAbortOnError)
    i.UART_EndRxTransfer                     0x08003d3c   Section        0  stm32h7xx_hal_uart.o(i.UART_EndRxTransfer)
    UART_EndRxTransfer                       0x08003d3d   Thumb Code    34  stm32h7xx_hal_uart.o(i.UART_EndRxTransfer)
    i.UART_SetConfig                         0x08003d64   Section        0  stm32h7xx_hal_uart.o(i.UART_SetConfig)
    i.UART_WaitOnFlagUntilTimeout            0x08004974   Section        0  stm32h7xx_hal_uart.o(i.UART_WaitOnFlagUntilTimeout)
    i.UsageFault_Handler                     0x08004a18   Section        0  stm32h7xx_it_1.o(i.UsageFault_Handler)
    i.__NVIC_SetPriority                     0x08004a1a   Section        0  stm32h7xx_hal_cortex.o(i.__NVIC_SetPriority)
    __NVIC_SetPriority                       0x08004a1b   Thumb Code    34  stm32h7xx_hal_cortex.o(i.__NVIC_SetPriority)
    i.__scatterload_copy                     0x08004a3c   Section       14  handlers.o(i.__scatterload_copy)
    i.__scatterload_null                     0x08004a4a   Section        2  handlers.o(i.__scatterload_null)
    i.__scatterload_zeroinit                 0x08004a4c   Section       14  handlers.o(i.__scatterload_zeroinit)
    i.main                                   0x08004a5c   Section        0  main_1.o(i.main)
    .constdata                               0x08004c54   Section       16  main_1.o(.constdata)
    .constdata                               0x08004c64   Section        8  stm32h7xx_hal_dma.o(.constdata)
    flagBitshiftOffset                       0x08004c64   Data           8  stm32h7xx_hal_dma.o(.constdata)
    .constdata                               0x08004c6c   Section       16  system_stm32h7xx_dualcore_boot_cm4_cm7.o(.constdata)
    .data                                    0x20000000   Section       24  main_1.o(.data)
    .data                                    0x20000018   Section       12  stm32h7xx_hal.o(.data)
    .data                                    0x20000024   Section        8  system_stm32h7xx_dualcore_boot_cm4_cm7.o(.data)
    .bss                                     0x2000002c   Section      400  main_1.o(.bss)
    .bss                                     0x200001bc   Section      120  main_1.o(.bss)
    STACK                                    0x20000238   Section     1024  startup_stm32h755xx_cm7.o(STACK)

    Global Symbols

    Symbol Name                              Value     Ov Type        Size  Object(Section)

    BuildAttributes$$THM_ISAv4$E$P$D$K$B$S$7EM$VFPv5_D16$PE$PLD8$A:L22UL41UL21$X:L11$S22US41US21$IEEE1$IW$USESV6$~STKCKD$USESV7$~SHL$OSPACE$EBA8$MICROLIB$REQ8$PRES8$EABIv2 0x00000000   Number         0  anon$$obj.o ABSOLUTE
    __ARM_use_no_argv                        0x00000000   Number         0  main_1.o ABSOLUTE
    __cpp_initialize__aeabi_                  - Undefined Weak Reference
    __cxa_finalize                            - Undefined Weak Reference
    __decompress                              - Undefined Weak Reference
    _clock_init                               - Undefined Weak Reference
    _microlib_exit                            - Undefined Weak Reference
    __Vectors_Size                           0x00000298   Number         0  startup_stm32h755xx_cm7.o ABSOLUTE
    __Vectors                                0x08000000   Data           4  startup_stm32h755xx_cm7.o(RESET)
    __Vectors_End                            0x08000298   Data           0  startup_stm32h755xx_cm7.o(RESET)
    __main                                   0x08000299   Thumb Code     0  entry.o(.ARM.Collect$$$$00000000)
    _main_stk                                0x08000299   Thumb Code     0  entry2.o(.ARM.Collect$$$$00000001)
    _main_scatterload                        0x0800029d   Thumb Code     0  entry5.o(.ARM.Collect$$$$00000004)
    __main_after_scatterload                 0x080002a1   Thumb Code     0  entry5.o(.ARM.Collect$$$$00000004)
    _main_clock                              0x080002a1   Thumb Code     0  entry7b.o(.ARM.Collect$$$$00000008)
    _main_cpp_init                           0x080002a1   Thumb Code     0  entry8b.o(.ARM.Collect$$$$0000000A)
    _main_init                               0x080002a1   Thumb Code     0  entry9a.o(.ARM.Collect$$$$0000000B)
    __rt_final_cpp                           0x080002a9   Thumb Code     0  entry10a.o(.ARM.Collect$$$$0000000D)
    __rt_final_exit                          0x080002a9   Thumb Code     0  entry11a.o(.ARM.Collect$$$$0000000F)
    Reset_Handler                            0x080002ad   Thumb Code     8  startup_stm32h755xx_cm7.o(.text)
    ADC3_IRQHandler                          0x080002c7   Thumb Code     0  startup_stm32h755xx_cm7.o(.text)
    ADC_IRQHandler                           0x080002c7   Thumb Code     0  startup_stm32h755xx_cm7.o(.text)
    BDMA_Channel0_IRQHandler                 0x080002c7   Thumb Code     0  startup_stm32h755xx_cm7.o(.text)
    BDMA_Channel1_IRQHandler                 0x080002c7   Thumb Code     0  startup_stm32h755xx_cm7.o(.text)
    BDMA_Channel2_IRQHandler                 0x080002c7   Thumb Code     0  startup_stm32h755xx_cm7.o(.text)
    BDMA_Channel3_IRQHandler                 0x080002c7   Thumb Code     0  startup_stm32h755xx_cm7.o(.text)
    BDMA_Channel4_IRQHandler                 0x080002c7   Thumb Code     0  startup_stm32h755xx_cm7.o(.text)
    BDMA_Channel5_IRQHandler                 0x080002c7   Thumb Code     0  startup_stm32h755xx_cm7.o(.text)
    BDMA_Channel6_IRQHandler                 0x080002c7   Thumb Code     0  startup_stm32h755xx_cm7.o(.text)
    BDMA_Channel7_IRQHandler                 0x080002c7   Thumb Code     0  startup_stm32h755xx_cm7.o(.text)
    CEC_IRQHandler                           0x080002c7   Thumb Code     0  startup_stm32h755xx_cm7.o(.text)
    CM4_SEV_IRQHandler                       0x080002c7   Thumb Code     0  startup_stm32h755xx_cm7.o(.text)
    CM7_SEV_IRQHandler                       0x080002c7   Thumb Code     0  startup_stm32h755xx_cm7.o(.text)
    COMP1_IRQHandler                         0x080002c7   Thumb Code     0  startup_stm32h755xx_cm7.o(.text)
    CRS_IRQHandler                           0x080002c7   Thumb Code     0  startup_stm32h755xx_cm7.o(.text)
    CRYP_IRQHandler                          0x080002c7   Thumb Code     0  startup_stm32h755xx_cm7.o(.text)
    DCMI_IRQHandler                          0x080002c7   Thumb Code     0  startup_stm32h755xx_cm7.o(.text)
    DFSDM1_FLT0_IRQHandler                   0x080002c7   Thumb Code     0  startup_stm32h755xx_cm7.o(.text)
    DFSDM1_FLT1_IRQHandler                   0x080002c7   Thumb Code     0  startup_stm32h755xx_cm7.o(.text)
    DFSDM1_FLT2_IRQHandler                   0x080002c7   Thumb Code     0  startup_stm32h755xx_cm7.o(.text)
    DFSDM1_FLT3_IRQHandler                   0x080002c7   Thumb Code     0  startup_stm32h755xx_cm7.o(.text)
    DMA1_Stream1_IRQHandler                  0x080002c7   Thumb Code     0  startup_stm32h755xx_cm7.o(.text)
    DMA1_Stream2_IRQHandler                  0x080002c7   Thumb Code     0  startup_stm32h755xx_cm7.o(.text)
    DMA1_Stream3_IRQHandler                  0x080002c7   Thumb Code     0  startup_stm32h755xx_cm7.o(.text)
    DMA1_Stream4_IRQHandler                  0x080002c7   Thumb Code     0  startup_stm32h755xx_cm7.o(.text)
    DMA1_Stream5_IRQHandler                  0x080002c7   Thumb Code     0  startup_stm32h755xx_cm7.o(.text)
    DMA1_Stream6_IRQHandler                  0x080002c7   Thumb Code     0  startup_stm32h755xx_cm7.o(.text)
    DMA1_Stream7_IRQHandler                  0x080002c7   Thumb Code     0  startup_stm32h755xx_cm7.o(.text)
    DMA2D_IRQHandler                         0x080002c7   Thumb Code     0  startup_stm32h755xx_cm7.o(.text)
    DMA2_Stream0_IRQHandler                  0x080002c7   Thumb Code     0  startup_stm32h755xx_cm7.o(.text)
    DMA2_Stream1_IRQHandler                  0x080002c7   Thumb Code     0  startup_stm32h755xx_cm7.o(.text)
    DMA2_Stream2_IRQHandler                  0x080002c7   Thumb Code     0  startup_stm32h755xx_cm7.o(.text)
    DMA2_Stream3_IRQHandler                  0x080002c7   Thumb Code     0  startup_stm32h755xx_cm7.o(.text)
    DMA2_Stream4_IRQHandler                  0x080002c7   Thumb Code     0  startup_stm32h755xx_cm7.o(.text)
    DMA2_Stream5_IRQHandler                  0x080002c7   Thumb Code     0  startup_stm32h755xx_cm7.o(.text)
    DMA2_Stream6_IRQHandler                  0x080002c7   Thumb Code     0  startup_stm32h755xx_cm7.o(.text)
    DMA2_Stream7_IRQHandler                  0x080002c7   Thumb Code     0  startup_stm32h755xx_cm7.o(.text)
    DMAMUX1_OVR_IRQHandler                   0x080002c7   Thumb Code     0  startup_stm32h755xx_cm7.o(.text)
    DMAMUX2_OVR_IRQHandler                   0x080002c7   Thumb Code     0  startup_stm32h755xx_cm7.o(.text)
    ECC_IRQHandler                           0x080002c7   Thumb Code     0  startup_stm32h755xx_cm7.o(.text)
    ETH_IRQHandler                           0x080002c7   Thumb Code     0  startup_stm32h755xx_cm7.o(.text)
    ETH_WKUP_IRQHandler                      0x080002c7   Thumb Code     0  startup_stm32h755xx_cm7.o(.text)
    EXTI0_IRQHandler                         0x080002c7   Thumb Code     0  startup_stm32h755xx_cm7.o(.text)
    EXTI15_10_IRQHandler                     0x080002c7   Thumb Code     0  startup_stm32h755xx_cm7.o(.text)
    EXTI1_IRQHandler                         0x080002c7   Thumb Code     0  startup_stm32h755xx_cm7.o(.text)
    EXTI2_IRQHandler                         0x080002c7   Thumb Code     0  startup_stm32h755xx_cm7.o(.text)
    EXTI3_IRQHandler                         0x080002c7   Thumb Code     0  startup_stm32h755xx_cm7.o(.text)
    EXTI4_IRQHandler                         0x080002c7   Thumb Code     0  startup_stm32h755xx_cm7.o(.text)
    EXTI9_5_IRQHandler                       0x080002c7   Thumb Code     0  startup_stm32h755xx_cm7.o(.text)
    FDCAN1_IT0_IRQHandler                    0x080002c7   Thumb Code     0  startup_stm32h755xx_cm7.o(.text)
    FDCAN1_IT1_IRQHandler                    0x080002c7   Thumb Code     0  startup_stm32h755xx_cm7.o(.text)
    FDCAN2_IT0_IRQHandler                    0x080002c7   Thumb Code     0  startup_stm32h755xx_cm7.o(.text)
    FDCAN2_IT1_IRQHandler                    0x080002c7   Thumb Code     0  startup_stm32h755xx_cm7.o(.text)
    FDCAN_CAL_IRQHandler                     0x080002c7   Thumb Code     0  startup_stm32h755xx_cm7.o(.text)
    FLASH_IRQHandler                         0x080002c7   Thumb Code     0  startup_stm32h755xx_cm7.o(.text)
    FMC_IRQHandler                           0x080002c7   Thumb Code     0  startup_stm32h755xx_cm7.o(.text)
    FPU_IRQHandler                           0x080002c7   Thumb Code     0  startup_stm32h755xx_cm7.o(.text)
    HASH_RNG_IRQHandler                      0x080002c7   Thumb Code     0  startup_stm32h755xx_cm7.o(.text)
    HOLD_CORE_IRQHandler                     0x080002c7   Thumb Code     0  startup_stm32h755xx_cm7.o(.text)
    HRTIM1_FLT_IRQHandler                    0x080002c7   Thumb Code     0  startup_stm32h755xx_cm7.o(.text)
    HRTIM1_Master_IRQHandler                 0x080002c7   Thumb Code     0  startup_stm32h755xx_cm7.o(.text)
    HRTIM1_TIMA_IRQHandler                   0x080002c7   Thumb Code     0  startup_stm32h755xx_cm7.o(.text)
    HRTIM1_TIMB_IRQHandler                   0x080002c7   Thumb Code     0  startup_stm32h755xx_cm7.o(.text)
    HRTIM1_TIMC_IRQHandler                   0x080002c7   Thumb Code     0  startup_stm32h755xx_cm7.o(.text)
    HRTIM1_TIMD_IRQHandler                   0x080002c7   Thumb Code     0  startup_stm32h755xx_cm7.o(.text)
    HRTIM1_TIME_IRQHandler                   0x080002c7   Thumb Code     0  startup_stm32h755xx_cm7.o(.text)
    HSEM1_IRQHandler                         0x080002c7   Thumb Code     0  startup_stm32h755xx_cm7.o(.text)
    HSEM2_IRQHandler                         0x080002c7   Thumb Code     0  startup_stm32h755xx_cm7.o(.text)
    I2C1_ER_IRQHandler                       0x080002c7   Thumb Code     0  startup_stm32h755xx_cm7.o(.text)
    I2C1_EV_IRQHandler                       0x080002c7   Thumb Code     0  startup_stm32h755xx_cm7.o(.text)
    I2C2_ER_IRQHandler                       0x080002c7   Thumb Code     0  startup_stm32h755xx_cm7.o(.text)
    I2C2_EV_IRQHandler                       0x080002c7   Thumb Code     0  startup_stm32h755xx_cm7.o(.text)
    I2C3_ER_IRQHandler                       0x080002c7   Thumb Code     0  startup_stm32h755xx_cm7.o(.text)
    I2C3_EV_IRQHandler                       0x080002c7   Thumb Code     0  startup_stm32h755xx_cm7.o(.text)
    I2C4_ER_IRQHandler                       0x080002c7   Thumb Code     0  startup_stm32h755xx_cm7.o(.text)
    I2C4_EV_IRQHandler                       0x080002c7   Thumb Code     0  startup_stm32h755xx_cm7.o(.text)
    JPEG_IRQHandler                          0x080002c7   Thumb Code     0  startup_stm32h755xx_cm7.o(.text)
    LPTIM1_IRQHandler                        0x080002c7   Thumb Code     0  startup_stm32h755xx_cm7.o(.text)
    LPTIM2_IRQHandler                        0x080002c7   Thumb Code     0  startup_stm32h755xx_cm7.o(.text)
    LPTIM3_IRQHandler                        0x080002c7   Thumb Code     0  startup_stm32h755xx_cm7.o(.text)
    LPTIM4_IRQHandler                        0x080002c7   Thumb Code     0  startup_stm32h755xx_cm7.o(.text)
    LPTIM5_IRQHandler                        0x080002c7   Thumb Code     0  startup_stm32h755xx_cm7.o(.text)
    LPUART1_IRQHandler                       0x080002c7   Thumb Code     0  startup_stm32h755xx_cm7.o(.text)
    LTDC_ER_IRQHandler                       0x080002c7   Thumb Code     0  startup_stm32h755xx_cm7.o(.text)
    LTDC_IRQHandler                          0x080002c7   Thumb Code     0  startup_stm32h755xx_cm7.o(.text)
    MDIOS_IRQHandler                         0x080002c7   Thumb Code     0  startup_stm32h755xx_cm7.o(.text)
    MDIOS_WKUP_IRQHandler                    0x080002c7   Thumb Code     0  startup_stm32h755xx_cm7.o(.text)
    MDMA_IRQHandler                          0x080002c7   Thumb Code     0  startup_stm32h755xx_cm7.o(.text)
    OTG_FS_EP1_IN_IRQHandler                 0x080002c7   Thumb Code     0  startup_stm32h755xx_cm7.o(.text)
    OTG_FS_EP1_OUT_IRQHandler                0x080002c7   Thumb Code     0  startup_stm32h755xx_cm7.o(.text)
    OTG_FS_IRQHandler                        0x080002c7   Thumb Code     0  startup_stm32h755xx_cm7.o(.text)
    OTG_FS_WKUP_IRQHandler                   0x080002c7   Thumb Code     0  startup_stm32h755xx_cm7.o(.text)
    OTG_HS_EP1_IN_IRQHandler                 0x080002c7   Thumb Code     0  startup_stm32h755xx_cm7.o(.text)
    OTG_HS_EP1_OUT_IRQHandler                0x080002c7   Thumb Code     0  startup_stm32h755xx_cm7.o(.text)
    OTG_HS_IRQHandler                        0x080002c7   Thumb Code     0  startup_stm32h755xx_cm7.o(.text)
    OTG_HS_WKUP_IRQHandler                   0x080002c7   Thumb Code     0  startup_stm32h755xx_cm7.o(.text)
    PVD_AVD_IRQHandler                       0x080002c7   Thumb Code     0  startup_stm32h755xx_cm7.o(.text)
    QUADSPI_IRQHandler                       0x080002c7   Thumb Code     0  startup_stm32h755xx_cm7.o(.text)
    RCC_IRQHandler                           0x080002c7   Thumb Code     0  startup_stm32h755xx_cm7.o(.text)
    RTC_Alarm_IRQHandler                     0x080002c7   Thumb Code     0  startup_stm32h755xx_cm7.o(.text)
    RTC_WKUP_IRQHandler                      0x080002c7   Thumb Code     0  startup_stm32h755xx_cm7.o(.text)
    SAI1_IRQHandler                          0x080002c7   Thumb Code     0  startup_stm32h755xx_cm7.o(.text)
    SAI2_IRQHandler                          0x080002c7   Thumb Code     0  startup_stm32h755xx_cm7.o(.text)
    SAI3_IRQHandler                          0x080002c7   Thumb Code     0  startup_stm32h755xx_cm7.o(.text)
    SAI4_IRQHandler                          0x080002c7   Thumb Code     0  startup_stm32h755xx_cm7.o(.text)
    SDMMC1_IRQHandler                        0x080002c7   Thumb Code     0  startup_stm32h755xx_cm7.o(.text)
    SDMMC2_IRQHandler                        0x080002c7   Thumb Code     0  startup_stm32h755xx_cm7.o(.text)
    SPDIF_RX_IRQHandler                      0x080002c7   Thumb Code     0  startup_stm32h755xx_cm7.o(.text)
    SPI1_IRQHandler                          0x080002c7   Thumb Code     0  startup_stm32h755xx_cm7.o(.text)
    SPI2_IRQHandler                          0x080002c7   Thumb Code     0  startup_stm32h755xx_cm7.o(.text)
    SPI3_IRQHandler                          0x080002c7   Thumb Code     0  startup_stm32h755xx_cm7.o(.text)
    SPI4_IRQHandler                          0x080002c7   Thumb Code     0  startup_stm32h755xx_cm7.o(.text)
    SPI5_IRQHandler                          0x080002c7   Thumb Code     0  startup_stm32h755xx_cm7.o(.text)
    SPI6_IRQHandler                          0x080002c7   Thumb Code     0  startup_stm32h755xx_cm7.o(.text)
    SWPMI1_IRQHandler                        0x080002c7   Thumb Code     0  startup_stm32h755xx_cm7.o(.text)
    TAMP_STAMP_IRQHandler                    0x080002c7   Thumb Code     0  startup_stm32h755xx_cm7.o(.text)
    TIM15_IRQHandler                         0x080002c7   Thumb Code     0  startup_stm32h755xx_cm7.o(.text)
    TIM16_IRQHandler                         0x080002c7   Thumb Code     0  startup_stm32h755xx_cm7.o(.text)
    TIM17_IRQHandler                         0x080002c7   Thumb Code     0  startup_stm32h755xx_cm7.o(.text)
    TIM1_BRK_IRQHandler                      0x080002c7   Thumb Code     0  startup_stm32h755xx_cm7.o(.text)
    TIM1_CC_IRQHandler                       0x080002c7   Thumb Code     0  startup_stm32h755xx_cm7.o(.text)
    TIM1_TRG_COM_IRQHandler                  0x080002c7   Thumb Code     0  startup_stm32h755xx_cm7.o(.text)
    TIM1_UP_IRQHandler                       0x080002c7   Thumb Code     0  startup_stm32h755xx_cm7.o(.text)
    TIM2_IRQHandler                          0x080002c7   Thumb Code     0  startup_stm32h755xx_cm7.o(.text)
    TIM3_IRQHandler                          0x080002c7   Thumb Code     0  startup_stm32h755xx_cm7.o(.text)
    TIM4_IRQHandler                          0x080002c7   Thumb Code     0  startup_stm32h755xx_cm7.o(.text)
    TIM5_IRQHandler                          0x080002c7   Thumb Code     0  startup_stm32h755xx_cm7.o(.text)
    TIM6_DAC_IRQHandler                      0x080002c7   Thumb Code     0  startup_stm32h755xx_cm7.o(.text)
    TIM7_IRQHandler                          0x080002c7   Thumb Code     0  startup_stm32h755xx_cm7.o(.text)
    TIM8_BRK_TIM12_IRQHandler                0x080002c7   Thumb Code     0  startup_stm32h755xx_cm7.o(.text)
    TIM8_CC_IRQHandler                       0x080002c7   Thumb Code     0  startup_stm32h755xx_cm7.o(.text)
    TIM8_TRG_COM_TIM14_IRQHandler            0x080002c7   Thumb Code     0  startup_stm32h755xx_cm7.o(.text)
    TIM8_UP_TIM13_IRQHandler                 0x080002c7   Thumb Code     0  startup_stm32h755xx_cm7.o(.text)
    UART5_IRQHandler                         0x080002c7   Thumb Code     0  startup_stm32h755xx_cm7.o(.text)
    UART7_IRQHandler                         0x080002c7   Thumb Code     0  startup_stm32h755xx_cm7.o(.text)
    UART8_IRQHandler                         0x080002c7   Thumb Code     0  startup_stm32h755xx_cm7.o(.text)
    USART1_IRQHandler                        0x080002c7   Thumb Code     0  startup_stm32h755xx_cm7.o(.text)
    USART2_IRQHandler                        0x080002c7   Thumb Code     0  startup_stm32h755xx_cm7.o(.text)
    USART3_IRQHandler                        0x080002c7   Thumb Code     0  startup_stm32h755xx_cm7.o(.text)
    USART6_IRQHandler                        0x080002c7   Thumb Code     0  startup_stm32h755xx_cm7.o(.text)
    WAKEUP_PIN_IRQHandler                    0x080002c7   Thumb Code     0  startup_stm32h755xx_cm7.o(.text)
    WWDG_IRQHandler                          0x080002c7   Thumb Code     0  startup_stm32h755xx_cm7.o(.text)
    WWDG_RST_IRQHandler                      0x080002c7   Thumb Code     0  startup_stm32h755xx_cm7.o(.text)
    __aeabi_uldivmod                         0x080002d1   Thumb Code    98  uldiv.o(.text)
    __aeabi_memset                           0x08000333   Thumb Code    14  memseta.o(.text)
    __aeabi_memset4                          0x08000333   Thumb Code     0  memseta.o(.text)
    __aeabi_memset8                          0x08000333   Thumb Code     0  memseta.o(.text)
    __aeabi_memclr                           0x08000341   Thumb Code     4  memseta.o(.text)
    __aeabi_memclr4                          0x08000341   Thumb Code     0  memseta.o(.text)
    __aeabi_memclr8                          0x08000341   Thumb Code     0  memseta.o(.text)
    _memset$wrapper                          0x08000345   Thumb Code    18  memseta.o(.text)
    __aeabi_llsl                             0x08000357   Thumb Code    30  llshl.o(.text)
    _ll_shift_l                              0x08000357   Thumb Code     0  llshl.o(.text)
    __aeabi_llsr                             0x08000375   Thumb Code    32  llushr.o(.text)
    _ll_ushift_r                             0x08000375   Thumb Code     0  llushr.o(.text)
    __scatterload                            0x08000395   Thumb Code    28  init.o(.text)
    __scatterload_rt2                        0x08000395   Thumb Code     0  init.o(.text)
    BusFault_Handler                         0x080003b9   Thumb Code     2  stm32h7xx_it_1.o(i.BusFault_Handler)
    DMA1_Stream0_IRQHandler                  0x080003bd   Thumb Code     6  stm32h7xx_it_1.o(i.DMA1_Stream0_IRQHandler)
    DebugMon_Handler                         0x080005e1   Thumb Code     2  stm32h7xx_it_1.o(i.DebugMon_Handler)
    Error_Handler                            0x080005e3   Thumb Code     2  main_1.o(i.Error_Handler)
    HAL_DMA_Abort_IT                         0x080005e5   Thumb Code   422  stm32h7xx_hal_dma.o(i.HAL_DMA_Abort_IT)
    HAL_DMA_IRQHandler                       0x080007b1   Thumb Code  1762  stm32h7xx_hal_dma.o(i.HAL_DMA_IRQHandler)
    HAL_DMA_Init                             0x08000ea1   Thumb Code   680  stm32h7xx_hal_dma.o(i.HAL_DMA_Init)
    HAL_Delay                                0x08001175   Thumb Code    32  stm32h7xx_hal.o(i.HAL_Delay)
    HAL_GPIO_Init                            0x08001199   Thumb Code   458  stm32h7xx_hal_gpio.o(i.HAL_GPIO_Init)
    HAL_GPIO_ReadPin                         0x08001395   Thumb Code    10  stm32h7xx_hal_gpio.o(i.HAL_GPIO_ReadPin)
    HAL_GPIO_WritePin                        0x0800139f   Thumb Code    10  stm32h7xx_hal_gpio.o(i.HAL_GPIO_WritePin)
    HAL_GetCurrentCPUID                      0x080013a9   Thumb Code    20  stm32h7xx_hal_cortex.o(i.HAL_GetCurrentCPUID)
    HAL_GetREVID                             0x080013c1   Thumb Code     8  stm32h7xx_hal.o(i.HAL_GetREVID)
    HAL_GetTick                              0x080013cd   Thumb Code     6  stm32h7xx_hal.o(i.HAL_GetTick)
    HAL_HSEM_FastTake                        0x080013d9   Thumb Code    24  stm32h7xx_hal_hsem.o(i.HAL_HSEM_FastTake)
    HAL_HSEM_Release                         0x080013f9   Thumb Code    16  stm32h7xx_hal_hsem.o(i.HAL_HSEM_Release)
    HAL_IncTick                              0x0800140d   Thumb Code    12  stm32h7xx_hal.o(i.HAL_IncTick)
    HAL_Init                                 0x0800141d   Thumb Code    72  stm32h7xx_hal.o(i.HAL_Init)
    HAL_InitTick                             0x08001475   Thumb Code    84  stm32h7xx_hal.o(i.HAL_InitTick)
    HAL_MspInit                              0x080014d1   Thumb Code    22  stm32h7xx_hal_msp_1.o(i.HAL_MspInit)
    HAL_NVIC_EnableIRQ                       0x080014ed   Thumb Code    26  stm32h7xx_hal_cortex.o(i.HAL_NVIC_EnableIRQ)
    HAL_NVIC_SetPriority                     0x08001509   Thumb Code    60  stm32h7xx_hal_cortex.o(i.HAL_NVIC_SetPriority)
    HAL_NVIC_SetPriorityGrouping             0x08001549   Thumb Code    28  stm32h7xx_hal_cortex.o(i.HAL_NVIC_SetPriorityGrouping)
    HAL_PWREx_ConfigSupply                   0x0800156d   Thumb Code   128  stm32h7xx_hal_pwr_ex.o(i.HAL_PWREx_ConfigSupply)
    HAL_PWR_EnableBkUpAccess                 0x080015f1   Thumb Code    12  stm32h7xx_hal_pwr.o(i.HAL_PWR_EnableBkUpAccess)
    HAL_RCCEx_GetD1SysClockFreq              0x08001601   Thumb Code    30  stm32h7xx_hal_rcc_ex.o(i.HAL_RCCEx_GetD1SysClockFreq)
    HAL_RCCEx_GetD3PCLK1Freq                 0x0800162d   Thumb Code    26  stm32h7xx_hal_rcc_ex.o(i.HAL_RCCEx_GetD3PCLK1Freq)
    HAL_RCCEx_GetPLL2ClockFreq               0x08001651   Thumb Code   296  stm32h7xx_hal_rcc_ex.o(i.HAL_RCCEx_GetPLL2ClockFreq)
    HAL_RCCEx_GetPLL3ClockFreq               0x08001795   Thumb Code   296  stm32h7xx_hal_rcc_ex.o(i.HAL_RCCEx_GetPLL3ClockFreq)
    HAL_RCCEx_PeriphCLKConfig                0x080018d9   Thumb Code  2230  stm32h7xx_hal_rcc_ex.o(i.HAL_RCCEx_PeriphCLKConfig)
    HAL_RCC_ClockConfig                      0x08002191   Thumb Code   560  stm32h7xx_hal_rcc.o(i.HAL_RCC_ClockConfig)
    HAL_RCC_GetHCLKFreq                      0x080023d5   Thumb Code    30  stm32h7xx_hal_rcc.o(i.HAL_RCC_GetHCLKFreq)
    HAL_RCC_GetPCLK1Freq                     0x08002401   Thumb Code    26  stm32h7xx_hal_rcc.o(i.HAL_RCC_GetPCLK1Freq)
    HAL_RCC_GetPCLK2Freq                     0x08002425   Thumb Code    26  stm32h7xx_hal_rcc.o(i.HAL_RCC_GetPCLK2Freq)
    HAL_RCC_GetSysClockFreq                  0x08002449   Thumb Code   278  stm32h7xx_hal_rcc.o(i.HAL_RCC_GetSysClockFreq)
    HAL_RCC_OscConfig                        0x08002581   Thumb Code  1206  stm32h7xx_hal_rcc.o(i.HAL_RCC_OscConfig)
    HAL_RTC_GetDate                          0x08002a39   Thumb Code    68  stm32h7xx_hal_rtc.o(i.HAL_RTC_GetDate)
    HAL_RTC_GetTime                          0x08002a81   Thumb Code    84  stm32h7xx_hal_rtc.o(i.HAL_RTC_GetTime)
    HAL_RTC_Init                             0x08002ad9   Thumb Code   174  stm32h7xx_hal_rtc.o(i.HAL_RTC_Init)
    HAL_RTC_MspInit                          0x08002b8d   Thumb Code    20  stm32h7xx_hal_msp_1.o(i.HAL_RTC_MspInit)
    HAL_RTC_SetDate                          0x08002ba9   Thumb Code   206  stm32h7xx_hal_rtc.o(i.HAL_RTC_SetDate)
    HAL_RTC_SetTime                          0x08002c7d   Thumb Code   240  stm32h7xx_hal_rtc.o(i.HAL_RTC_SetTime)
    HAL_RTC_WaitForSynchro                   0x08002d71   Thumb Code    54  stm32h7xx_hal_rtc.o(i.HAL_RTC_WaitForSynchro)
    HAL_SYSTICK_Config                       0x08002da7   Thumb Code    38  stm32h7xx_hal_cortex.o(i.HAL_SYSTICK_Config)
    HAL_UARTEx_DisableFifoMode               0x08002dcd   Thumb Code    64  stm32h7xx_hal_uart_ex.o(i.HAL_UARTEx_DisableFifoMode)
    HAL_UARTEx_RxFifoFullCallback            0x08002e0d   Thumb Code     2  stm32h7xx_hal_uart_ex.o(i.HAL_UARTEx_RxFifoFullCallback)
    HAL_UARTEx_SetRxFifoThreshold            0x08002e0f   Thumb Code    76  stm32h7xx_hal_uart_ex.o(i.HAL_UARTEx_SetRxFifoThreshold)
    HAL_UARTEx_SetTxFifoThreshold            0x08002e5b   Thumb Code    76  stm32h7xx_hal_uart_ex.o(i.HAL_UARTEx_SetTxFifoThreshold)
    HAL_UARTEx_TxFifoEmptyCallback           0x08002ea7   Thumb Code     2  stm32h7xx_hal_uart_ex.o(i.HAL_UARTEx_TxFifoEmptyCallback)
    HAL_UARTEx_WakeupCallback                0x08002ea9   Thumb Code     2  stm32h7xx_hal_uart_ex.o(i.HAL_UARTEx_WakeupCallback)
    HAL_UART_ErrorCallback                   0x08002eab   Thumb Code     2  stm32h7xx_hal_uart.o(i.HAL_UART_ErrorCallback)
    HAL_UART_IRQHandler                      0x08002ead   Thumb Code   436  stm32h7xx_hal_uart.o(i.HAL_UART_IRQHandler)
    HAL_UART_Init                            0x0800306d   Thumb Code   106  stm32h7xx_hal_uart.o(i.HAL_UART_Init)
    HAL_UART_MspInit                         0x080030d9   Thumb Code   214  stm32h7xx_hal_msp_1.o(i.HAL_UART_MspInit)
    HAL_UART_Receive                         0x080031cd   Thumb Code   248  stm32h7xx_hal_uart.o(i.HAL_UART_Receive)
    HAL_UART_Transmit                        0x080032c5   Thumb Code   190  stm32h7xx_hal_uart.o(i.HAL_UART_Transmit)
    HAL_UART_TxCpltCallback                  0x08003383   Thumb Code     2  stm32h7xx_hal_uart.o(i.HAL_UART_TxCpltCallback)
    HardFault_Handler                        0x08003385   Thumb Code     2  stm32h7xx_it_1.o(i.HardFault_Handler)
    MX_RTC_Init                              0x080033e5   Thumb Code   112  main_1.o(i.MX_RTC_Init)
    MX_UART4_Init                            0x0800345d   Thumb Code    66  main_1.o(i.MX_UART4_Init)
    MX_USART3_UART_Init                      0x080034a9   Thumb Code    66  main_1.o(i.MX_USART3_UART_Init)
    MemManage_Handler                        0x080034f5   Thumb Code     2  stm32h7xx_it_1.o(i.MemManage_Handler)
    NMEATimeToInt                            0x080034f7   Thumb Code    22  main_1.o(i.NMEATimeToInt)
    NMI_Handler                              0x0800350d   Thumb Code     2  stm32h7xx_it_1.o(i.NMI_Handler)
    PendSV_Handler                           0x0800350f   Thumb Code     2  stm32h7xx_it_1.o(i.PendSV_Handler)
    RTC_Bcd2ToByte                           0x08003751   Thumb Code    18  stm32h7xx_hal_rtc.o(i.RTC_Bcd2ToByte)
    RTC_ByteToBcd2                           0x08003763   Thumb Code    24  stm32h7xx_hal_rtc.o(i.RTC_ByteToBcd2)
    RTC_EnterInitMode                        0x0800377d   Thumb Code    58  stm32h7xx_hal_rtc.o(i.RTC_EnterInitMode)
    SVC_Handler                              0x080037b7   Thumb Code     2  stm32h7xx_it_1.o(i.SVC_Handler)
    SysTick_Handler                          0x080037b9   Thumb Code     4  stm32h7xx_it_1.o(i.SysTick_Handler)
    SystemClock_Config                       0x080037bd   Thumb Code   186  main_1.o(i.SystemClock_Config)
    SystemInit                               0x08003889   Thumb Code   162  system_stm32h7xx_dualcore_boot_cm4_cm7.o(i.SystemInit)
    TM1637_Ask                               0x08003941   Thumb Code    62  main_1.o(i.TM1637_Ask)
    TM1637_ConvertDecToSegment               0x08003981   Thumb Code    18  main_1.o(i.TM1637_ConvertDecToSegment)
    TM1637_Init                              0x08003999   Thumb Code    26  main_1.o(i.TM1637_Init)
    TM1637_PinsToIn                          0x080039b3   Thumb Code    34  main_1.o(i.TM1637_PinsToIn)
    TM1637_PinsToOut                         0x080039d5   Thumb Code    34  main_1.o(i.TM1637_PinsToOut)
    TM1637_Start                             0x080039f7   Thumb Code    38  main_1.o(i.TM1637_Start)
    TM1637_Stop                              0x08003a1d   Thumb Code    48  main_1.o(i.TM1637_Stop)
    TM1637_WriteByte                         0x08003a4d   Thumb Code    58  main_1.o(i.TM1637_WriteByte)
    TM1637_WriteDigits                       0x08003a87   Thumb Code   106  main_1.o(i.TM1637_WriteDigits)
    TM1637_WriteTime                         0x08003af1   Thumb Code    56  main_1.o(i.TM1637_WriteTime)
    TM1637_setBrightness                     0x08003b29   Thumb Code    34  main_1.o(i.TM1637_setBrightness)
    UART4_IRQHandler                         0x08003b4d   Thumb Code    60  stm32h7xx_it_1.o(i.UART4_IRQHandler)
    UART_AdvFeatureConfig                    0x08003c01   Thumb Code   200  stm32h7xx_hal_uart.o(i.UART_AdvFeatureConfig)
    UART_CheckIdleState                      0x08003cc9   Thumb Code    94  stm32h7xx_hal_uart.o(i.UART_CheckIdleState)
    UART_SetConfig                           0x08003d65   Thumb Code  3084  stm32h7xx_hal_uart.o(i.UART_SetConfig)
    UART_WaitOnFlagUntilTimeout              0x08004975   Thumb Code   164  stm32h7xx_hal_uart.o(i.UART_WaitOnFlagUntilTimeout)
    UsageFault_Handler                       0x08004a19   Thumb Code     2  stm32h7xx_it_1.o(i.UsageFault_Handler)
    __scatterload_copy                       0x08004a3d   Thumb Code    14  handlers.o(i.__scatterload_copy)
    __scatterload_null                       0x08004a4b   Thumb Code     2  handlers.o(i.__scatterload_null)
    __scatterload_zeroinit                   0x08004a4d   Thumb Code    14  handlers.o(i.__scatterload_zeroinit)
    main                                     0x08004a5d   Thumb Code   466  main_1.o(i.main)
    D1CorePrescTable                         0x08004c6c   Data          16  system_stm32h7xx_dualcore_boot_cm4_cm7.o(.constdata)
    Region$$Table$$Base                      0x08004c7c   Number         0  anon$$obj.o(Region$$Table)
    Region$$Table$$Limit                     0x08004c9c   Number         0  anon$$obj.o(Region$$Table)
    gps_sync                                 0x20000000   Data           1  main_1.o(.data)
    date                                     0x20000001   Data           4  main_1.o(.data)
    display_clock                            0x20000008   Data           8  main_1.o(.data)
    display_counter                          0x20000010   Data           8  main_1.o(.data)
    uwTickFreq                               0x20000018   Data           1  stm32h7xx_hal.o(.data)
    uwTickPrio                               0x2000001c   Data           4  stm32h7xx_hal.o(.data)
    uwTick                                   0x20000020   Data           4  stm32h7xx_hal.o(.data)
    SystemCoreClock                          0x20000024   Data           4  system_stm32h7xx_dualcore_boot_cm4_cm7.o(.data)
    SystemD2Clock                            0x20000028   Data           4  system_stm32h7xx_dualcore_boot_cm4_cm7.o(.data)
    hrtc                                     0x2000002c   Data          36  main_1.o(.bss)
    huart4                                   0x20000050   Data         140  main_1.o(.bss)
    huart3                                   0x200000dc   Data         140  main_1.o(.bss)
    time                                     0x20000168   Data          20  main_1.o(.bss)
    rx_data                                  0x2000017c   Data          64  main_1.o(.bss)
    hdma_uart4_rx                            0x200001bc   Data         120  main_1.o(.bss)
    __initial_sp                             0x20000638   Data           0  startup_stm32h755xx_cm7.o(STACK)



==============================================================================

Memory Map of the image

  Image Entry point : 0x08000299

  Load Region LR_IROM1 (Base: 0x08000000, Size: 0x00004cc8, Max: 0x00100000, ABSOLUTE)

    Execution Region ER_IROM1 (Exec base: 0x08000000, Load base: 0x08000000, Size: 0x00004c9c, Max: 0x00100000, ABSOLUTE)

    Exec Addr    Load Addr    Size         Type   Attr      Idx    E Section Name        Object

    0x08000000   0x08000000   0x00000298   Data   RO            3    RESET               startup_stm32h755xx_cm7.o
    0x08000298   0x08000298   0x00000000   Code   RO         3839  * .ARM.Collect$$$$00000000  mc_w.l(entry.o)
    0x08000298   0x08000298   0x00000004   Code   RO         3846    .ARM.Collect$$$$00000001  mc_w.l(entry2.o)
    0x0800029c   0x0800029c   0x00000004   Code   RO         3849    .ARM.Collect$$$$00000004  mc_w.l(entry5.o)
    0x080002a0   0x080002a0   0x00000000   Code   RO         3851    .ARM.Collect$$$$00000008  mc_w.l(entry7b.o)
    0x080002a0   0x080002a0   0x00000000   Code   RO         3853    .ARM.Collect$$$$0000000A  mc_w.l(entry8b.o)
    0x080002a0   0x080002a0   0x00000008   Code   RO         3854    .ARM.Collect$$$$0000000B  mc_w.l(entry9a.o)
    0x080002a8   0x080002a8   0x00000000   Code   RO         3856    .ARM.Collect$$$$0000000D  mc_w.l(entry10a.o)
    0x080002a8   0x080002a8   0x00000000   Code   RO         3858    .ARM.Collect$$$$0000000F  mc_w.l(entry11a.o)
    0x080002a8   0x080002a8   0x00000004   Code   RO         3847    .ARM.Collect$$$$00002712  mc_w.l(entry2.o)
    0x080002ac   0x080002ac   0x00000024   Code   RO            4    .text               startup_stm32h755xx_cm7.o
    0x080002d0   0x080002d0   0x00000062   Code   RO         3842    .text               mc_w.l(uldiv.o)
    0x08000332   0x08000332   0x00000024   Code   RO         3844    .text               mc_w.l(memseta.o)
    0x08000356   0x08000356   0x0000001e   Code   RO         3860    .text               mc_w.l(llshl.o)
    0x08000374   0x08000374   0x00000020   Code   RO         3862    .text               mc_w.l(llushr.o)
    0x08000394   0x08000394   0x00000024   Code   RO         3864    .text               mc_w.l(init.o)
    0x080003b8   0x080003b8   0x00000002   Code   RO          273    i.BusFault_Handler  stm32h7xx_it_1.o
    0x080003ba   0x080003ba   0x00000002   PAD
    0x080003bc   0x080003bc   0x0000000c   Code   RO          274    i.DMA1_Stream0_IRQHandler  stm32h7xx_it_1.o
    0x080003c8   0x080003c8   0x000000b4   Code   RO         1558    i.DMA_CalcBaseAndBitshift  stm32h7xx_hal_dma.o
    0x0800047c   0x0800047c   0x0000009c   Code   RO         1559    i.DMA_CalcDMAMUXChannelBaseAndMask  stm32h7xx_hal_dma.o
    0x08000518   0x08000518   0x00000074   Code   RO         1560    i.DMA_CalcDMAMUXRequestGenBaseAndMask  stm32h7xx_hal_dma.o
    0x0800058c   0x0800058c   0x00000054   Code   RO         1561    i.DMA_CheckFifoParam  stm32h7xx_hal_dma.o
    0x080005e0   0x080005e0   0x00000002   Code   RO          275    i.DebugMon_Handler  stm32h7xx_it_1.o
    0x080005e2   0x080005e2   0x00000002   Code   RO           13    i.Error_Handler     main_1.o
    0x080005e4   0x080005e4   0x000001cc   Code   RO         1564    i.HAL_DMA_Abort_IT  stm32h7xx_hal_dma.o
    0x080007b0   0x080007b0   0x000006f0   Code   RO         1568    i.HAL_DMA_IRQHandler  stm32h7xx_hal_dma.o
    0x08000ea0   0x08000ea0   0x000002d4   Code   RO         1569    i.HAL_DMA_Init      stm32h7xx_hal_dma.o
    0x08001174   0x08001174   0x00000024   Code   RO         2290    i.HAL_Delay         stm32h7xx_hal.o
    0x08001198   0x08001198   0x000001fc   Code   RO         1411    i.HAL_GPIO_Init     stm32h7xx_hal_gpio.o
    0x08001394   0x08001394   0x0000000a   Code   RO         1413    i.HAL_GPIO_ReadPin  stm32h7xx_hal_gpio.o
    0x0800139e   0x0800139e   0x0000000a   Code   RO         1415    i.HAL_GPIO_WritePin  stm32h7xx_hal_gpio.o
    0x080013a8   0x080013a8   0x00000018   Code   RO          410    i.HAL_GetCurrentCPUID  stm32h7xx_hal_cortex.o
    0x080013c0   0x080013c0   0x0000000c   Code   RO         2313    i.HAL_GetREVID      stm32h7xx_hal.o
    0x080013cc   0x080013cc   0x0000000c   Code   RO         2314    i.HAL_GetTick       stm32h7xx_hal.o
    0x080013d8   0x080013d8   0x00000020   Code   RO         1476    i.HAL_HSEM_FastTake  stm32h7xx_hal_hsem.o
    0x080013f8   0x080013f8   0x00000014   Code   RO         1481    i.HAL_HSEM_Release  stm32h7xx_hal_hsem.o
    0x0800140c   0x0800140c   0x00000010   Code   RO         2320    i.HAL_IncTick       stm32h7xx_hal.o
    0x0800141c   0x0800141c   0x00000058   Code   RO         2321    i.HAL_Init          stm32h7xx_hal.o
    0x08001474   0x08001474   0x0000005c   Code   RO         2322    i.HAL_InitTick      stm32h7xx_hal.o
    0x080014d0   0x080014d0   0x0000001c   Code   RO          361    i.HAL_MspInit       stm32h7xx_hal_msp_1.o
    0x080014ec   0x080014ec   0x0000001a   Code   RO          416    i.HAL_NVIC_EnableIRQ  stm32h7xx_hal_cortex.o
    0x08001506   0x08001506   0x00000002   PAD
    0x08001508   0x08001508   0x00000040   Code   RO          422    i.HAL_NVIC_SetPriority  stm32h7xx_hal_cortex.o
    0x08001548   0x08001548   0x00000024   Code   RO          423    i.HAL_NVIC_SetPriorityGrouping  stm32h7xx_hal_cortex.o
    0x0800156c   0x0800156c   0x00000084   Code   RO         2013    i.HAL_PWREx_ConfigSupply  stm32h7xx_hal_pwr_ex.o
    0x080015f0   0x080015f0   0x00000010   Code   RO         1894    i.HAL_PWR_EnableBkUpAccess  stm32h7xx_hal_pwr.o
    0x08001600   0x08001600   0x0000002c   Code   RO         1043    i.HAL_RCCEx_GetD1SysClockFreq  stm32h7xx_hal_rcc_ex.o
    0x0800162c   0x0800162c   0x00000024   Code   RO         1044    i.HAL_RCCEx_GetD3PCLK1Freq  stm32h7xx_hal_rcc_ex.o
    0x08001650   0x08001650   0x00000144   Code   RO         1046    i.HAL_RCCEx_GetPLL2ClockFreq  stm32h7xx_hal_rcc_ex.o
    0x08001794   0x08001794   0x00000144   Code   RO         1047    i.HAL_RCCEx_GetPLL3ClockFreq  stm32h7xx_hal_rcc_ex.o
    0x080018d8   0x080018d8   0x000008b6   Code   RO         1051    i.HAL_RCCEx_PeriphCLKConfig  stm32h7xx_hal_rcc_ex.o
    0x0800218e   0x0800218e   0x00000002   PAD
    0x08002190   0x08002190   0x00000244   Code   RO          929    i.HAL_RCC_ClockConfig  stm32h7xx_hal_rcc.o
    0x080023d4   0x080023d4   0x0000002c   Code   RO          934    i.HAL_RCC_GetHCLKFreq  stm32h7xx_hal_rcc.o
    0x08002400   0x08002400   0x00000024   Code   RO          936    i.HAL_RCC_GetPCLK1Freq  stm32h7xx_hal_rcc.o
    0x08002424   0x08002424   0x00000024   Code   RO          937    i.HAL_RCC_GetPCLK2Freq  stm32h7xx_hal_rcc.o
    0x08002448   0x08002448   0x00000138   Code   RO          938    i.HAL_RCC_GetSysClockFreq  stm32h7xx_hal_rcc.o
    0x08002580   0x08002580   0x000004b6   Code   RO          941    i.HAL_RCC_OscConfig  stm32h7xx_hal_rcc.o
    0x08002a36   0x08002a36   0x00000002   PAD
    0x08002a38   0x08002a38   0x00000048   Code   RO          556    i.HAL_RTC_GetDate   stm32h7xx_hal_rtc.o
    0x08002a80   0x08002a80   0x00000058   Code   RO          558    i.HAL_RTC_GetTime   stm32h7xx_hal_rtc.o
    0x08002ad8   0x08002ad8   0x000000b4   Code   RO          559    i.HAL_RTC_Init      stm32h7xx_hal_rtc.o
    0x08002b8c   0x08002b8c   0x0000001c   Code   RO          363    i.HAL_RTC_MspInit   stm32h7xx_hal_msp_1.o
    0x08002ba8   0x08002ba8   0x000000d4   Code   RO          565    i.HAL_RTC_SetDate   stm32h7xx_hal_rtc.o
    0x08002c7c   0x08002c7c   0x000000f4   Code   RO          566    i.HAL_RTC_SetTime   stm32h7xx_hal_rtc.o
    0x08002d70   0x08002d70   0x00000036   Code   RO          567    i.HAL_RTC_WaitForSynchro  stm32h7xx_hal_rtc.o
    0x08002da6   0x08002da6   0x00000026   Code   RO          427    i.HAL_SYSTICK_Config  stm32h7xx_hal_cortex.o
    0x08002dcc   0x08002dcc   0x00000040   Code   RO         3712    i.HAL_UARTEx_DisableFifoMode  stm32h7xx_hal_uart_ex.o
    0x08002e0c   0x08002e0c   0x00000002   Code   RO         3716    i.HAL_UARTEx_RxFifoFullCallback  stm32h7xx_hal_uart_ex.o
    0x08002e0e   0x08002e0e   0x0000004c   Code   RO         3717    i.HAL_UARTEx_SetRxFifoThreshold  stm32h7xx_hal_uart_ex.o
    0x08002e5a   0x08002e5a   0x0000004c   Code   RO         3718    i.HAL_UARTEx_SetTxFifoThreshold  stm32h7xx_hal_uart_ex.o
    0x08002ea6   0x08002ea6   0x00000002   Code   RO         3720    i.HAL_UARTEx_TxFifoEmptyCallback  stm32h7xx_hal_uart_ex.o
    0x08002ea8   0x08002ea8   0x00000002   Code   RO         3721    i.HAL_UARTEx_WakeupCallback  stm32h7xx_hal_uart_ex.o
    0x08002eaa   0x08002eaa   0x00000002   Code   RO         3340    i.HAL_UART_ErrorCallback  stm32h7xx_hal_uart.o
    0x08002eac   0x08002eac   0x000001c0   Code   RO         3343    i.HAL_UART_IRQHandler  stm32h7xx_hal_uart.o
    0x0800306c   0x0800306c   0x0000006a   Code   RO         3344    i.HAL_UART_Init     stm32h7xx_hal_uart.o
    0x080030d6   0x080030d6   0x00000002   PAD
    0x080030d8   0x080030d8   0x000000f4   Code   RO          365    i.HAL_UART_MspInit  stm32h7xx_hal_msp_1.o
    0x080031cc   0x080031cc   0x000000f8   Code   RO         3347    i.HAL_UART_Receive  stm32h7xx_hal_uart.o
    0x080032c4   0x080032c4   0x000000be   Code   RO         3353    i.HAL_UART_Transmit  stm32h7xx_hal_uart.o
    0x08003382   0x08003382   0x00000002   Code   RO         3356    i.HAL_UART_TxCpltCallback  stm32h7xx_hal_uart.o
    0x08003384   0x08003384   0x00000002   Code   RO          276    i.HardFault_Handler  stm32h7xx_it_1.o
    0x08003386   0x08003386   0x00000002   PAD
    0x08003388   0x08003388   0x0000005c   Code   RO           14    i.MX_GPIO_Init      main_1.o
    0x080033e4   0x080033e4   0x00000078   Code   RO           15    i.MX_RTC_Init       main_1.o
    0x0800345c   0x0800345c   0x0000004c   Code   RO           16    i.MX_UART4_Init     main_1.o
    0x080034a8   0x080034a8   0x0000004c   Code   RO           17    i.MX_USART3_UART_Init  main_1.o
    0x080034f4   0x080034f4   0x00000002   Code   RO          277    i.MemManage_Handler  stm32h7xx_it_1.o
    0x080034f6   0x080034f6   0x00000016   Code   RO           18    i.NMEATimeToInt     main_1.o
    0x0800350c   0x0800350c   0x00000002   Code   RO          278    i.NMI_Handler       stm32h7xx_it_1.o
    0x0800350e   0x0800350e   0x00000002   Code   RO          279    i.PendSV_Handler    stm32h7xx_it_1.o
    0x08003510   0x08003510   0x00000120   Code   RO         1054    i.RCCEx_PLL2_Config  stm32h7xx_hal_rcc_ex.o
    0x08003630   0x08003630   0x00000120   Code   RO         1055    i.RCCEx_PLL3_Config  stm32h7xx_hal_rcc_ex.o
    0x08003750   0x08003750   0x00000012   Code   RO          568    i.RTC_Bcd2ToByte    stm32h7xx_hal_rtc.o
    0x08003762   0x08003762   0x00000018   Code   RO          569    i.RTC_ByteToBcd2    stm32h7xx_hal_rtc.o
    0x0800377a   0x0800377a   0x00000002   PAD
    0x0800377c   0x0800377c   0x0000003a   Code   RO          570    i.RTC_EnterInitMode  stm32h7xx_hal_rtc.o
    0x080037b6   0x080037b6   0x00000002   Code   RO          280    i.SVC_Handler       stm32h7xx_it_1.o
    0x080037b8   0x080037b8   0x00000004   Code   RO          281    i.SysTick_Handler   stm32h7xx_it_1.o
    0x080037bc   0x080037bc   0x000000cc   Code   RO           19    i.SystemClock_Config  main_1.o
    0x08003888   0x08003888   0x000000b8   Code   RO         3806    i.SystemInit        system_stm32h7xx_dualcore_boot_cm4_cm7.o
    0x08003940   0x08003940   0x0000003e   Code   RO           20    i.TM1637_Ask        main_1.o
    0x0800397e   0x0800397e   0x00000002   PAD
    0x08003980   0x08003980   0x00000018   Code   RO           21    i.TM1637_ConvertDecToSegment  main_1.o
    0x08003998   0x08003998   0x0000001a   Code   RO           23    i.TM1637_Init       main_1.o
    0x080039b2   0x080039b2   0x00000022   Code   RO           24    i.TM1637_PinsToIn   main_1.o
    0x080039d4   0x080039d4   0x00000022   Code   RO           25    i.TM1637_PinsToOut  main_1.o
    0x080039f6   0x080039f6   0x00000026   Code   RO           26    i.TM1637_Start      main_1.o
    0x08003a1c   0x08003a1c   0x00000030   Code   RO           27    i.TM1637_Stop       main_1.o
    0x08003a4c   0x08003a4c   0x0000003a   Code   RO           28    i.TM1637_WriteByte  main_1.o
    0x08003a86   0x08003a86   0x0000006a   Code   RO           29    i.TM1637_WriteDigits  main_1.o
    0x08003af0   0x08003af0   0x00000038   Code   RO           30    i.TM1637_WriteTime  main_1.o
    0x08003b28   0x08003b28   0x00000022   Code   RO           31    i.TM1637_setBrightness  main_1.o
    0x08003b4a   0x08003b4a   0x00000002   PAD
    0x08003b4c   0x08003b4c   0x00000050   Code   RO          282    i.UART4_IRQHandler  stm32h7xx_it_1.o
    0x08003b9c   0x08003b9c   0x00000064   Code   RO         3722    i.UARTEx_SetNbDataToProcess  stm32h7xx_hal_uart_ex.o
    0x08003c00   0x08003c00   0x000000c8   Code   RO         3358    i.UART_AdvFeatureConfig  stm32h7xx_hal_uart.o
    0x08003cc8   0x08003cc8   0x0000005e   Code   RO         3359    i.UART_CheckIdleState  stm32h7xx_hal_uart.o
    0x08003d26   0x08003d26   0x00000014   Code   RO         3360    i.UART_DMAAbortOnError  stm32h7xx_hal_uart.o
    0x08003d3a   0x08003d3a   0x00000002   PAD
    0x08003d3c   0x08003d3c   0x00000028   Code   RO         3370    i.UART_EndRxTransfer  stm32h7xx_hal_uart.o
    0x08003d64   0x08003d64   0x00000c10   Code   RO         3376    i.UART_SetConfig    stm32h7xx_hal_uart.o
    0x08004974   0x08004974   0x000000a4   Code   RO         3381    i.UART_WaitOnFlagUntilTimeout  stm32h7xx_hal_uart.o
    0x08004a18   0x08004a18   0x00000002   Code   RO          283    i.UsageFault_Handler  stm32h7xx_it_1.o
    0x08004a1a   0x08004a1a   0x00000022   Code   RO          429    i.__NVIC_SetPriority  stm32h7xx_hal_cortex.o
    0x08004a3c   0x08004a3c   0x0000000e   Code   RO         3868    i.__scatterload_copy  mc_w.l(handlers.o)
    0x08004a4a   0x08004a4a   0x00000002   Code   RO         3869    i.__scatterload_null  mc_w.l(handlers.o)
    0x08004a4c   0x08004a4c   0x0000000e   Code   RO         3870    i.__scatterload_zeroinit  mc_w.l(handlers.o)
    0x08004a5a   0x08004a5a   0x00000002   PAD
    0x08004a5c   0x08004a5c   0x000001f8   Code   RO           32    i.main              main_1.o
    0x08004c54   0x08004c54   0x00000010   Data   RO           35    .constdata          main_1.o
    0x08004c64   0x08004c64   0x00000008   Data   RO         1575    .constdata          stm32h7xx_hal_dma.o
    0x08004c6c   0x08004c6c   0x00000010   Data   RO         3807    .constdata          system_stm32h7xx_dualcore_boot_cm4_cm7.o
    0x08004c7c   0x08004c7c   0x00000020   Data   RO         3866    Region$$Table       anon$$obj.o


    Execution Region RW_IRAM1 (Exec base: 0x20000000, Load base: 0x08004c9c, Size: 0x00000638, Max: 0x20020000, ABSOLUTE)

    Exec Addr    Load Addr    Size         Type   Attr      Idx    E Section Name        Object

    0x20000000   0x08004c9c   0x00000018   Data   RW           36    .data               main_1.o
    0x20000018   0x08004cb4   0x0000000c   Data   RW         2348    .data               stm32h7xx_hal.o
    0x20000024   0x08004cc0   0x00000008   Data   RW         3808    .data               system_stm32h7xx_dualcore_boot_cm4_cm7.o
    0x2000002c        -       0x00000190   Zero   RW           33    .bss                main_1.o
    0x200001bc        -       0x00000078   Zero   RW           34    .bss                main_1.o
    0x20000234   0x08004cc8   0x00000004   PAD
    0x20000238        -       0x00000400   Zero   RW            1    STACK               startup_stm32h755xx_cm7.o


==============================================================================

Image component sizes


      Code (inc. data)   RO Data    RW Data    ZI Data      Debug   Object Name

      1616         96         16         24        520    1380352   main_1.o
        36          8        664          0       1024        848   startup_stm32h755xx_cm7.o
       256         42          0         12          0      31004   stm32h7xx_hal.o
       222         16          0          0          0      39633   stm32h7xx_hal_cortex.o
      3496        152          8          0          0       8127   stm32h7xx_hal_dma.o
       528         50          0          0          0       3307   stm32h7xx_hal_gpio.o
        52         12          0          0          0       1263   stm32h7xx_hal_hsem.o
       300         44          0          0          0       2347   stm32h7xx_hal_msp_1.o
        16          4          0          0          0        551   stm32h7xx_hal_pwr.o
       132          4          0          0          0        865   stm32h7xx_hal_pwr_ex.o
      2214         98          0          0          0       6748   stm32h7xx_hal_rcc.o
      3534        126          0          0          0       8419   stm32h7xx_hal_rcc_ex.o
       950         24          0          0          0       7652   stm32h7xx_hal_rtc.o
      4602        134          0          0          0      13641   stm32h7xx_hal_uart.o
       322         18          0          0          0       5410   stm32h7xx_hal_uart_ex.o
       112         26          0          0          0       5207   stm32h7xx_it_1.o
       184         22         16          8          0       1542   system_stm32h7xx_dualcore_boot_cm4_cm7.o

    ----------------------------------------------------------------------
     18592        876        736         44       1548    1516916   Object Totals
         0          0         32          0          0          0   (incl. Generated)
        20          0          0          0          4          0   (incl. Padding)

    ----------------------------------------------------------------------

      Code (inc. data)   RO Data    RW Data    ZI Data      Debug   Library Member Name

         0          0          0          0          0          0   entry.o
         0          0          0          0          0          0   entry10a.o
         0          0          0          0          0          0   entry11a.o
         8          4          0          0          0          0   entry2.o
         4          0          0          0          0          0   entry5.o
         0          0          0          0          0          0   entry7b.o
         0          0          0          0          0          0   entry8b.o
         8          4          0          0          0          0   entry9a.o
        30          0          0          0          0          0   handlers.o
        36          8          0          0          0         68   init.o
        30          0          0          0          0         68   llshl.o
        32          0          0          0          0         68   llushr.o
        36          0          0          0          0        108   memseta.o
        98          0          0          0          0         92   uldiv.o

    ----------------------------------------------------------------------
       284         16          0          0          0        404   Library Totals
         2          0          0          0          0          0   (incl. Padding)

    ----------------------------------------------------------------------

      Code (inc. data)   RO Data    RW Data    ZI Data      Debug   Library Name

       282         16          0          0          0        404   mc_w.l

    ----------------------------------------------------------------------
       284         16          0          0          0        404   Library Totals

    ----------------------------------------------------------------------

==============================================================================


      Code (inc. data)   RO Data    RW Data    ZI Data      Debug   

     18876        892        736         44       1548    1508220   Grand Totals
     18876        892        736         44       1548    1508220   ELF Image Totals
     18876        892        736         44          0          0   ROM Totals

==============================================================================

    Total RO  Size (Code + RO Data)                19612 (  19.15kB)
    Total RW  Size (RW Data + ZI Data)              1592 (   1.55kB)
    Total ROM Size (Code + RO Data + RW Data)      19656 (  19.20kB)

==============================================================================

