Component: ARM Compiler 5.06 update 6 (build 750) Tool: armlink [4d35ed]

==============================================================================

Section Cross References

    startup_stm32h755xx_cm7.o(RESET) refers to startup_stm32h755xx_cm7.o(STACK) for __initial_sp
    startup_stm32h755xx_cm7.o(RESET) refers to startup_stm32h755xx_cm7.o(.text) for Reset_Handler
    startup_stm32h755xx_cm7.o(RESET) refers to stm32h7xx_it_1.o(i.NMI_Handler) for NMI_Handler
    startup_stm32h755xx_cm7.o(RESET) refers to stm32h7xx_it_1.o(i.HardFault_Handler) for HardFault_Handler
    startup_stm32h755xx_cm7.o(RESET) refers to stm32h7xx_it_1.o(i.MemManage_Handler) for MemManage_Handler
    startup_stm32h755xx_cm7.o(RESET) refers to stm32h7xx_it_1.o(i.BusFault_Handler) for BusFault_Handler
    startup_stm32h755xx_cm7.o(RESET) refers to stm32h7xx_it_1.o(i.UsageFault_Handler) for UsageFault_Handler
    startup_stm32h755xx_cm7.o(RESET) refers to stm32h7xx_it_1.o(i.SVC_Handler) for SVC_Handler
    startup_stm32h755xx_cm7.o(RESET) refers to stm32h7xx_it_1.o(i.DebugMon_Handler) for DebugMon_Handler
    startup_stm32h755xx_cm7.o(RESET) refers to stm32h7xx_it_1.o(i.PendSV_Handler) for PendSV_Handler
    startup_stm32h755xx_cm7.o(RESET) refers to stm32h7xx_it_1.o(i.SysTick_Handler) for SysTick_Handler
    startup_stm32h755xx_cm7.o(RESET) refers to stm32h7xx_it_1.o(i.RTC_WKUP_IRQHandler) for RTC_WKUP_IRQHandler
    startup_stm32h755xx_cm7.o(RESET) refers to stm32h7xx_it_1.o(i.EXTI3_IRQHandler) for EXTI3_IRQHandler
    startup_stm32h755xx_cm7.o(RESET) refers to stm32h7xx_it_1.o(i.EXTI15_10_IRQHandler) for EXTI15_10_IRQHandler
    startup_stm32h755xx_cm7.o(RESET) refers to stm32h7xx_it_1.o(i.UART4_IRQHandler) for UART4_IRQHandler
    startup_stm32h755xx_cm7.o(RESET) refers to stm32h7xx_it_1.o(i.USART6_IRQHandler) for USART6_IRQHandler
    startup_stm32h755xx_cm7.o(.text) refers to system_stm32h7xx_dualcore_boot_cm4_cm7.o(i.SystemInit) for SystemInit
    startup_stm32h755xx_cm7.o(.text) refers to entry.o(.ARM.Collect$$$$00000000) for __main
    main_1.o(i.main) refers to _scanf_int.o(.text) for _scanf_int
    main_1.o(i.main) refers to stm32h7xx_hal.o(i.HAL_Init) for HAL_Init
    main_1.o(i.main) refers to init_functions.o(i.SystemClock_Config) for SystemClock_Config
    main_1.o(i.main) refers to stm32h7xx_hal_hsem.o(i.HAL_HSEM_FastTake) for HAL_HSEM_FastTake
    main_1.o(i.main) refers to stm32h7xx_hal_hsem.o(i.HAL_HSEM_Release) for HAL_HSEM_Release
    main_1.o(i.main) refers to init_functions.o(i.MX_USART3_UART_Init) for MX_USART3_UART_Init
    main_1.o(i.main) refers to init_functions.o(i.GPIO_LED_Init) for GPIO_LED_Init
    main_1.o(i.main) refers to init_functions.o(i.GPIO_IR_Init) for GPIO_IR_Init
    main_1.o(i.main) refers to init_functions.o(i.USART6_Init) for USART6_Init
    main_1.o(i.main) refers to init_functions.o(i.GPIO_BUTTON_Init) for GPIO_BUTTON_Init
    main_1.o(i.main) refers to tm1637.o(i.TM1637_Init) for TM1637_Init
    main_1.o(i.main) refers to init_functions.o(i.MX_RTC_Init) for MX_RTC_Init
    main_1.o(i.main) refers to led_functions.o(i.LED_GREEN_ON) for LED_GREEN_ON
    main_1.o(i.main) refers to tm1637.o(i.TM1637_WriteTime) for TM1637_WriteTime
    main_1.o(i.main) refers to stm32h7xx_hal_cortex.o(i.HAL_NVIC_DisableIRQ) for HAL_NVIC_DisableIRQ
    main_1.o(i.main) refers to stm32h7xx_hal_uart.o(i.HAL_UART_Transmit) for HAL_UART_Transmit
    main_1.o(i.main) refers to led_functions.o(i.LED_GREEN_OFF) for LED_GREEN_OFF
    main_1.o(i.main) refers to stm32h7xx_hal_rtc.o(i.HAL_RTC_SetTime) for HAL_RTC_SetTime
    main_1.o(i.main) refers to stm32h7xx_hal_rtc.o(i.HAL_RTC_SetDate) for HAL_RTC_SetDate
    main_1.o(i.main) refers to init_functions.o(i.MX_UART4_Init) for MX_UART4_Init
    main_1.o(i.main) refers to stm32h7xx_hal_uart.o(i.HAL_UART_Receive) for HAL_UART_Receive
    main_1.o(i.main) refers to __0sscanf.o(.text) for __0sscanf
    main_1.o(i.main) refers to printf3.o(i.__0sprintf$3) for __2sprintf
    main_1.o(i.main) refers to strlen.o(.text) for strlen
    main_1.o(i.main) refers to main_1.o(.data) for .data
    main_1.o(i.main) refers to main_1.o(.bss) for .bss
    main_1.o(i.send_time) refers to printf3.o(i.__0sprintf$3) for __2sprintf
    main_1.o(i.send_time) refers to strlen.o(.text) for strlen
    main_1.o(i.send_time) refers to stm32h7xx_hal_uart.o(i.HAL_UART_Transmit) for HAL_UART_Transmit
    main_1.o(i.send_time) refers to main_1.o(.bss) for .bss
    stm32h7xx_it_1.o(i.EXTI15_10_IRQHandler) refers to stm32h7xx_hal_rtc.o(i.HAL_RTC_SetTime) for HAL_RTC_SetTime
    stm32h7xx_it_1.o(i.EXTI15_10_IRQHandler) refers to stm32h7xx_hal_rtc.o(i.HAL_RTC_SetDate) for HAL_RTC_SetDate
    stm32h7xx_it_1.o(i.EXTI15_10_IRQHandler) refers to led_functions.o(i.LED_GREEN_OFF) for LED_GREEN_OFF
    stm32h7xx_it_1.o(i.EXTI15_10_IRQHandler) refers to tm1637.o(i.TM1637_WriteTime) for TM1637_WriteTime
    stm32h7xx_it_1.o(i.EXTI15_10_IRQHandler) refers to stm32h7xx_it_1.o(.data) for .data
[...]
    tm1637.o(i.TM1637_Start) refers to stm32h7xx_hal_gpio.o(i.HAL_GPIO_WritePin) for HAL_GPIO_WritePin
    tm1637.o(i.TM1637_Stop) refers to stm32h7xx_hal_gpio.o(i.HAL_GPIO_WritePin) for HAL_GPIO_WritePin
    tm1637.o(i.TM1637_WriteByte) refers to stm32h7xx_hal_gpio.o(i.HAL_GPIO_WritePin) for HAL_GPIO_WritePin
    tm1637.o(i.TM1637_WriteDigits) refers to tm1637.o(i.TM1637_Start) for TM1637_Start
    tm1637.o(i.TM1637_WriteDigits) refers to tm1637.o(i.TM1637_WriteByte) for TM1637_WriteByte
    tm1637.o(i.TM1637_WriteDigits) refers to tm1637.o(i.TM1637_Ask) for TM1637_Ask
    tm1637.o(i.TM1637_WriteDigits) refers to tm1637.o(i.TM1637_Stop) for TM1637_Stop
    tm1637.o(i.TM1637_WriteDigits) refers to tm1637.o(i.TM1637_ConvertDecToSegment) for TM1637_ConvertDecToSegment
    tm1637.o(i.TM1637_WriteTime) refers to tm1637.o(i.TM1637_WriteDigits) for TM1637_WriteDigits
    tm1637.o(i.TM1637_setBrightness) refers to tm1637.o(i.TM1637_Start) for TM1637_Start
    tm1637.o(i.TM1637_setBrightness) refers to tm1637.o(i.TM1637_WriteByte) for TM1637_WriteByte
    tm1637.o(i.TM1637_setBrightness) refers to tm1637.o(i.TM1637_Ask) for TM1637_Ask
    tm1637.o(i.TM1637_setBrightness) refers to tm1637.o(i.TM1637_Stop) for TM1637_Stop
    led_functions.o(i.LED_GREEN_OFF) refers to stm32h7xx_hal_gpio.o(i.HAL_GPIO_WritePin) for HAL_GPIO_WritePin
    led_functions.o(i.LED_GREEN_ON) refers to stm32h7xx_hal_gpio.o(i.HAL_GPIO_WritePin) for HAL_GPIO_WritePin
    led_functions.o(i.LED_GREEN_TOGGLE) refers to stm32h7xx_hal_gpio.o(i.HAL_GPIO_TogglePin) for HAL_GPIO_TogglePin
    led_functions.o(i.LED_RED_OFF) refers to stm32h7xx_hal_gpio.o(i.HAL_GPIO_WritePin) for HAL_GPIO_WritePin
    led_functions.o(i.LED_RED_ON) refers to stm32h7xx_hal_gpio.o(i.HAL_GPIO_WritePin) for HAL_GPIO_WritePin
    led_functions.o(i.LED_RED_TOGGLE) refers to stm32h7xx_hal_gpio.o(i.HAL_GPIO_TogglePin) for HAL_GPIO_TogglePin
    led_functions.o(i.LED_YELLOW_OFF) refers to stm32h7xx_hal_gpio.o(i.HAL_GPIO_WritePin) for HAL_GPIO_WritePin
    led_functions.o(i.LED_YELLOW_ON) refers to stm32h7xx_hal_gpio.o(i.HAL_GPIO_WritePin) for HAL_GPIO_WritePin
    led_functions.o(i.LED_YELLOW_TOGGLE) refers to stm32h7xx_hal_gpio.o(i.HAL_GPIO_TogglePin) for HAL_GPIO_TogglePin
    init_functions.o(i.GPIO_BUTTON_Init) refers to stm32h7xx_hal_gpio.o(i.HAL_GPIO_Init) for HAL_GPIO_Init
    init_functions.o(i.GPIO_BUTTON_Init) refers to stm32h7xx_hal_cortex.o(i.HAL_NVIC_SetPriority) for HAL_NVIC_SetPriority
    init_functions.o(i.GPIO_BUTTON_Init) refers to stm32h7xx_hal_cortex.o(i.HAL_NVIC_EnableIRQ) for HAL_NVIC_EnableIRQ
    init_functions.o(i.GPIO_IR_Init) refers to stm32h7xx_hal_gpio.o(i.HAL_GPIO_Init) for HAL_GPIO_Init
    init_functions.o(i.GPIO_IR_Init) refers to stm32h7xx_hal_cortex.o(i.HAL_NVIC_SetPriority) for HAL_NVIC_SetPriority
    init_functions.o(i.GPIO_IR_Init) refers to stm32h7xx_hal_cortex.o(i.HAL_NVIC_EnableIRQ) for HAL_NVIC_EnableIRQ
    init_functions.o(i.GPIO_LED_Init) refers to stm32h7xx_hal_gpio.o(i.HAL_GPIO_Init) for HAL_GPIO_Init
    init_functions.o(i.MX_RTC_Init) refers to memseta.o(.text) for __aeabi_memclr4
    init_functions.o(i.MX_RTC_Init) refers to stm32h7xx_hal_rtc.o(i.HAL_RTC_Init) for HAL_RTC_Init
    init_functions.o(i.MX_RTC_Init) refers to main_1.o(i.Error_Handler) for Error_Handler
    init_functions.o(i.MX_RTC_Init) refers to stm32h7xx_hal_rtc.o(i.HAL_RTC_SetTime) for HAL_RTC_SetTime
    init_functions.o(i.MX_RTC_Init) refers to stm32h7xx_hal_rtc.o(i.HAL_RTC_SetDate) for HAL_RTC_SetDate
    init_functions.o(i.MX_RTC_Init) refers to stm32h7xx_hal_cortex.o(i.HAL_NVIC_SetPriority) for HAL_NVIC_SetPriority
    init_functions.o(i.MX_RTC_Init) refers to stm32h7xx_hal_cortex.o(i.HAL_NVIC_EnableIRQ) for HAL_NVIC_EnableIRQ
    init_functions.o(i.MX_RTC_Init) refers to init_functions.o(.bss) for .bss
    init_functions.o(i.MX_UART4_Init) refers to stm32h7xx_hal_uart.o(i.HAL_UART_Init) for HAL_UART_Init
    init_functions.o(i.MX_UART4_Init) refers to main_1.o(i.Error_Handler) for Error_Handler
    init_functions.o(i.MX_UART4_Init) refers to stm32h7xx_hal_uart_ex.o(i.HAL_UARTEx_SetTxFifoThreshold) for HAL_UARTEx_SetTxFifoThreshold
    init_functions.o(i.MX_UART4_Init) refers to stm32h7xx_hal_uart_ex.o(i.HAL_UARTEx_SetRxFifoThreshold) for HAL_UARTEx_SetRxFifoThreshold
    init_functions.o(i.MX_UART4_Init) refers to stm32h7xx_hal_uart_ex.o(i.HAL_UARTEx_DisableFifoMode) for HAL_UARTEx_DisableFifoMode
    init_functions.o(i.MX_UART4_Init) refers to init_functions.o(.bss) for .bss
    init_functions.o(i.MX_USART3_UART_Init) refers to stm32h7xx_hal_uart.o(i.HAL_UART_Init) for HAL_UART_Init
    init_functions.o(i.MX_USART3_UART_Init) refers to main_1.o(i.Error_Handler) for Error_Handler
    init_functions.o(i.MX_USART3_UART_Init) refers to stm32h7xx_hal_uart_ex.o(i.HAL_UARTEx_SetTxFifoThreshold) for HAL_UARTEx_SetTxFifoThreshold
    init_functions.o(i.MX_USART3_UART_Init) refers to stm32h7xx_hal_uart_ex.o(i.HAL_UARTEx_SetRxFifoThreshold) for HAL_UARTEx_SetRxFifoThreshold
    init_functions.o(i.MX_USART3_UART_Init) refers to stm32h7xx_hal_uart_ex.o(i.HAL_UARTEx_DisableFifoMode) for HAL_UARTEx_DisableFifoMode
    init_functions.o(i.MX_USART3_UART_Init) refers to init_functions.o(.bss) for .bss
    init_functions.o(i.SystemClock_Config) refers to memseta.o(.text) for __aeabi_memclr4
    init_functions.o(i.SystemClock_Config) refers to stm32h7xx_hal_pwr_ex.o(i.HAL_PWREx_ConfigSupply) for HAL_PWREx_ConfigSupply
    init_functions.o(i.SystemClock_Config) refers to stm32h7xx_hal_pwr.o(i.HAL_PWR_EnableBkUpAccess) for HAL_PWR_EnableBkUpAccess
    init_functions.o(i.SystemClock_Config) refers to stm32h7xx_hal.o(i.HAL_GetREVID) for HAL_GetREVID
    init_functions.o(i.SystemClock_Config) refers to stm32h7xx_hal_rcc.o(i.HAL_RCC_OscConfig) for HAL_RCC_OscConfig
    init_functions.o(i.SystemClock_Config) refers to main_1.o(i.Error_Handler) for Error_Handler
    init_functions.o(i.SystemClock_Config) refers to stm32h7xx_hal_rcc.o(i.HAL_RCC_ClockConfig) for HAL_RCC_ClockConfig
    init_functions.o(i.SystemClock_Config) refers to stm32h7xx_hal_rcc_ex.o(i.HAL_RCCEx_PeriphCLKConfig) for HAL_RCCEx_PeriphCLKConfig
    init_functions.o(i.USART6_Init) refers to stm32h7xx_hal_uart.o(i.HAL_UART_Init) for HAL_UART_Init
    init_functions.o(i.USART6_Init) refers to main_1.o(i.Error_Handler) for Error_Handler
    init_functions.o(i.USART6_Init) refers to stm32h7xx_hal_uart_ex.o(i.HAL_UARTEx_SetTxFifoThreshold) for HAL_UARTEx_SetTxFifoThreshold
    init_functions.o(i.USART6_Init) refers to stm32h7xx_hal_uart_ex.o(i.HAL_UARTEx_SetRxFifoThreshold) for HAL_UARTEx_SetRxFifoThreshold
    init_functions.o(i.USART6_Init) refers to stm32h7xx_hal_uart_ex.o(i.HAL_UARTEx_DisableFifoMode) for HAL_UARTEx_DisableFifoMode
    init_functions.o(i.USART6_Init) refers to stm32h7xx_hal_gpio.o(i.HAL_GPIO_Init) for HAL_GPIO_Init
    init_functions.o(i.USART6_Init) refers to stm32h7xx_hal_cortex.o(i.HAL_NVIC_SetPriority) for HAL_NVIC_SetPriority
    init_functions.o(i.USART6_Init) refers to stm32h7xx_hal_cortex.o(i.HAL_NVIC_EnableIRQ) for HAL_NVIC_EnableIRQ
    init_functions.o(i.USART6_Init) refers to init_functions.o(.bss) for .bss
    stm32h7xx_hal_cortex.o(i.HAL_NVIC_SetPriority) refers to stm32h7xx_hal_cortex.o(i.__NVIC_SetPriority) for __NVIC_SetPriority
    stm32h7xx_hal_cortex.o(i.HAL_SYSTICK_Config) refers to stm32h7xx_hal_cortex.o(i.__NVIC_SetPriority) for __NVIC_SetPriority
    stm32h7xx_hal_cortex.o(i.HAL_SYSTICK_IRQHandler) refers to stm32h7xx_hal_cortex.o(i.HAL_SYSTICK_Callback) for HAL_SYSTICK_Callback
    stm32h7xx_hal_rtc.o(i.HAL_RTC_AlarmIRQHandler) refers to stm32h7xx_hal_cortex.o(i.HAL_GetCurrentCPUID) for HAL_GetCurrentCPUID
    stm32h7xx_hal_rtc.o(i.HAL_RTC_AlarmIRQHandler) refers to stm32h7xx_hal_rtc.o(i.HAL_RTC_AlarmAEventCallback) for HAL_RTC_AlarmAEventCallback
    stm32h7xx_hal_rtc.o(i.HAL_RTC_AlarmIRQHandler) refers to stm32h7xx_hal_rtc_ex.o(i.HAL_RTCEx_AlarmBEventCallback) for HAL_RTCEx_AlarmBEventCallback
    stm32h7xx_hal_rtc.o(i.HAL_RTC_DeInit) refers to stm32h7xx_hal_rtc.o(i.RTC_EnterInitMode) for RTC_EnterInitMode
    stm32h7xx_hal_rtc.o(i.HAL_RTC_DeInit) refers to stm32h7xx_hal.o(i.HAL_GetTick) for HAL_GetTick
    stm32h7xx_hal_rtc.o(i.HAL_RTC_DeInit) refers to stm32h7xx_hal_rtc.o(i.HAL_RTC_WaitForSynchro) for HAL_RTC_WaitForSynchro
    stm32h7xx_hal_rtc.o(i.HAL_RTC_DeInit) refers to stm32h7xx_hal_msp_1.o(i.HAL_RTC_MspDeInit) for HAL_RTC_MspDeInit
    stm32h7xx_hal_rtc.o(i.HAL_RTC_DeactivateAlarm) refers to stm32h7xx_hal.o(i.HAL_GetTick) for HAL_GetTick
    stm32h7xx_hal_rtc.o(i.HAL_RTC_GetAlarm) refers to stm32h7xx_hal_rtc.o(i.RTC_Bcd2ToByte) for RTC_Bcd2ToByte
    stm32h7xx_hal_rtc.o(i.HAL_RTC_GetDate) refers to stm32h7xx_hal_rtc.o(i.RTC_Bcd2ToByte) for RTC_Bcd2ToByte
    stm32h7xx_hal_rtc.o(i.HAL_RTC_GetTime) refers to stm32h7xx_hal_rtc.o(i.RTC_Bcd2ToByte) for RTC_Bcd2ToByte
    stm32h7xx_hal_rtc.o(i.HAL_RTC_Init) refers to stm32h7xx_hal_msp_1.o(i.HAL_RTC_MspInit) for HAL_RTC_MspInit
    stm32h7xx_hal_rtc.o(i.HAL_RTC_Init) refers to stm32h7xx_hal_rtc.o(i.RTC_EnterInitMode) for RTC_EnterInitMode
    stm32h7xx_hal_rtc.o(i.HAL_RTC_PollForAlarmAEvent) refers to stm32h7xx_hal.o(i.HAL_GetTick) for HAL_GetTick
    stm32h7xx_hal_rtc.o(i.HAL_RTC_SetAlarm) refers to stm32h7xx_hal.o(i.HAL_GetTick) for HAL_GetTick
    stm32h7xx_hal_rtc.o(i.HAL_RTC_SetAlarm) refers to stm32h7xx_hal_rtc.o(i.RTC_ByteToBcd2) for RTC_ByteToBcd2
    stm32h7xx_hal_rtc.o(i.HAL_RTC_SetAlarm_IT) refers to stm32h7xx_hal.o(i.HAL_GetTick) for HAL_GetTick
    stm32h7xx_hal_rtc.o(i.HAL_RTC_SetAlarm_IT) refers to stm32h7xx_hal_rtc.o(i.RTC_ByteToBcd2) for RTC_ByteToBcd2
    stm32h7xx_hal_rtc.o(i.HAL_RTC_SetDate) refers to stm32h7xx_hal_rtc.o(i.RTC_EnterInitMode) for RTC_EnterInitMode
    stm32h7xx_hal_rtc.o(i.HAL_RTC_SetDate) refers to stm32h7xx_hal_rtc.o(i.RTC_ByteToBcd2) for RTC_ByteToBcd2
    stm32h7xx_hal_rtc.o(i.HAL_RTC_SetDate) refers to stm32h7xx_hal_rtc.o(i.HAL_RTC_WaitForSynchro) for HAL_RTC_WaitForSynchro
    stm32h7xx_hal_rtc.o(i.HAL_RTC_SetTime) refers to stm32h7xx_hal_rtc.o(i.RTC_EnterInitMode) for RTC_EnterInitMode
    stm32h7xx_hal_rtc.o(i.HAL_RTC_SetTime) refers to stm32h7xx_hal_rtc.o(i.RTC_ByteToBcd2) for RTC_ByteToBcd2
    stm32h7xx_hal_rtc.o(i.HAL_RTC_SetTime) refers to stm32h7xx_hal_rtc.o(i.HAL_RTC_WaitForSynchro) for HAL_RTC_WaitForSynchro
    stm32h7xx_hal_rtc.o(i.HAL_RTC_WaitForSynchro) refers to stm32h7xx_hal.o(i.HAL_GetTick) for HAL_GetTick
    stm32h7xx_hal_rtc.o(i.RTC_EnterInitMode) refers to stm32h7xx_hal.o(i.HAL_GetTick) for HAL_GetTick
    stm32h7xx_hal_rtc_ex.o(i.HAL_RTCEx_DeactivateRefClock) refers to stm32h7xx_hal_rtc.o(i.RTC_EnterInitMode) for RTC_EnterInitMode
    stm32h7xx_hal_rtc_ex.o(i.HAL_RTCEx_DeactivateWakeUpTimer) refers to stm32h7xx_hal.o(i.HAL_GetTick) for HAL_GetTick
    stm32h7xx_hal_rtc_ex.o(i.HAL_RTCEx_GetTimeStamp) refers to stm32h7xx_hal_rtc.o(i.RTC_Bcd2ToByte) for RTC_Bcd2ToByte
    stm32h7xx_hal_rtc_ex.o(i.HAL_RTCEx_PollForAlarmBEvent) refers to stm32h7xx_hal.o(i.HAL_GetTick) for HAL_GetTick
    stm32h7xx_hal_rtc_ex.o(i.HAL_RTCEx_PollForTamper1Event) refers to stm32h7xx_hal.o(i.HAL_GetTick) for HAL_GetTick
    stm32h7xx_hal_rtc_ex.o(i.HAL_RTCEx_PollForTamper2Event) refers to stm32h7xx_hal.o(i.HAL_GetTick) for HAL_GetTick
    stm32h7xx_hal_rtc_ex.o(i.HAL_RTCEx_PollForTamper3Event) refers to stm32h7xx_hal.o(i.HAL_GetTick) for HAL_GetTick
    stm32h7xx_hal_rtc_ex.o(i.HAL_RTCEx_PollForTimeStampEvent) refers to stm32h7xx_hal.o(i.HAL_GetTick) for HAL_GetTick
    stm32h7xx_hal_rtc_ex.o(i.HAL_RTCEx_PollForWakeUpTimerEvent) refers to stm32h7xx_hal.o(i.HAL_GetTick) for HAL_GetTick
    stm32h7xx_hal_rtc_ex.o(i.HAL_RTCEx_SetRefClock) refers to stm32h7xx_hal_rtc.o(i.RTC_EnterInitMode) for RTC_EnterInitMode
    stm32h7xx_hal_rtc_ex.o(i.HAL_RTCEx_SetSmoothCalib) refers to stm32h7xx_hal.o(i.HAL_GetTick) for HAL_GetTick
    stm32h7xx_hal_rtc_ex.o(i.HAL_RTCEx_SetSynchroShift) refers to stm32h7xx_hal.o(i.HAL_GetTick) for HAL_GetTick
    stm32h7xx_hal_rtc_ex.o(i.HAL_RTCEx_SetSynchroShift) refers to stm32h7xx_hal_rtc.o(i.HAL_RTC_WaitForSynchro) for HAL_RTC_WaitForSynchro
    stm32h7xx_hal_rtc_ex.o(i.HAL_RTCEx_SetWakeUpTimer) refers to stm32h7xx_hal.o(i.HAL_GetTick) for HAL_GetTick
    stm32h7xx_hal_rtc_ex.o(i.HAL_RTCEx_SetWakeUpTimer_IT) refers to stm32h7xx_hal.o(i.HAL_GetTick) for HAL_GetTick
    stm32h7xx_hal_rtc_ex.o(i.HAL_RTCEx_TamperTimeStampIRQHandler) refers to stm32h7xx_hal_cortex.o(i.HAL_GetCurrentCPUID) for HAL_GetCurrentCPUID
    stm32h7xx_hal_rtc_ex.o(i.HAL_RTCEx_TamperTimeStampIRQHandler) refers to stm32h7xx_hal_rtc_ex.o(i.HAL_RTCEx_TimeStampEventCallback) for HAL_RTCEx_TimeStampEventCallback
    stm32h7xx_hal_rtc_ex.o(i.HAL_RTCEx_TamperTimeStampIRQHandler) refers to stm32h7xx_hal_rtc_ex.o(i.HAL_RTCEx_Tamper1EventCallback) for HAL_RTCEx_Tamper1EventCallback
    stm32h7xx_hal_rtc_ex.o(i.HAL_RTCEx_TamperTimeStampIRQHandler) refers to stm32h7xx_hal_rtc_ex.o(i.HAL_RTCEx_Tamper2EventCallback) for HAL_RTCEx_Tamper2EventCallback
    stm32h7xx_hal_rtc_ex.o(i.HAL_RTCEx_TamperTimeStampIRQHandler) refers to stm32h7xx_hal_rtc_ex.o(i.HAL_RTCEx_Tamper3EventCallback) for HAL_RTCEx_Tamper3EventCallback
    stm32h7xx_hal_rtc_ex.o(i.HAL_RTCEx_WakeUpTimerIRQHandler) refers to stm32h7xx_hal_cortex.o(i.HAL_GetCurrentCPUID) for HAL_GetCurrentCPUID
    stm32h7xx_hal_rtc_ex.o(i.HAL_RTCEx_WakeUpTimerIRQHandler) refers to stm32h7xx_hal_rtc_ex.o(i.HAL_RTCEx_WakeUpTimerEventCallback) for HAL_RTCEx_WakeUpTimerEventCallback
    stm32h7xx_hal_rcc.o(i.HAL_RCC_ClockConfig) refers to stm32h7xx_hal.o(i.HAL_GetTick) for HAL_GetTick
    stm32h7xx_hal_rcc.o(i.HAL_RCC_ClockConfig) refers to stm32h7xx_hal_rcc.o(i.HAL_RCC_GetSysClockFreq) for HAL_RCC_GetSysClockFreq
    stm32h7xx_hal_rcc.o(i.HAL_RCC_ClockConfig) refers to stm32h7xx_hal.o(i.HAL_InitTick) for HAL_InitTick
    stm32h7xx_hal_rcc.o(i.HAL_RCC_ClockConfig) refers to system_stm32h7xx_dualcore_boot_cm4_cm7.o(.constdata) for D1CorePrescTable
    stm32h7xx_hal_rcc.o(i.HAL_RCC_ClockConfig) refers to system_stm32h7xx_dualcore_boot_cm4_cm7.o(.data) for SystemCoreClock
    stm32h7xx_hal_rcc.o(i.HAL_RCC_ClockConfig) refers to stm32h7xx_hal.o(.data) for uwTickPrio
    stm32h7xx_hal_rcc.o(i.HAL_RCC_DeInit) refers to stm32h7xx_hal.o(i.HAL_GetTick) for HAL_GetTick
    stm32h7xx_hal_rcc.o(i.HAL_RCC_DeInit) refers to stm32h7xx_hal.o(i.HAL_InitTick) for HAL_InitTick
    stm32h7xx_hal_rcc.o(i.HAL_RCC_DeInit) refers to system_stm32h7xx_dualcore_boot_cm4_cm7.o(.data) for SystemCoreClock
    stm32h7xx_hal_rcc.o(i.HAL_RCC_DeInit) refers to stm32h7xx_hal.o(.data) for uwTickPrio
    stm32h7xx_hal_rcc.o(i.HAL_RCC_GetHCLKFreq) refers to stm32h7xx_hal_rcc_ex.o(i.HAL_RCCEx_GetD1SysClockFreq) for HAL_RCCEx_GetD1SysClockFreq
    stm32h7xx_hal_rcc.o(i.HAL_RCC_GetHCLKFreq) refers to system_stm32h7xx_dualcore_boot_cm4_cm7.o(.data) for SystemD2Clock
    stm32h7xx_hal_rcc.o(i.HAL_RCC_GetHCLKFreq) refers to system_stm32h7xx_dualcore_boot_cm4_cm7.o(.constdata) for D1CorePrescTable
    stm32h7xx_hal_rcc.o(i.HAL_RCC_GetOscConfig) refers to stm32h7xx_hal.o(i.HAL_GetREVID) for HAL_GetREVID
    stm32h7xx_hal_rcc.o(i.HAL_RCC_GetPCLK1Freq) refers to stm32h7xx_hal_rcc.o(i.HAL_RCC_GetHCLKFreq) for HAL_RCC_GetHCLKFreq
    stm32h7xx_hal_rcc.o(i.HAL_RCC_GetPCLK1Freq) refers to system_stm32h7xx_dualcore_boot_cm4_cm7.o(.constdata) for D1CorePrescTable
    stm32h7xx_hal_rcc.o(i.HAL_RCC_GetPCLK2Freq) refers to stm32h7xx_hal_rcc.o(i.HAL_RCC_GetHCLKFreq) for HAL_RCC_GetHCLKFreq
    stm32h7xx_hal_rcc.o(i.HAL_RCC_GetPCLK2Freq) refers to system_stm32h7xx_dualcore_boot_cm4_cm7.o(.constdata) for D1CorePrescTable
    stm32h7xx_hal_rcc.o(i.HAL_RCC_MCOConfig) refers to stm32h7xx_hal_gpio.o(i.HAL_GPIO_Init) for HAL_GPIO_Init
    stm32h7xx_hal_rcc.o(i.HAL_RCC_NMI_IRQHandler) refers to stm32h7xx_hal_rcc.o(i.HAL_RCC_CSSCallback) for HAL_RCC_CSSCallback
    stm32h7xx_hal_rcc.o(i.HAL_RCC_OscConfig) refers to stm32h7xx_hal.o(i.HAL_GetTick) for HAL_GetTick
    stm32h7xx_hal_rcc.o(i.HAL_RCC_OscConfig) refers to stm32h7xx_hal.o(i.HAL_GetREVID) for HAL_GetREVID
    stm32h7xx_hal_rcc_ex.o(i.HAL_RCCEx_CRSConfig) refers to stm32h7xx_hal.o(i.HAL_GetREVID) for HAL_GetREVID
    stm32h7xx_hal_rcc_ex.o(i.HAL_RCCEx_CRSWaitSynchronization) refers to stm32h7xx_hal.o(i.HAL_GetTick) for HAL_GetTick
    stm32h7xx_hal_rcc_ex.o(i.HAL_RCCEx_CRS_IRQHandler) refers to stm32h7xx_hal_rcc_ex.o(i.HAL_RCCEx_CRS_SyncOkCallback) for HAL_RCCEx_CRS_SyncOkCallback
    stm32h7xx_hal_rcc_ex.o(i.HAL_RCCEx_CRS_IRQHandler) refers to stm32h7xx_hal_rcc_ex.o(i.HAL_RCCEx_CRS_SyncWarnCallback) for HAL_RCCEx_CRS_SyncWarnCallback
    stm32h7xx_hal_rcc_ex.o(i.HAL_RCCEx_CRS_IRQHandler) refers to stm32h7xx_hal_rcc_ex.o(i.HAL_RCCEx_CRS_ExpectedSyncCallback) for HAL_RCCEx_CRS_ExpectedSyncCallback
    stm32h7xx_hal_rcc_ex.o(i.HAL_RCCEx_CRS_IRQHandler) refers to stm32h7xx_hal_rcc_ex.o(i.HAL_RCCEx_CRS_ErrorCallback) for HAL_RCCEx_CRS_ErrorCallback
    stm32h7xx_hal_rcc_ex.o(i.HAL_RCCEx_GetD1PCLK1Freq) refers to stm32h7xx_hal_rcc.o(i.HAL_RCC_GetHCLKFreq) for HAL_RCC_GetHCLKFreq
    stm32h7xx_hal_rcc_ex.o(i.HAL_RCCEx_GetD1PCLK1Freq) refers to system_stm32h7xx_dualcore_boot_cm4_cm7.o(.constdata) for D1CorePrescTable
    stm32h7xx_hal_rcc_ex.o(i.HAL_RCCEx_GetD1SysClockFreq) refers to stm32h7xx_hal_rcc.o(i.HAL_RCC_GetSysClockFreq) for HAL_RCC_GetSysClockFreq
    stm32h7xx_hal_rcc_ex.o(i.HAL_RCCEx_GetD1SysClockFreq) refers to system_stm32h7xx_dualcore_boot_cm4_cm7.o(.data) for SystemCoreClock
    stm32h7xx_hal_rcc_ex.o(i.HAL_RCCEx_GetD1SysClockFreq) refers to system_stm32h7xx_dualcore_boot_cm4_cm7.o(.constdata) for D1CorePrescTable
    stm32h7xx_hal_rcc_ex.o(i.HAL_RCCEx_GetD3PCLK1Freq) refers to stm32h7xx_hal_rcc.o(i.HAL_RCC_GetHCLKFreq) for HAL_RCC_GetHCLKFreq
    stm32h7xx_hal_rcc_ex.o(i.HAL_RCCEx_GetD3PCLK1Freq) refers to system_stm32h7xx_dualcore_boot_cm4_cm7.o(.constdata) for D1CorePrescTable
    stm32h7xx_hal_rcc_ex.o(i.HAL_RCCEx_GetPeriphCLKFreq) refers to stm32h7xx_hal_rcc_ex.o(i.HAL_RCCEx_GetPLL1ClockFreq) for HAL_RCCEx_GetPLL1ClockFreq
    stm32h7xx_hal_rcc_ex.o(i.HAL_RCCEx_GetPeriphCLKFreq) refers to stm32h7xx_hal_rcc_ex.o(i.HAL_RCCEx_GetPLL2ClockFreq) for HAL_RCCEx_GetPLL2ClockFreq
    stm32h7xx_hal_rcc_ex.o(i.HAL_RCCEx_GetPeriphCLKFreq) refers to stm32h7xx_hal_rcc_ex.o(i.HAL_RCCEx_GetPLL3ClockFreq) for HAL_RCCEx_GetPLL3ClockFreq
    stm32h7xx_hal_rcc_ex.o(i.HAL_RCCEx_PeriphCLKConfig) refers to stm32h7xx_hal_rcc_ex.o(i.RCCEx_PLL2_Config) for RCCEx_PLL2_Config
    stm32h7xx_hal_rcc_ex.o(i.HAL_RCCEx_PeriphCLKConfig) refers to stm32h7xx_hal_rcc_ex.o(i.RCCEx_PLL3_Config) for RCCEx_PLL3_Config
    stm32h7xx_hal_rcc_ex.o(i.HAL_RCCEx_PeriphCLKConfig) refers to stm32h7xx_hal.o(i.HAL_GetTick) for HAL_GetTick
    stm32h7xx_hal_rcc_ex.o(i.RCCEx_PLL2_Config) refers to stm32h7xx_hal.o(i.HAL_GetTick) for HAL_GetTick
    stm32h7xx_hal_rcc_ex.o(i.RCCEx_PLL3_Config) refers to stm32h7xx_hal.o(i.HAL_GetTick) for HAL_GetTick
    stm32h7xx_hal_flash.o(i.FLASH_CRC_WaitForLastOperation) refers to stm32h7xx_hal.o(i.HAL_GetTick) for HAL_GetTick
    stm32h7xx_hal_flash.o(i.FLASH_CRC_WaitForLastOperation) refers to stm32h7xx_hal_flash.o(.bss) for .bss
    stm32h7xx_hal_flash.o(i.FLASH_OB_WaitForLastOperation) refers to stm32h7xx_hal.o(i.HAL_GetTick) for HAL_GetTick
    stm32h7xx_hal_flash.o(i.FLASH_OB_WaitForLastOperation) refers to stm32h7xx_hal_flash.o(.bss) for .bss
    stm32h7xx_hal_flash.o(i.FLASH_WaitForLastOperation) refers to stm32h7xx_hal.o(i.HAL_GetTick) for HAL_GetTick
    stm32h7xx_hal_flash.o(i.FLASH_WaitForLastOperation) refers to stm32h7xx_hal_flash.o(.bss) for .bss
    stm32h7xx_hal_flash.o(i.HAL_FLASH_GetError) refers to stm32h7xx_hal_flash.o(.bss) for .bss
    stm32h7xx_hal_flash.o(i.HAL_FLASH_IRQHandler) refers to stm32h7xx_hal_flash.o(i.HAL_FLASH_OperationErrorCallback) for HAL_FLASH_OperationErrorCallback
    stm32h7xx_hal_flash.o(i.HAL_FLASH_IRQHandler) refers to stm32h7xx_hal_flash.o(i.HAL_FLASH_EndOfOperationCallback) for HAL_FLASH_EndOfOperationCallback
    stm32h7xx_hal_flash.o(i.HAL_FLASH_IRQHandler) refers to stm32h7xx_hal_flash_ex.o(i.FLASH_Erase_Sector) for FLASH_Erase_Sector
    stm32h7xx_hal_flash.o(i.HAL_FLASH_IRQHandler) refers to stm32h7xx_hal_flash.o(.bss) for .bss
    stm32h7xx_hal_flash.o(i.HAL_FLASH_OB_Launch) refers to stm32h7xx_hal_flash.o(i.FLASH_CRC_WaitForLastOperation) for FLASH_CRC_WaitForLastOperation
    stm32h7xx_hal_flash.o(i.HAL_FLASH_OB_Launch) refers to stm32h7xx_hal_flash.o(i.FLASH_OB_WaitForLastOperation) for FLASH_OB_WaitForLastOperation
    stm32h7xx_hal_flash.o(i.HAL_FLASH_Program) refers to stm32h7xx_hal_flash.o(i.FLASH_WaitForLastOperation) for FLASH_WaitForLastOperation
    stm32h7xx_hal_flash.o(i.HAL_FLASH_Program) refers to stm32h7xx_hal_flash.o(.bss) for .bss
    stm32h7xx_hal_flash.o(i.HAL_FLASH_Program_IT) refers to stm32h7xx_hal_flash.o(i.FLASH_WaitForLastOperation) for FLASH_WaitForLastOperation
    stm32h7xx_hal_flash.o(i.HAL_FLASH_Program_IT) refers to stm32h7xx_hal_flash.o(.bss) for .bss
    stm32h7xx_hal_flash_ex.o(i.HAL_FLASHEx_ComputeCRC) refers to stm32h7xx_hal_flash.o(i.FLASH_OB_WaitForLastOperation) for FLASH_OB_WaitForLastOperation
    stm32h7xx_hal_flash_ex.o(i.HAL_FLASHEx_ComputeCRC) refers to stm32h7xx_hal_flash_ex.o(i.FLASH_CRC_AddSector) for FLASH_CRC_AddSector
    stm32h7xx_hal_flash_ex.o(i.HAL_FLASHEx_ComputeCRC) refers to stm32h7xx_hal_flash_ex.o(i.FLASH_CRC_SelectAddress) for FLASH_CRC_SelectAddress
    stm32h7xx_hal_flash_ex.o(i.HAL_FLASHEx_ComputeCRC) refers to stm32h7xx_hal_flash.o(i.FLASH_CRC_WaitForLastOperation) for FLASH_CRC_WaitForLastOperation
    stm32h7xx_hal_flash_ex.o(i.HAL_FLASHEx_Erase) refers to stm32h7xx_hal_flash.o(i.FLASH_WaitForLastOperation) for FLASH_WaitForLastOperation
    stm32h7xx_hal_flash_ex.o(i.HAL_FLASHEx_Erase) refers to stm32h7xx_hal_flash_ex.o(i.FLASH_MassErase) for FLASH_MassErase
    stm32h7xx_hal_flash_ex.o(i.HAL_FLASHEx_Erase) refers to stm32h7xx_hal_flash_ex.o(i.FLASH_Erase_Sector) for FLASH_Erase_Sector
    stm32h7xx_hal_flash_ex.o(i.HAL_FLASHEx_Erase) refers to stm32h7xx_hal_flash.o(.bss) for pFlash
    stm32h7xx_hal_flash_ex.o(i.HAL_FLASHEx_Erase_IT) refers to stm32h7xx_hal_flash.o(i.FLASH_WaitForLastOperation) for FLASH_WaitForLastOperation
    stm32h7xx_hal_flash_ex.o(i.HAL_FLASHEx_Erase_IT) refers to stm32h7xx_hal_flash_ex.o(i.FLASH_Erase_Sector) for FLASH_Erase_Sector
    stm32h7xx_hal_flash_ex.o(i.HAL_FLASHEx_Erase_IT) refers to stm32h7xx_hal_flash_ex.o(i.FLASH_MassErase) for FLASH_MassErase
    stm32h7xx_hal_flash_ex.o(i.HAL_FLASHEx_Erase_IT) refers to stm32h7xx_hal_flash.o(.bss) for pFlash
    stm32h7xx_hal_flash_ex.o(i.HAL_FLASHEx_OBProgram) refers to stm32h7xx_hal_flash.o(i.FLASH_WaitForLastOperation) for FLASH_WaitForLastOperation
    stm32h7xx_hal_flash_ex.o(i.HAL_FLASHEx_OBProgram) refers to stm32h7xx_hal_flash_ex.o(i.FLASH_OB_UserConfig) for FLASH_OB_UserConfig
    stm32h7xx_hal_flash_ex.o(i.HAL_FLASHEx_OBProgram) refers to stm32h7xx_hal_flash.o(.bss) for pFlash
    stm32h7xx_hal_gpio.o(i.HAL_GPIO_EXTI_IRQHandler) refers to stm32h7xx_hal_gpio.o(i.HAL_GPIO_EXTI_Callback) for HAL_GPIO_EXTI_Callback
    stm32h7xx_hal_hsem.o(i.HAL_HSEM_IRQHandler) refers to stm32h7xx_hal_hsem.o(i.HAL_HSEM_FreeCallback) for HAL_HSEM_FreeCallback
    stm32h7xx_hal_dma.o(i.DMA_CalcBaseAndBitshift) refers to stm32h7xx_hal_dma.o(.constdata) for .constdata
    stm32h7xx_hal_dma.o(i.HAL_DMA_Abort) refers to stm32h7xx_hal.o(i.HAL_GetTick) for HAL_GetTick
    stm32h7xx_hal_dma.o(i.HAL_DMA_DeInit) refers to stm32h7xx_hal_dma.o(i.DMA_CalcBaseAndBitshift) for DMA_CalcBaseAndBitshift
    stm32h7xx_hal_dma.o(i.HAL_DMA_DeInit) refers to stm32h7xx_hal_dma.o(i.DMA_CalcDMAMUXChannelBaseAndMask) for DMA_CalcDMAMUXChannelBaseAndMask
    stm32h7xx_hal_dma.o(i.HAL_DMA_DeInit) refers to stm32h7xx_hal_dma.o(i.DMA_CalcDMAMUXRequestGenBaseAndMask) for DMA_CalcDMAMUXRequestGenBaseAndMask
    stm32h7xx_hal_dma.o(i.HAL_DMA_IRQHandler) refers to system_stm32h7xx_dualcore_boot_cm4_cm7.o(.data) for SystemCoreClock
    stm32h7xx_hal_dma.o(i.HAL_DMA_Init) refers to stm32h7xx_hal.o(i.HAL_GetTick) for HAL_GetTick
    stm32h7xx_hal_dma.o(i.HAL_DMA_Init) refers to stm32h7xx_hal_dma.o(i.DMA_CheckFifoParam) for DMA_CheckFifoParam
    stm32h7xx_hal_dma.o(i.HAL_DMA_Init) refers to stm32h7xx_hal_dma.o(i.DMA_CalcBaseAndBitshift) for DMA_CalcBaseAndBitshift
    stm32h7xx_hal_dma.o(i.HAL_DMA_Init) refers to stm32h7xx_hal_dma.o(i.DMA_CalcDMAMUXChannelBaseAndMask) for DMA_CalcDMAMUXChannelBaseAndMask
    stm32h7xx_hal_dma.o(i.HAL_DMA_Init) refers to stm32h7xx_hal_dma.o(i.DMA_CalcDMAMUXRequestGenBaseAndMask) for DMA_CalcDMAMUXRequestGenBaseAndMask
    stm32h7xx_hal_dma.o(i.HAL_DMA_PollForTransfer) refers to stm32h7xx_hal.o(i.HAL_GetTick) for HAL_GetTick
    stm32h7xx_hal_dma.o(i.HAL_DMA_PollForTransfer) refers to stm32h7xx_hal_dma.o(i.HAL_DMA_Abort) for HAL_DMA_Abort
    stm32h7xx_hal_dma.o(i.HAL_DMA_Start) refers to stm32h7xx_hal_dma.o(i.DMA_SetConfig) for DMA_SetConfig
    stm32h7xx_hal_dma.o(i.HAL_DMA_Start_IT) refers to stm32h7xx_hal_dma.o(i.DMA_SetConfig) for DMA_SetConfig
    stm32h7xx_hal_dma_ex.o(i.HAL_DMAEx_MultiBufferStart) refers to stm32h7xx_hal_dma_ex.o(i.DMA_MultiBufferSetConfig) for DMA_MultiBufferSetConfig
    stm32h7xx_hal_dma_ex.o(i.HAL_DMAEx_MultiBufferStart_IT) refers to stm32h7xx_hal_dma_ex.o(i.DMA_MultiBufferSetConfig) for DMA_MultiBufferSetConfig
    stm32h7xx_hal_mdma.o(i.HAL_MDMA_Abort) refers to stm32h7xx_hal.o(i.HAL_GetTick) for HAL_GetTick
    stm32h7xx_hal_mdma.o(i.HAL_MDMA_IRQHandler) refers to system_stm32h7xx_dualcore_boot_cm4_cm7.o(.data) for SystemCoreClock
    stm32h7xx_hal_mdma.o(i.HAL_MDMA_Init) refers to stm32h7xx_hal.o(i.HAL_GetTick) for HAL_GetTick
    stm32h7xx_hal_mdma.o(i.HAL_MDMA_Init) refers to stm32h7xx_hal_mdma.o(i.MDMA_Init) for MDMA_Init
    stm32h7xx_hal_mdma.o(i.HAL_MDMA_PollForTransfer) refers to stm32h7xx_hal.o(i.HAL_GetTick) for HAL_GetTick
    stm32h7xx_hal_mdma.o(i.HAL_MDMA_PollForTransfer) refers to stm32h7xx_hal_mdma.o(i.HAL_MDMA_Abort) for HAL_MDMA_Abort
    stm32h7xx_hal_mdma.o(i.HAL_MDMA_Start) refers to stm32h7xx_hal_mdma.o(i.MDMA_SetConfig) for MDMA_SetConfig
    stm32h7xx_hal_mdma.o(i.HAL_MDMA_Start_IT) refers to stm32h7xx_hal_mdma.o(i.MDMA_SetConfig) for MDMA_SetConfig
    stm32h7xx_hal_pwr.o(i.HAL_PWR_PVD_IRQHandler) refers to stm32h7xx_hal_cortex.o(i.HAL_GetCurrentCPUID) for HAL_GetCurrentCPUID
    stm32h7xx_hal_pwr.o(i.HAL_PWR_PVD_IRQHandler) refers to stm32h7xx_hal_pwr.o(i.HAL_PWR_PVDCallback) for HAL_PWR_PVDCallback
    stm32h7xx_hal_pwr_ex.o(i.HAL_PWREx_ClearPendingEvent) refers to stm32h7xx_hal_cortex.o(i.HAL_GetCurrentCPUID) for HAL_GetCurrentCPUID
    stm32h7xx_hal_pwr_ex.o(i.HAL_PWREx_ConfigSupply) refers to stm32h7xx_hal.o(i.HAL_GetTick) for HAL_GetTick
    stm32h7xx_hal_pwr_ex.o(i.HAL_PWREx_ControlVoltageScaling) refers to stm32h7xx_hal.o(i.HAL_GetTick) for HAL_GetTick
    stm32h7xx_hal_pwr_ex.o(i.HAL_PWREx_DisableBkUpReg) refers to stm32h7xx_hal.o(i.HAL_GetTick) for HAL_GetTick
    stm32h7xx_hal_pwr_ex.o(i.HAL_PWREx_DisableUSBReg) refers to stm32h7xx_hal.o(i.HAL_GetTick) for HAL_GetTick
    stm32h7xx_hal_pwr_ex.o(i.HAL_PWREx_EnableBkUpReg) refers to stm32h7xx_hal.o(i.HAL_GetTick) for HAL_GetTick
    stm32h7xx_hal_pwr_ex.o(i.HAL_PWREx_EnableUSBReg) refers to stm32h7xx_hal.o(i.HAL_GetTick) for HAL_GetTick
    stm32h7xx_hal_pwr_ex.o(i.HAL_PWREx_PVD_AVD_IRQHandler) refers to stm32h7xx_hal_cortex.o(i.HAL_GetCurrentCPUID) for HAL_GetCurrentCPUID
    stm32h7xx_hal_pwr_ex.o(i.HAL_PWREx_PVD_AVD_IRQHandler) refers to stm32h7xx_hal_pwr.o(i.HAL_PWR_PVDCallback) for HAL_PWR_PVDCallback
    stm32h7xx_hal_pwr_ex.o(i.HAL_PWREx_PVD_AVD_IRQHandler) refers to stm32h7xx_hal_pwr_ex.o(i.HAL_PWREx_AVDCallback) for HAL_PWREx_AVDCallback
    stm32h7xx_hal_pwr_ex.o(i.HAL_PWREx_WAKEUP_PIN_IRQHandler) refers to stm32h7xx_hal_pwr_ex.o(i.HAL_PWREx_WKUP1_Callback) for HAL_PWREx_WKUP1_Callback
    stm32h7xx_hal_pwr_ex.o(i.HAL_PWREx_WAKEUP_PIN_IRQHandler) refers to stm32h7xx_hal_pwr_ex.o(i.HAL_PWREx_WKUP2_Callback) for HAL_PWREx_WKUP2_Callback
    stm32h7xx_hal_pwr_ex.o(i.HAL_PWREx_WAKEUP_PIN_IRQHandler) refers to stm32h7xx_hal_pwr_ex.o(i.HAL_PWREx_WKUP3_Callback) for HAL_PWREx_WKUP3_Callback
    stm32h7xx_hal_pwr_ex.o(i.HAL_PWREx_WAKEUP_PIN_IRQHandler) refers to stm32h7xx_hal_pwr_ex.o(i.HAL_PWREx_WKUP4_Callback) for HAL_PWREx_WKUP4_Callback
    stm32h7xx_hal_pwr_ex.o(i.HAL_PWREx_WAKEUP_PIN_IRQHandler) refers to stm32h7xx_hal_pwr_ex.o(i.HAL_PWREx_WKUP5_Callback) for HAL_PWREx_WKUP5_Callback
    stm32h7xx_hal_pwr_ex.o(i.HAL_PWREx_WAKEUP_PIN_IRQHandler) refers to stm32h7xx_hal_pwr_ex.o(i.HAL_PWREx_WKUP6_Callback) for HAL_PWREx_WKUP6_Callback
    stm32h7xx_hal.o(i.HAL_DeInit) refers to stm32h7xx_hal.o(i.HAL_MspDeInit) for HAL_MspDeInit
    stm32h7xx_hal.o(i.HAL_Delay) refers to stm32h7xx_hal.o(i.HAL_GetTick) for HAL_GetTick
    stm32h7xx_hal.o(i.HAL_Delay) refers to stm32h7xx_hal.o(.data) for .data
    stm32h7xx_hal.o(i.HAL_GetTick) refers to stm32h7xx_hal.o(.data) for .data
    stm32h7xx_hal.o(i.HAL_GetTickFreq) refers to stm32h7xx_hal.o(.data) for .data
    stm32h7xx_hal.o(i.HAL_GetTickPrio) refers to stm32h7xx_hal.o(.data) for .data
    stm32h7xx_hal.o(i.HAL_IncTick) refers to stm32h7xx_hal.o(.data) for .data
    stm32h7xx_hal.o(i.HAL_Init) refers to stm32h7xx_hal_cortex.o(i.HAL_NVIC_SetPriorityGrouping) for HAL_NVIC_SetPriorityGrouping
    stm32h7xx_hal.o(i.HAL_Init) refers to stm32h7xx_hal_rcc.o(i.HAL_RCC_GetSysClockFreq) for HAL_RCC_GetSysClockFreq
    stm32h7xx_hal.o(i.HAL_Init) refers to stm32h7xx_hal.o(i.HAL_InitTick) for HAL_InitTick
    stm32h7xx_hal.o(i.HAL_Init) refers to stm32h7xx_hal_msp_1.o(i.HAL_MspInit) for HAL_MspInit
    stm32h7xx_hal.o(i.HAL_Init) refers to system_stm32h7xx_dualcore_boot_cm4_cm7.o(.constdata) for D1CorePrescTable
    stm32h7xx_hal.o(i.HAL_Init) refers to system_stm32h7xx_dualcore_boot_cm4_cm7.o(.data) for SystemCoreClock
    stm32h7xx_hal.o(i.HAL_InitTick) refers to stm32h7xx_hal_cortex.o(i.HAL_GetCurrentCPUID) for HAL_GetCurrentCPUID
    stm32h7xx_hal.o(i.HAL_InitTick) refers to stm32h7xx_hal_rcc.o(i.HAL_RCC_GetHCLKFreq) for HAL_RCC_GetHCLKFreq
    stm32h7xx_hal.o(i.HAL_InitTick) refers to stm32h7xx_hal_cortex.o(i.HAL_SYSTICK_Config) for HAL_SYSTICK_Config
    stm32h7xx_hal.o(i.HAL_InitTick) refers to stm32h7xx_hal_cortex.o(i.HAL_NVIC_SetPriority) for HAL_NVIC_SetPriority
    stm32h7xx_hal.o(i.HAL_InitTick) refers to stm32h7xx_hal.o(.data) for .data
    stm32h7xx_hal.o(i.HAL_InitTick) refers to system_stm32h7xx_dualcore_boot_cm4_cm7.o(.data) for SystemCoreClock
    stm32h7xx_hal.o(i.HAL_SYSCFG_EnableVREFBUF) refers to stm32h7xx_hal.o(i.HAL_GetTick) for HAL_GetTick
    stm32h7xx_hal.o(i.HAL_SetTickFreq) refers to stm32h7xx_hal.o(i.HAL_InitTick) for HAL_InitTick
    stm32h7xx_hal.o(i.HAL_SetTickFreq) refers to stm32h7xx_hal.o(.data) for .data
    stm32h7xx_hal_i2c.o(i.HAL_I2C_DeInit) refers to stm32h7xx_hal_i2c.o(i.HAL_I2C_MspDeInit) for HAL_I2C_MspDeInit
    stm32h7xx_hal_i2c.o(i.HAL_I2C_DisableListen_IT) refers to stm32h7xx_hal_i2c.o(i.I2C_Disable_IRQ) for I2C_Disable_IRQ
    stm32h7xx_hal_i2c.o(i.HAL_I2C_ER_IRQHandler) refers to stm32h7xx_hal_i2c.o(i.I2C_ITError) for I2C_ITError
    stm32h7xx_hal_i2c.o(i.HAL_I2C_EnableListen_IT) refers to stm32h7xx_hal_i2c.o(i.I2C_Enable_IRQ) for I2C_Enable_IRQ
    stm32h7xx_hal_i2c.o(i.HAL_I2C_EnableListen_IT) refers to stm32h7xx_hal_i2c.o(i.I2C_Slave_ISR_IT) for I2C_Slave_ISR_IT
    stm32h7xx_hal_i2c.o(i.HAL_I2C_Init) refers to stm32h7xx_hal_i2c.o(i.HAL_I2C_MspInit) for HAL_I2C_MspInit
    stm32h7xx_hal_i2c.o(i.HAL_I2C_IsDeviceReady) refers to stm32h7xx_hal.o(i.HAL_GetTick) for HAL_GetTick
    stm32h7xx_hal_i2c.o(i.HAL_I2C_IsDeviceReady) refers to stm32h7xx_hal_i2c.o(i.I2C_WaitOnFlagUntilTimeout) for I2C_WaitOnFlagUntilTimeout
    stm32h7xx_hal_i2c.o(i.HAL_I2C_Master_Abort_IT) refers to stm32h7xx_hal_i2c.o(i.I2C_Disable_IRQ) for I2C_Disable_IRQ
    stm32h7xx_hal_i2c.o(i.HAL_I2C_Master_Abort_IT) refers to stm32h7xx_hal_i2c.o(i.I2C_TransferConfig) for I2C_TransferConfig
    stm32h7xx_hal_i2c.o(i.HAL_I2C_Master_Abort_IT) refers to stm32h7xx_hal_i2c.o(i.I2C_Enable_IRQ) for I2C_Enable_IRQ
    stm32h7xx_hal_i2c.o(i.HAL_I2C_Master_Receive) refers to stm32h7xx_hal.o(i.HAL_GetTick) for HAL_GetTick
    stm32h7xx_hal_i2c.o(i.HAL_I2C_Master_Receive) refers to stm32h7xx_hal_i2c.o(i.I2C_WaitOnFlagUntilTimeout) for I2C_WaitOnFlagUntilTimeout
    stm32h7xx_hal_i2c.o(i.HAL_I2C_Master_Receive) refers to stm32h7xx_hal_i2c.o(i.I2C_TransferConfig) for I2C_TransferConfig
    stm32h7xx_hal_i2c.o(i.HAL_I2C_Master_Receive) refers to stm32h7xx_hal_i2c.o(i.I2C_WaitOnRXNEFlagUntilTimeout) for I2C_WaitOnRXNEFlagUntilTimeout
    stm32h7xx_hal_i2c.o(i.HAL_I2C_Master_Receive) refers to stm32h7xx_hal_i2c.o(i.I2C_WaitOnSTOPFlagUntilTimeout) for I2C_WaitOnSTOPFlagUntilTimeout
    stm32h7xx_hal_i2c.o(i.HAL_I2C_Master_Receive_DMA) refers to stm32h7xx_hal_dma.o(i.HAL_DMA_Start_IT) for HAL_DMA_Start_IT
    stm32h7xx_hal_i2c.o(i.HAL_I2C_Master_Receive_DMA) refers to stm32h7xx_hal_i2c.o(i.I2C_TransferConfig) for I2C_TransferConfig
    stm32h7xx_hal_i2c.o(i.HAL_I2C_Master_Receive_DMA) refers to stm32h7xx_hal_i2c.o(i.I2C_Enable_IRQ) for I2C_Enable_IRQ
    stm32h7xx_hal_i2c.o(i.HAL_I2C_Master_Receive_DMA) refers to stm32h7xx_hal_i2c.o(i.I2C_Master_ISR_DMA) for I2C_Master_ISR_DMA
    stm32h7xx_hal_i2c.o(i.HAL_I2C_Master_Receive_DMA) refers to stm32h7xx_hal_i2c.o(i.I2C_DMAMasterReceiveCplt) for I2C_DMAMasterReceiveCplt
    stm32h7xx_hal_i2c.o(i.HAL_I2C_Master_Receive_DMA) refers to stm32h7xx_hal_i2c.o(i.I2C_DMAError) for I2C_DMAError
    stm32h7xx_hal_i2c.o(i.HAL_I2C_Master_Receive_DMA) refers to stm32h7xx_hal_i2c.o(i.I2C_Master_ISR_IT) for I2C_Master_ISR_IT
    stm32h7xx_hal_i2c.o(i.HAL_I2C_Master_Receive_IT) refers to stm32h7xx_hal_i2c.o(i.I2C_TransferConfig) for I2C_TransferConfig
    stm32h7xx_hal_i2c.o(i.HAL_I2C_Master_Receive_IT) refers to stm32h7xx_hal_i2c.o(i.I2C_Enable_IRQ) for I2C_Enable_IRQ
    stm32h7xx_hal_i2c.o(i.HAL_I2C_Master_Receive_IT) refers to stm32h7xx_hal_i2c.o(i.I2C_Master_ISR_IT) for I2C_Master_ISR_IT
    stm32h7xx_hal_i2c.o(i.HAL_I2C_Master_Seq_Receive_DMA) refers to stm32h7xx_hal_i2c.o(i.I2C_ConvertOtherXferOptions) for I2C_ConvertOtherXferOptions
    stm32h7xx_hal_i2c.o(i.HAL_I2C_Master_Seq_Receive_DMA) refers to stm32h7xx_hal_dma.o(i.HAL_DMA_Start_IT) for HAL_DMA_Start_IT
    stm32h7xx_hal_i2c.o(i.HAL_I2C_Master_Seq_Receive_DMA) refers to stm32h7xx_hal_i2c.o(i.I2C_TransferConfig) for I2C_TransferConfig
    stm32h7xx_hal_i2c.o(i.HAL_I2C_Master_Seq_Receive_DMA) refers to stm32h7xx_hal_i2c.o(i.I2C_Enable_IRQ) for I2C_Enable_IRQ
    stm32h7xx_hal_i2c.o(i.HAL_I2C_Master_Seq_Receive_DMA) refers to stm32h7xx_hal_i2c.o(i.I2C_Master_ISR_DMA) for I2C_Master_ISR_DMA
    stm32h7xx_hal_i2c.o(i.HAL_I2C_Master_Seq_Receive_DMA) refers to stm32h7xx_hal_i2c.o(i.I2C_DMAMasterReceiveCplt) for I2C_DMAMasterReceiveCplt
    stm32h7xx_hal_i2c.o(i.HAL_I2C_Master_Seq_Receive_DMA) refers to stm32h7xx_hal_i2c.o(i.I2C_DMAError) for I2C_DMAError
    stm32h7xx_hal_i2c.o(i.HAL_I2C_Master_Seq_Receive_DMA) refers to stm32h7xx_hal_i2c.o(i.I2C_Master_ISR_IT) for I2C_Master_ISR_IT
    stm32h7xx_hal_i2c.o(i.HAL_I2C_Master_Seq_Receive_IT) refers to stm32h7xx_hal_i2c.o(i.I2C_ConvertOtherXferOptions) for I2C_ConvertOtherXferOptions
    stm32h7xx_hal_i2c.o(i.HAL_I2C_Master_Seq_Receive_IT) refers to stm32h7xx_hal_i2c.o(i.I2C_TransferConfig) for I2C_TransferConfig
    stm32h7xx_hal_i2c.o(i.HAL_I2C_Master_Seq_Receive_IT) refers to stm32h7xx_hal_i2c.o(i.I2C_Enable_IRQ) for I2C_Enable_IRQ
    stm32h7xx_hal_i2c.o(i.HAL_I2C_Master_Seq_Receive_IT) refers to stm32h7xx_hal_i2c.o(i.I2C_Master_ISR_IT) for I2C_Master_ISR_IT
    stm32h7xx_hal_i2c.o(i.HAL_I2C_Master_Seq_Transmit_DMA) refers to stm32h7xx_hal_i2c.o(i.I2C_ConvertOtherXferOptions) for I2C_ConvertOtherXferOptions
    stm32h7xx_hal_i2c.o(i.HAL_I2C_Master_Seq_Transmit_DMA) refers to stm32h7xx_hal_dma.o(i.HAL_DMA_Start_IT) for HAL_DMA_Start_IT
    stm32h7xx_hal_i2c.o(i.HAL_I2C_Master_Seq_Transmit_DMA) refers to stm32h7xx_hal_i2c.o(i.I2C_TransferConfig) for I2C_TransferConfig
    stm32h7xx_hal_i2c.o(i.HAL_I2C_Master_Seq_Transmit_DMA) refers to stm32h7xx_hal_i2c.o(i.I2C_Enable_IRQ) for I2C_Enable_IRQ
    stm32h7xx_hal_i2c.o(i.HAL_I2C_Master_Seq_Transmit_DMA) refers to stm32h7xx_hal_i2c.o(i.I2C_Master_ISR_DMA) for I2C_Master_ISR_DMA
    stm32h7xx_hal_i2c.o(i.HAL_I2C_Master_Seq_Transmit_DMA) refers to stm32h7xx_hal_i2c.o(i.I2C_DMAMasterTransmitCplt) for I2C_DMAMasterTransmitCplt
    stm32h7xx_hal_i2c.o(i.HAL_I2C_Master_Seq_Transmit_DMA) refers to stm32h7xx_hal_i2c.o(i.I2C_DMAError) for I2C_DMAError
    stm32h7xx_hal_i2c.o(i.HAL_I2C_Master_Seq_Transmit_DMA) refers to stm32h7xx_hal_i2c.o(i.I2C_Master_ISR_IT) for I2C_Master_ISR_IT
    stm32h7xx_hal_i2c.o(i.HAL_I2C_Master_Seq_Transmit_IT) refers to stm32h7xx_hal_i2c.o(i.I2C_ConvertOtherXferOptions) for I2C_ConvertOtherXferOptions
    stm32h7xx_hal_i2c.o(i.HAL_I2C_Master_Seq_Transmit_IT) refers to stm32h7xx_hal_i2c.o(i.I2C_TransferConfig) for I2C_TransferConfig
    stm32h7xx_hal_i2c.o(i.HAL_I2C_Master_Seq_Transmit_IT) refers to stm32h7xx_hal_i2c.o(i.I2C_Enable_IRQ) for I2C_Enable_IRQ
    stm32h7xx_hal_i2c.o(i.HAL_I2C_Master_Seq_Transmit_IT) refers to stm32h7xx_hal_i2c.o(i.I2C_Master_ISR_IT) for I2C_Master_ISR_IT
    stm32h7xx_hal_i2c.o(i.HAL_I2C_Master_Transmit) refers to stm32h7xx_hal.o(i.HAL_GetTick) for HAL_GetTick
    stm32h7xx_hal_i2c.o(i.HAL_I2C_Master_Transmit) refers to stm32h7xx_hal_i2c.o(i.I2C_WaitOnFlagUntilTimeout) for I2C_WaitOnFlagUntilTimeout
    stm32h7xx_hal_i2c.o(i.HAL_I2C_Master_Transmit) refers to stm32h7xx_hal_i2c.o(i.I2C_TransferConfig) for I2C_TransferConfig
    stm32h7xx_hal_i2c.o(i.HAL_I2C_Master_Transmit) refers to stm32h7xx_hal_i2c.o(i.I2C_WaitOnTXISFlagUntilTimeout) for I2C_WaitOnTXISFlagUntilTimeout
    stm32h7xx_hal_i2c.o(i.HAL_I2C_Master_Transmit) refers to stm32h7xx_hal_i2c.o(i.I2C_WaitOnSTOPFlagUntilTimeout) for I2C_WaitOnSTOPFlagUntilTimeout
    stm32h7xx_hal_i2c.o(i.HAL_I2C_Master_Transmit_DMA) refers to stm32h7xx_hal_dma.o(i.HAL_DMA_Start_IT) for HAL_DMA_Start_IT
    stm32h7xx_hal_i2c.o(i.HAL_I2C_Master_Transmit_DMA) refers to stm32h7xx_hal_i2c.o(i.I2C_TransferConfig) for I2C_TransferConfig
    stm32h7xx_hal_i2c.o(i.HAL_I2C_Master_Transmit_DMA) refers to stm32h7xx_hal_i2c.o(i.I2C_Enable_IRQ) for I2C_Enable_IRQ
    stm32h7xx_hal_i2c.o(i.HAL_I2C_Master_Transmit_DMA) refers to stm32h7xx_hal_i2c.o(i.I2C_Master_ISR_DMA) for I2C_Master_ISR_DMA
    stm32h7xx_hal_i2c.o(i.HAL_I2C_Master_Transmit_DMA) refers to stm32h7xx_hal_i2c.o(i.I2C_DMAMasterTransmitCplt) for I2C_DMAMasterTransmitCplt
    stm32h7xx_hal_i2c.o(i.HAL_I2C_Master_Transmit_DMA) refers to stm32h7xx_hal_i2c.o(i.I2C_DMAError) for I2C_DMAError
    stm32h7xx_hal_i2c.o(i.HAL_I2C_Master_Transmit_DMA) refers to stm32h7xx_hal_i2c.o(i.I2C_Master_ISR_IT) for I2C_Master_ISR_IT
    stm32h7xx_hal_i2c.o(i.HAL_I2C_Master_Transmit_IT) refers to stm32h7xx_hal_i2c.o(i.I2C_TransferConfig) for I2C_TransferConfig
    stm32h7xx_hal_i2c.o(i.HAL_I2C_Master_Transmit_IT) refers to stm32h7xx_hal_i2c.o(i.I2C_Enable_IRQ) for I2C_Enable_IRQ
    stm32h7xx_hal_i2c.o(i.HAL_I2C_Master_Transmit_IT) refers to stm32h7xx_hal_i2c.o(i.I2C_Master_ISR_IT) for I2C_Master_ISR_IT
    stm32h7xx_hal_i2c.o(i.HAL_I2C_Mem_Read) refers to stm32h7xx_hal.o(i.HAL_GetTick) for HAL_GetTick
    stm32h7xx_hal_i2c.o(i.HAL_I2C_Mem_Read) refers to stm32h7xx_hal_i2c.o(i.I2C_WaitOnFlagUntilTimeout) for I2C_WaitOnFlagUntilTimeout
    stm32h7xx_hal_i2c.o(i.HAL_I2C_Mem_Read) refers to stm32h7xx_hal_i2c.o(i.I2C_RequestMemoryRead) for I2C_RequestMemoryRead
    stm32h7xx_hal_i2c.o(i.HAL_I2C_Mem_Read) refers to stm32h7xx_hal_i2c.o(i.I2C_TransferConfig) for I2C_TransferConfig
    stm32h7xx_hal_i2c.o(i.HAL_I2C_Mem_Read) refers to stm32h7xx_hal_i2c.o(i.I2C_WaitOnSTOPFlagUntilTimeout) for I2C_WaitOnSTOPFlagUntilTimeout
    stm32h7xx_hal_i2c.o(i.HAL_I2C_Mem_Read_DMA) refers to stm32h7xx_hal.o(i.HAL_GetTick) for HAL_GetTick
    stm32h7xx_hal_i2c.o(i.HAL_I2C_Mem_Read_DMA) refers to stm32h7xx_hal_i2c.o(i.I2C_RequestMemoryRead) for I2C_RequestMemoryRead
    stm32h7xx_hal_i2c.o(i.HAL_I2C_Mem_Read_DMA) refers to stm32h7xx_hal_dma.o(i.HAL_DMA_Start_IT) for HAL_DMA_Start_IT
    stm32h7xx_hal_i2c.o(i.HAL_I2C_Mem_Read_DMA) refers to stm32h7xx_hal_i2c.o(i.I2C_TransferConfig) for I2C_TransferConfig
    stm32h7xx_hal_i2c.o(i.HAL_I2C_Mem_Read_DMA) refers to stm32h7xx_hal_i2c.o(i.I2C_Enable_IRQ) for I2C_Enable_IRQ
    stm32h7xx_hal_i2c.o(i.HAL_I2C_Mem_Read_DMA) refers to stm32h7xx_hal_i2c.o(i.I2C_Master_ISR_DMA) for I2C_Master_ISR_DMA
    stm32h7xx_hal_i2c.o(i.HAL_I2C_Mem_Read_DMA) refers to stm32h7xx_hal_i2c.o(i.I2C_DMAMasterReceiveCplt) for I2C_DMAMasterReceiveCplt
    stm32h7xx_hal_i2c.o(i.HAL_I2C_Mem_Read_DMA) refers to stm32h7xx_hal_i2c.o(i.I2C_DMAError) for I2C_DMAError
    stm32h7xx_hal_i2c.o(i.HAL_I2C_Mem_Read_IT) refers to stm32h7xx_hal.o(i.HAL_GetTick) for HAL_GetTick
    stm32h7xx_hal_i2c.o(i.HAL_I2C_Mem_Read_IT) refers to stm32h7xx_hal_i2c.o(i.I2C_RequestMemoryRead) for I2C_RequestMemoryRead
    stm32h7xx_hal_i2c.o(i.HAL_I2C_Mem_Read_IT) refers to stm32h7xx_hal_i2c.o(i.I2C_TransferConfig) for I2C_TransferConfig
    stm32h7xx_hal_i2c.o(i.HAL_I2C_Mem_Read_IT) refers to stm32h7xx_hal_i2c.o(i.I2C_Enable_IRQ) for I2C_Enable_IRQ
    stm32h7xx_hal_i2c.o(i.HAL_I2C_Mem_Read_IT) refers to stm32h7xx_hal_i2c.o(i.I2C_Master_ISR_IT) for I2C_Master_ISR_IT
    stm32h7xx_hal_i2c.o(i.HAL_I2C_Mem_Write) refers to stm32h7xx_hal.o(i.HAL_GetTick) for HAL_GetTick
    stm32h7xx_hal_i2c.o(i.HAL_I2C_Mem_Write) refers to stm32h7xx_hal_i2c.o(i.I2C_WaitOnFlagUntilTimeout) for I2C_WaitOnFlagUntilTimeout
    stm32h7xx_hal_i2c.o(i.HAL_I2C_Mem_Write) refers to stm32h7xx_hal_i2c.o(i.I2C_RequestMemoryWrite) for I2C_RequestMemoryWrite
    stm32h7xx_hal_i2c.o(i.HAL_I2C_Mem_Write) refers to stm32h7xx_hal_i2c.o(i.I2C_TransferConfig) for I2C_TransferConfig
    stm32h7xx_hal_i2c.o(i.HAL_I2C_Mem_Write) refers to stm32h7xx_hal_i2c.o(i.I2C_WaitOnTXISFlagUntilTimeout) for I2C_WaitOnTXISFlagUntilTimeout
    stm32h7xx_hal_i2c.o(i.HAL_I2C_Mem_Write) refers to stm32h7xx_hal_i2c.o(i.I2C_WaitOnSTOPFlagUntilTimeout) for I2C_WaitOnSTOPFlagUntilTimeout
    stm32h7xx_hal_i2c.o(i.HAL_I2C_Mem_Write_DMA) refers to stm32h7xx_hal.o(i.HAL_GetTick) for HAL_GetTick
    stm32h7xx_hal_i2c.o(i.HAL_I2C_Mem_Write_DMA) refers to stm32h7xx_hal_i2c.o(i.I2C_RequestMemoryWrite) for I2C_RequestMemoryWrite
    stm32h7xx_hal_i2c.o(i.HAL_I2C_Mem_Write_DMA) refers to stm32h7xx_hal_dma.o(i.HAL_DMA_Start_IT) for HAL_DMA_Start_IT
    stm32h7xx_hal_i2c.o(i.HAL_I2C_Mem_Write_DMA) refers to stm32h7xx_hal_i2c.o(i.I2C_TransferConfig) for I2C_TransferConfig
    stm32h7xx_hal_i2c.o(i.HAL_I2C_Mem_Write_DMA) refers to stm32h7xx_hal_i2c.o(i.I2C_Enable_IRQ) for I2C_Enable_IRQ
    stm32h7xx_hal_i2c.o(i.HAL_I2C_Mem_Write_DMA) refers to stm32h7xx_hal_i2c.o(i.I2C_Master_ISR_DMA) for I2C_Master_ISR_DMA
    stm32h7xx_hal_i2c.o(i.HAL_I2C_Mem_Write_DMA) refers to stm32h7xx_hal_i2c.o(i.I2C_DMAMasterTransmitCplt) for I2C_DMAMasterTransmitCplt
    stm32h7xx_hal_i2c.o(i.HAL_I2C_Mem_Write_DMA) refers to stm32h7xx_hal_i2c.o(i.I2C_DMAError) for I2C_DMAError
    stm32h7xx_hal_i2c.o(i.HAL_I2C_Mem_Write_IT) refers to stm32h7xx_hal.o(i.HAL_GetTick) for HAL_GetTick
    stm32h7xx_hal_i2c.o(i.HAL_I2C_Mem_Write_IT) refers to stm32h7xx_hal_i2c.o(i.I2C_RequestMemoryWrite) for I2C_RequestMemoryWrite
    stm32h7xx_hal_i2c.o(i.HAL_I2C_Mem_Write_IT) refers to stm32h7xx_hal_i2c.o(i.I2C_TransferConfig) for I2C_TransferConfig
    stm32h7xx_hal_i2c.o(i.HAL_I2C_Mem_Write_IT) refers to stm32h7xx_hal_i2c.o(i.I2C_Enable_IRQ) for I2C_Enable_IRQ
    stm32h7xx_hal_i2c.o(i.HAL_I2C_Mem_Write_IT) refers to stm32h7xx_hal_i2c.o(i.I2C_Master_ISR_IT) for I2C_Master_ISR_IT
    stm32h7xx_hal_i2c.o(i.HAL_I2C_Slave_Receive) refers to stm32h7xx_hal.o(i.HAL_GetTick) for HAL_GetTick
    stm32h7xx_hal_i2c.o(i.HAL_I2C_Slave_Receive) refers to stm32h7xx_hal_i2c.o(i.I2C_WaitOnFlagUntilTimeout) for I2C_WaitOnFlagUntilTimeout
    stm32h7xx_hal_i2c.o(i.HAL_I2C_Slave_Receive) refers to stm32h7xx_hal_i2c.o(i.I2C_WaitOnRXNEFlagUntilTimeout) for I2C_WaitOnRXNEFlagUntilTimeout
    stm32h7xx_hal_i2c.o(i.HAL_I2C_Slave_Receive) refers to stm32h7xx_hal_i2c.o(i.I2C_WaitOnSTOPFlagUntilTimeout) for I2C_WaitOnSTOPFlagUntilTimeout
    stm32h7xx_hal_i2c.o(i.HAL_I2C_Slave_Receive_DMA) refers to stm32h7xx_hal_dma.o(i.HAL_DMA_Start_IT) for HAL_DMA_Start_IT
    stm32h7xx_hal_i2c.o(i.HAL_I2C_Slave_Receive_DMA) refers to stm32h7xx_hal_i2c.o(i.I2C_Enable_IRQ) for I2C_Enable_IRQ
    stm32h7xx_hal_i2c.o(i.HAL_I2C_Slave_Receive_DMA) refers to stm32h7xx_hal_i2c.o(i.I2C_Slave_ISR_DMA) for I2C_Slave_ISR_DMA
    stm32h7xx_hal_i2c.o(i.HAL_I2C_Slave_Receive_DMA) refers to stm32h7xx_hal_i2c.o(i.I2C_DMASlaveReceiveCplt) for I2C_DMASlaveReceiveCplt
    stm32h7xx_hal_i2c.o(i.HAL_I2C_Slave_Receive_DMA) refers to stm32h7xx_hal_i2c.o(i.I2C_DMAError) for I2C_DMAError
    stm32h7xx_hal_i2c.o(i.HAL_I2C_Slave_Receive_IT) refers to stm32h7xx_hal_i2c.o(i.I2C_Enable_IRQ) for I2C_Enable_IRQ
    stm32h7xx_hal_i2c.o(i.HAL_I2C_Slave_Receive_IT) refers to stm32h7xx_hal_i2c.o(i.I2C_Slave_ISR_IT) for I2C_Slave_ISR_IT
    stm32h7xx_hal_i2c.o(i.HAL_I2C_Slave_Seq_Receive_DMA) refers to stm32h7xx_hal_i2c.o(i.I2C_Disable_IRQ) for I2C_Disable_IRQ
    stm32h7xx_hal_i2c.o(i.HAL_I2C_Slave_Seq_Receive_DMA) refers to stm32h7xx_hal_dma.o(i.HAL_DMA_Abort_IT) for HAL_DMA_Abort_IT
    stm32h7xx_hal_i2c.o(i.HAL_I2C_Slave_Seq_Receive_DMA) refers to stm32h7xx_hal_dma.o(i.HAL_DMA_Start_IT) for HAL_DMA_Start_IT
    stm32h7xx_hal_i2c.o(i.HAL_I2C_Slave_Seq_Receive_DMA) refers to stm32h7xx_hal_i2c.o(i.I2C_Enable_IRQ) for I2C_Enable_IRQ
    stm32h7xx_hal_i2c.o(i.HAL_I2C_Slave_Seq_Receive_DMA) refers to stm32h7xx_hal_i2c.o(i.I2C_DMAAbort) for I2C_DMAAbort
    stm32h7xx_hal_i2c.o(i.HAL_I2C_Slave_Seq_Receive_DMA) refers to stm32h7xx_hal_i2c.o(i.I2C_Slave_ISR_DMA) for I2C_Slave_ISR_DMA
    stm32h7xx_hal_i2c.o(i.HAL_I2C_Slave_Seq_Receive_DMA) refers to stm32h7xx_hal_i2c.o(i.I2C_DMASlaveReceiveCplt) for I2C_DMASlaveReceiveCplt
    stm32h7xx_hal_i2c.o(i.HAL_I2C_Slave_Seq_Receive_DMA) refers to stm32h7xx_hal_i2c.o(i.I2C_DMAError) for I2C_DMAError
    stm32h7xx_hal_i2c.o(i.HAL_I2C_Slave_Seq_Receive_IT) refers to stm32h7xx_hal_i2c.o(i.I2C_Disable_IRQ) for I2C_Disable_IRQ
    stm32h7xx_hal_i2c.o(i.HAL_I2C_Slave_Seq_Receive_IT) refers to stm32h7xx_hal_dma.o(i.HAL_DMA_Abort_IT) for HAL_DMA_Abort_IT
    stm32h7xx_hal_i2c.o(i.HAL_I2C_Slave_Seq_Receive_IT) refers to stm32h7xx_hal_i2c.o(i.I2C_Enable_IRQ) for I2C_Enable_IRQ
    stm32h7xx_hal_i2c.o(i.HAL_I2C_Slave_Seq_Receive_IT) refers to stm32h7xx_hal_i2c.o(i.I2C_DMAAbort) for I2C_DMAAbort
    stm32h7xx_hal_i2c.o(i.HAL_I2C_Slave_Seq_Receive_IT) refers to stm32h7xx_hal_i2c.o(i.I2C_Slave_ISR_IT) for I2C_Slave_ISR_IT
    stm32h7xx_hal_i2c.o(i.HAL_I2C_Slave_Seq_Transmit_DMA) refers to stm32h7xx_hal_i2c.o(i.I2C_Disable_IRQ) for I2C_Disable_IRQ
    stm32h7xx_hal_i2c.o(i.HAL_I2C_Slave_Seq_Transmit_DMA) refers to stm32h7xx_hal_dma.o(i.HAL_DMA_Abort_IT) for HAL_DMA_Abort_IT
    stm32h7xx_hal_i2c.o(i.HAL_I2C_Slave_Seq_Transmit_DMA) refers to stm32h7xx_hal_dma.o(i.HAL_DMA_Start_IT) for HAL_DMA_Start_IT
    stm32h7xx_hal_i2c.o(i.HAL_I2C_Slave_Seq_Transmit_DMA) refers to stm32h7xx_hal_i2c.o(i.I2C_Enable_IRQ) for I2C_Enable_IRQ
    stm32h7xx_hal_i2c.o(i.HAL_I2C_Slave_Seq_Transmit_DMA) refers to stm32h7xx_hal_i2c.o(i.I2C_DMAAbort) for I2C_DMAAbort
    stm32h7xx_hal_i2c.o(i.HAL_I2C_Slave_Seq_Transmit_DMA) refers to stm32h7xx_hal_i2c.o(i.I2C_Slave_ISR_DMA) for I2C_Slave_ISR_DMA
    stm32h7xx_hal_i2c.o(i.HAL_I2C_Slave_Seq_Transmit_DMA) refers to stm32h7xx_hal_i2c.o(i.I2C_DMASlaveTransmitCplt) for I2C_DMASlaveTransmitCplt
    stm32h7xx_hal_i2c.o(i.HAL_I2C_Slave_Seq_Transmit_DMA) refers to stm32h7xx_hal_i2c.o(i.I2C_DMAError) for I2C_DMAError
    stm32h7xx_hal_i2c.o(i.HAL_I2C_Slave_Seq_Transmit_IT) refers to stm32h7xx_hal_i2c.o(i.I2C_Disable_IRQ) for I2C_Disable_IRQ
    stm32h7xx_hal_i2c.o(i.HAL_I2C_Slave_Seq_Transmit_IT) refers to stm32h7xx_hal_dma.o(i.HAL_DMA_Abort_IT) for HAL_DMA_Abort_IT
    stm32h7xx_hal_i2c.o(i.HAL_I2C_Slave_Seq_Transmit_IT) refers to stm32h7xx_hal_i2c.o(i.I2C_Enable_IRQ) for I2C_Enable_IRQ
    stm32h7xx_hal_i2c.o(i.HAL_I2C_Slave_Seq_Transmit_IT) refers to stm32h7xx_hal_i2c.o(i.I2C_DMAAbort) for I2C_DMAAbort
    stm32h7xx_hal_i2c.o(i.HAL_I2C_Slave_Seq_Transmit_IT) refers to stm32h7xx_hal_i2c.o(i.I2C_Slave_ISR_IT) for I2C_Slave_ISR_IT
    stm32h7xx_hal_i2c.o(i.HAL_I2C_Slave_Transmit) refers to stm32h7xx_hal.o(i.HAL_GetTick) for HAL_GetTick
    stm32h7xx_hal_i2c.o(i.HAL_I2C_Slave_Transmit) refers to stm32h7xx_hal_i2c.o(i.I2C_WaitOnFlagUntilTimeout) for I2C_WaitOnFlagUntilTimeout
    stm32h7xx_hal_i2c.o(i.HAL_I2C_Slave_Transmit) refers to stm32h7xx_hal_i2c.o(i.I2C_WaitOnTXISFlagUntilTimeout) for I2C_WaitOnTXISFlagUntilTimeout
    stm32h7xx_hal_i2c.o(i.HAL_I2C_Slave_Transmit) refers to stm32h7xx_hal_i2c.o(i.I2C_WaitOnSTOPFlagUntilTimeout) for I2C_WaitOnSTOPFlagUntilTimeout
    stm32h7xx_hal_i2c.o(i.HAL_I2C_Slave_Transmit_DMA) refers to stm32h7xx_hal_dma.o(i.HAL_DMA_Start_IT) for HAL_DMA_Start_IT
    stm32h7xx_hal_i2c.o(i.HAL_I2C_Slave_Transmit_DMA) refers to stm32h7xx_hal_i2c.o(i.I2C_Enable_IRQ) for I2C_Enable_IRQ
    stm32h7xx_hal_i2c.o(i.HAL_I2C_Slave_Transmit_DMA) refers to stm32h7xx_hal_i2c.o(i.I2C_Slave_ISR_DMA) for I2C_Slave_ISR_DMA
    stm32h7xx_hal_i2c.o(i.HAL_I2C_Slave_Transmit_DMA) refers to stm32h7xx_hal_i2c.o(i.I2C_DMASlaveTransmitCplt) for I2C_DMASlaveTransmitCplt
    stm32h7xx_hal_i2c.o(i.HAL_I2C_Slave_Transmit_DMA) refers to stm32h7xx_hal_i2c.o(i.I2C_DMAError) for I2C_DMAError
    stm32h7xx_hal_i2c.o(i.HAL_I2C_Slave_Transmit_IT) refers to stm32h7xx_hal_i2c.o(i.I2C_Enable_IRQ) for I2C_Enable_IRQ
    stm32h7xx_hal_i2c.o(i.HAL_I2C_Slave_Transmit_IT) refers to stm32h7xx_hal_i2c.o(i.I2C_Slave_ISR_IT) for I2C_Slave_ISR_IT
    stm32h7xx_hal_i2c.o(i.I2C_DMAAbort) refers to stm32h7xx_hal_i2c.o(i.HAL_I2C_ErrorCallback) for HAL_I2C_ErrorCallback
    stm32h7xx_hal_i2c.o(i.I2C_DMAAbort) refers to stm32h7xx_hal_i2c.o(i.HAL_I2C_AbortCpltCallback) for HAL_I2C_AbortCpltCallback
    stm32h7xx_hal_i2c.o(i.I2C_DMAError) refers to stm32h7xx_hal_dma.o(i.HAL_DMA_GetError) for HAL_DMA_GetError
    stm32h7xx_hal_i2c.o(i.I2C_DMAError) refers to stm32h7xx_hal_i2c.o(i.I2C_ITError) for I2C_ITError
    stm32h7xx_hal_i2c.o(i.I2C_DMAMasterReceiveCplt) refers to stm32h7xx_hal_dma.o(i.HAL_DMA_Start_IT) for HAL_DMA_Start_IT
    stm32h7xx_hal_i2c.o(i.I2C_DMAMasterReceiveCplt) refers to stm32h7xx_hal_i2c.o(i.I2C_ITError) for I2C_ITError
    stm32h7xx_hal_i2c.o(i.I2C_DMAMasterReceiveCplt) refers to stm32h7xx_hal_i2c.o(i.I2C_Enable_IRQ) for I2C_Enable_IRQ
    stm32h7xx_hal_i2c.o(i.I2C_DMAMasterTransmitCplt) refers to stm32h7xx_hal_dma.o(i.HAL_DMA_Start_IT) for HAL_DMA_Start_IT
    stm32h7xx_hal_i2c.o(i.I2C_DMAMasterTransmitCplt) refers to stm32h7xx_hal_i2c.o(i.I2C_ITError) for I2C_ITError
    stm32h7xx_hal_i2c.o(i.I2C_DMAMasterTransmitCplt) refers to stm32h7xx_hal_i2c.o(i.I2C_Enable_IRQ) for I2C_Enable_IRQ
    stm32h7xx_hal_i2c.o(i.I2C_DMASlaveReceiveCplt) refers to stm32h7xx_hal_i2c.o(i.I2C_ITSlaveSeqCplt) for I2C_ITSlaveSeqCplt
    stm32h7xx_hal_i2c.o(i.I2C_DMASlaveTransmitCplt) refers to stm32h7xx_hal_i2c.o(i.I2C_ITSlaveSeqCplt) for I2C_ITSlaveSeqCplt
    stm32h7xx_hal_i2c.o(i.I2C_Enable_IRQ) refers to stm32h7xx_hal_i2c.o(i.I2C_Master_ISR_DMA) for I2C_Master_ISR_DMA
    stm32h7xx_hal_i2c.o(i.I2C_Enable_IRQ) refers to stm32h7xx_hal_i2c.o(i.I2C_Slave_ISR_DMA) for I2C_Slave_ISR_DMA
    stm32h7xx_hal_i2c.o(i.I2C_ITAddrCplt) refers to stm32h7xx_hal_i2c.o(i.HAL_I2C_AddrCallback) for HAL_I2C_AddrCallback
    stm32h7xx_hal_i2c.o(i.I2C_ITAddrCplt) refers to stm32h7xx_hal_i2c.o(i.I2C_Disable_IRQ) for I2C_Disable_IRQ
    stm32h7xx_hal_i2c.o(i.I2C_ITError) refers to stm32h7xx_hal_i2c.o(i.I2C_Disable_IRQ) for I2C_Disable_IRQ
    stm32h7xx_hal_i2c.o(i.I2C_ITError) refers to stm32h7xx_hal_dma.o(i.HAL_DMA_Abort_IT) for HAL_DMA_Abort_IT
    stm32h7xx_hal_i2c.o(i.I2C_ITError) refers to stm32h7xx_hal_i2c.o(i.HAL_I2C_ErrorCallback) for HAL_I2C_ErrorCallback
    stm32h7xx_hal_i2c.o(i.I2C_ITError) refers to stm32h7xx_hal_i2c.o(i.HAL_I2C_AbortCpltCallback) for HAL_I2C_AbortCpltCallback
    stm32h7xx_hal_i2c.o(i.I2C_ITError) refers to stm32h7xx_hal_i2c.o(i.I2C_DMAAbort) for I2C_DMAAbort
    stm32h7xx_hal_i2c.o(i.I2C_ITError) refers to stm32h7xx_hal_i2c.o(i.I2C_Slave_ISR_IT) for I2C_Slave_ISR_IT
    stm32h7xx_hal_i2c.o(i.I2C_ITListenCplt) refers to stm32h7xx_hal_i2c.o(i.I2C_Disable_IRQ) for I2C_Disable_IRQ
    stm32h7xx_hal_i2c.o(i.I2C_ITListenCplt) refers to stm32h7xx_hal_i2c.o(i.HAL_I2C_ListenCpltCallback) for HAL_I2C_ListenCpltCallback
    stm32h7xx_hal_i2c.o(i.I2C_ITMasterCplt) refers to stm32h7xx_hal_i2c.o(i.I2C_Flush_TXDR) for I2C_Flush_TXDR
    stm32h7xx_hal_i2c.o(i.I2C_ITMasterCplt) refers to stm32h7xx_hal_i2c.o(i.I2C_Disable_IRQ) for I2C_Disable_IRQ
    stm32h7xx_hal_i2c.o(i.I2C_ITMasterCplt) refers to stm32h7xx_hal_i2c.o(i.I2C_ITError) for I2C_ITError
    stm32h7xx_hal_i2c.o(i.I2C_ITMasterCplt) refers to stm32h7xx_hal_i2c.o(i.HAL_I2C_MasterRxCpltCallback) for HAL_I2C_MasterRxCpltCallback
    stm32h7xx_hal_i2c.o(i.I2C_ITMasterCplt) refers to stm32h7xx_hal_i2c.o(i.HAL_I2C_MasterTxCpltCallback) for HAL_I2C_MasterTxCpltCallback
    stm32h7xx_hal_i2c.o(i.I2C_ITMasterCplt) refers to stm32h7xx_hal_i2c.o(i.HAL_I2C_MemTxCpltCallback) for HAL_I2C_MemTxCpltCallback
    stm32h7xx_hal_i2c.o(i.I2C_ITMasterCplt) refers to stm32h7xx_hal_i2c.o(i.HAL_I2C_MemRxCpltCallback) for HAL_I2C_MemRxCpltCallback
    stm32h7xx_hal_i2c.o(i.I2C_ITMasterSeqCplt) refers to stm32h7xx_hal_i2c.o(i.I2C_Disable_IRQ) for I2C_Disable_IRQ
    stm32h7xx_hal_i2c.o(i.I2C_ITMasterSeqCplt) refers to stm32h7xx_hal_i2c.o(i.HAL_I2C_MasterRxCpltCallback) for HAL_I2C_MasterRxCpltCallback
    stm32h7xx_hal_i2c.o(i.I2C_ITMasterSeqCplt) refers to stm32h7xx_hal_i2c.o(i.HAL_I2C_MasterTxCpltCallback) for HAL_I2C_MasterTxCpltCallback
    stm32h7xx_hal_i2c.o(i.I2C_ITSlaveCplt) refers to stm32h7xx_hal_i2c.o(i.I2C_Disable_IRQ) for I2C_Disable_IRQ
    stm32h7xx_hal_i2c.o(i.I2C_ITSlaveCplt) refers to stm32h7xx_hal_i2c.o(i.I2C_Flush_TXDR) for I2C_Flush_TXDR
    stm32h7xx_hal_i2c.o(i.I2C_ITSlaveCplt) refers to stm32h7xx_hal_i2c.o(i.I2C_ITError) for I2C_ITError
    stm32h7xx_hal_i2c.o(i.I2C_ITSlaveCplt) refers to stm32h7xx_hal_i2c.o(i.I2C_ITListenCplt) for I2C_ITListenCplt
    stm32h7xx_hal_i2c.o(i.I2C_ITSlaveCplt) refers to stm32h7xx_hal_i2c.o(i.I2C_ITSlaveSeqCplt) for I2C_ITSlaveSeqCplt
    stm32h7xx_hal_i2c.o(i.I2C_ITSlaveCplt) refers to stm32h7xx_hal_i2c.o(i.HAL_I2C_ListenCpltCallback) for HAL_I2C_ListenCpltCallback
    stm32h7xx_hal_i2c.o(i.I2C_ITSlaveCplt) refers to stm32h7xx_hal_i2c.o(i.HAL_I2C_SlaveTxCpltCallback) for HAL_I2C_SlaveTxCpltCallback
    stm32h7xx_hal_i2c.o(i.I2C_ITSlaveCplt) refers to stm32h7xx_hal_i2c.o(i.HAL_I2C_SlaveRxCpltCallback) for HAL_I2C_SlaveRxCpltCallback
    stm32h7xx_hal_i2c.o(i.I2C_ITSlaveSeqCplt) refers to stm32h7xx_hal_i2c.o(i.I2C_Disable_IRQ) for I2C_Disable_IRQ
    stm32h7xx_hal_i2c.o(i.I2C_ITSlaveSeqCplt) refers to stm32h7xx_hal_i2c.o(i.HAL_I2C_SlaveRxCpltCallback) for HAL_I2C_SlaveRxCpltCallback
    stm32h7xx_hal_i2c.o(i.I2C_ITSlaveSeqCplt) refers to stm32h7xx_hal_i2c.o(i.HAL_I2C_SlaveTxCpltCallback) for HAL_I2C_SlaveTxCpltCallback
    stm32h7xx_hal_i2c.o(i.I2C_IsAcknowledgeFailed) refers to stm32h7xx_hal.o(i.HAL_GetTick) for HAL_GetTick
    stm32h7xx_hal_i2c.o(i.I2C_IsAcknowledgeFailed) refers to stm32h7xx_hal_i2c.o(i.I2C_Flush_TXDR) for I2C_Flush_TXDR
    stm32h7xx_hal_i2c.o(i.I2C_Master_ISR_DMA) refers to stm32h7xx_hal_i2c.o(i.I2C_Enable_IRQ) for I2C_Enable_IRQ
    stm32h7xx_hal_i2c.o(i.I2C_Master_ISR_DMA) refers to stm32h7xx_hal_i2c.o(i.I2C_Flush_TXDR) for I2C_Flush_TXDR
    stm32h7xx_hal_i2c.o(i.I2C_Master_ISR_DMA) refers to stm32h7xx_hal_i2c.o(i.I2C_TransferConfig) for I2C_TransferConfig
    stm32h7xx_hal_i2c.o(i.I2C_Master_ISR_DMA) refers to stm32h7xx_hal_i2c.o(i.I2C_ITError) for I2C_ITError
    stm32h7xx_hal_i2c.o(i.I2C_Master_ISR_DMA) refers to stm32h7xx_hal_i2c.o(i.I2C_ITMasterSeqCplt) for I2C_ITMasterSeqCplt
    stm32h7xx_hal_i2c.o(i.I2C_Master_ISR_DMA) refers to stm32h7xx_hal_i2c.o(i.I2C_ITMasterCplt) for I2C_ITMasterCplt
    stm32h7xx_hal_i2c.o(i.I2C_Master_ISR_IT) refers to stm32h7xx_hal_i2c.o(i.I2C_Flush_TXDR) for I2C_Flush_TXDR
    stm32h7xx_hal_i2c.o(i.I2C_Master_ISR_IT) refers to stm32h7xx_hal_i2c.o(i.I2C_TransferConfig) for I2C_TransferConfig
    stm32h7xx_hal_i2c.o(i.I2C_Master_ISR_IT) refers to stm32h7xx_hal_i2c.o(i.I2C_ITError) for I2C_ITError
    stm32h7xx_hal_i2c.o(i.I2C_Master_ISR_IT) refers to stm32h7xx_hal_i2c.o(i.I2C_ITMasterCplt) for I2C_ITMasterCplt
    stm32h7xx_hal_i2c.o(i.I2C_Master_ISR_IT) refers to stm32h7xx_hal_i2c.o(i.I2C_ITMasterSeqCplt) for I2C_ITMasterSeqCplt
    stm32h7xx_hal_i2c.o(i.I2C_RequestMemoryRead) refers to stm32h7xx_hal_i2c.o(i.I2C_TransferConfig) for I2C_TransferConfig
    stm32h7xx_hal_i2c.o(i.I2C_RequestMemoryRead) refers to stm32h7xx_hal_i2c.o(i.I2C_WaitOnTXISFlagUntilTimeout) for I2C_WaitOnTXISFlagUntilTimeout
    stm32h7xx_hal_i2c.o(i.I2C_RequestMemoryRead) refers to stm32h7xx_hal_i2c.o(i.I2C_WaitOnFlagUntilTimeout) for I2C_WaitOnFlagUntilTimeout
    stm32h7xx_hal_i2c.o(i.I2C_RequestMemoryWrite) refers to stm32h7xx_hal_i2c.o(i.I2C_TransferConfig) for I2C_TransferConfig
    stm32h7xx_hal_i2c.o(i.I2C_RequestMemoryWrite) refers to stm32h7xx_hal_i2c.o(i.I2C_WaitOnTXISFlagUntilTimeout) for I2C_WaitOnTXISFlagUntilTimeout
    stm32h7xx_hal_i2c.o(i.I2C_RequestMemoryWrite) refers to stm32h7xx_hal_i2c.o(i.I2C_WaitOnFlagUntilTimeout) for I2C_WaitOnFlagUntilTimeout
    stm32h7xx_hal_i2c.o(i.I2C_Slave_ISR_DMA) refers to stm32h7xx_hal_i2c.o(i.I2C_ITListenCplt) for I2C_ITListenCplt
    stm32h7xx_hal_i2c.o(i.I2C_Slave_ISR_DMA) refers to stm32h7xx_hal_i2c.o(i.I2C_Flush_TXDR) for I2C_Flush_TXDR
    stm32h7xx_hal_i2c.o(i.I2C_Slave_ISR_DMA) refers to stm32h7xx_hal_i2c.o(i.I2C_ITSlaveSeqCplt) for I2C_ITSlaveSeqCplt
    stm32h7xx_hal_i2c.o(i.I2C_Slave_ISR_DMA) refers to stm32h7xx_hal_i2c.o(i.I2C_ITError) for I2C_ITError
    stm32h7xx_hal_i2c.o(i.I2C_Slave_ISR_DMA) refers to stm32h7xx_hal_i2c.o(i.I2C_ITAddrCplt) for I2C_ITAddrCplt
    stm32h7xx_hal_i2c.o(i.I2C_Slave_ISR_DMA) refers to stm32h7xx_hal_i2c.o(i.I2C_ITSlaveCplt) for I2C_ITSlaveCplt
    stm32h7xx_hal_i2c.o(i.I2C_Slave_ISR_IT) refers to stm32h7xx_hal_i2c.o(i.I2C_ITError) for I2C_ITError
    stm32h7xx_hal_i2c.o(i.I2C_Slave_ISR_IT) refers to stm32h7xx_hal_i2c.o(i.I2C_ITListenCplt) for I2C_ITListenCplt
    stm32h7xx_hal_i2c.o(i.I2C_Slave_ISR_IT) refers to stm32h7xx_hal_i2c.o(i.I2C_Flush_TXDR) for I2C_Flush_TXDR
    stm32h7xx_hal_i2c.o(i.I2C_Slave_ISR_IT) refers to stm32h7xx_hal_i2c.o(i.I2C_ITAddrCplt) for I2C_ITAddrCplt
    stm32h7xx_hal_i2c.o(i.I2C_Slave_ISR_IT) refers to stm32h7xx_hal_i2c.o(i.I2C_ITSlaveSeqCplt) for I2C_ITSlaveSeqCplt
    stm32h7xx_hal_i2c.o(i.I2C_Slave_ISR_IT) refers to stm32h7xx_hal_i2c.o(i.I2C_ITSlaveCplt) for I2C_ITSlaveCplt
    stm32h7xx_hal_i2c.o(i.I2C_WaitOnFlagUntilTimeout) refers to stm32h7xx_hal.o(i.HAL_GetTick) for HAL_GetTick
    stm32h7xx_hal_i2c.o(i.I2C_WaitOnRXNEFlagUntilTimeout) refers to stm32h7xx_hal_i2c.o(i.I2C_IsAcknowledgeFailed) for I2C_IsAcknowledgeFailed
    stm32h7xx_hal_i2c.o(i.I2C_WaitOnRXNEFlagUntilTimeout) refers to stm32h7xx_hal.o(i.HAL_GetTick) for HAL_GetTick
    stm32h7xx_hal_i2c.o(i.I2C_WaitOnSTOPFlagUntilTimeout) refers to stm32h7xx_hal_i2c.o(i.I2C_IsAcknowledgeFailed) for I2C_IsAcknowledgeFailed
    stm32h7xx_hal_i2c.o(i.I2C_WaitOnSTOPFlagUntilTimeout) refers to stm32h7xx_hal.o(i.HAL_GetTick) for HAL_GetTick
    stm32h7xx_hal_i2c.o(i.I2C_WaitOnTXISFlagUntilTimeout) refers to stm32h7xx_hal_i2c.o(i.I2C_IsAcknowledgeFailed) for I2C_IsAcknowledgeFailed
    stm32h7xx_hal_i2c.o(i.I2C_WaitOnTXISFlagUntilTimeout) refers to stm32h7xx_hal.o(i.HAL_GetTick) for HAL_GetTick
    stm32h7xx_hal_exti.o(i.HAL_EXTI_ClearPending) refers to stm32h7xx_hal_cortex.o(i.HAL_GetCurrentCPUID) for HAL_GetCurrentCPUID
    stm32h7xx_hal_exti.o(i.HAL_EXTI_GetPending) refers to stm32h7xx_hal_cortex.o(i.HAL_GetCurrentCPUID) for HAL_GetCurrentCPUID
    stm32h7xx_hal_exti.o(i.HAL_EXTI_IRQHandler) refers to stm32h7xx_hal_cortex.o(i.HAL_GetCurrentCPUID) for HAL_GetCurrentCPUID
    stm32h7xx_hal_uart.o(i.HAL_HalfDuplex_Init) refers to stm32h7xx_hal_msp_1.o(i.HAL_UART_MspInit) for HAL_UART_MspInit
    stm32h7xx_hal_uart.o(i.HAL_HalfDuplex_Init) refers to stm32h7xx_hal_uart.o(i.UART_SetConfig) for UART_SetConfig
    stm32h7xx_hal_uart.o(i.HAL_HalfDuplex_Init) refers to stm32h7xx_hal_uart.o(i.UART_AdvFeatureConfig) for UART_AdvFeatureConfig
    stm32h7xx_hal_uart.o(i.HAL_HalfDuplex_Init) refers to stm32h7xx_hal_uart.o(i.UART_CheckIdleState) for UART_CheckIdleState
    stm32h7xx_hal_uart.o(i.HAL_LIN_Init) refers to stm32h7xx_hal_msp_1.o(i.HAL_UART_MspInit) for HAL_UART_MspInit
    stm32h7xx_hal_uart.o(i.HAL_LIN_Init) refers to stm32h7xx_hal_uart.o(i.UART_SetConfig) for UART_SetConfig
    stm32h7xx_hal_uart.o(i.HAL_LIN_Init) refers to stm32h7xx_hal_uart.o(i.UART_AdvFeatureConfig) for UART_AdvFeatureConfig
    stm32h7xx_hal_uart.o(i.HAL_LIN_Init) refers to stm32h7xx_hal_uart.o(i.UART_CheckIdleState) for UART_CheckIdleState
    stm32h7xx_hal_uart.o(i.HAL_MultiProcessor_DisableMuteMode) refers to stm32h7xx_hal_uart.o(i.UART_CheckIdleState) for UART_CheckIdleState
    stm32h7xx_hal_uart.o(i.HAL_MultiProcessor_EnableMuteMode) refers to stm32h7xx_hal_uart.o(i.UART_CheckIdleState) for UART_CheckIdleState
    stm32h7xx_hal_uart.o(i.HAL_MultiProcessor_Init) refers to stm32h7xx_hal_msp_1.o(i.HAL_UART_MspInit) for HAL_UART_MspInit
    stm32h7xx_hal_uart.o(i.HAL_MultiProcessor_Init) refers to stm32h7xx_hal_uart.o(i.UART_SetConfig) for UART_SetConfig
    stm32h7xx_hal_uart.o(i.HAL_MultiProcessor_Init) refers to stm32h7xx_hal_uart.o(i.UART_AdvFeatureConfig) for UART_AdvFeatureConfig
    stm32h7xx_hal_uart.o(i.HAL_MultiProcessor_Init) refers to stm32h7xx_hal_uart.o(i.UART_CheckIdleState) for UART_CheckIdleState
    stm32h7xx_hal_uart.o(i.HAL_UART_Abort) refers to stm32h7xx_hal_dma.o(i.HAL_DMA_Abort) for HAL_DMA_Abort
    stm32h7xx_hal_uart.o(i.HAL_UART_Abort) refers to stm32h7xx_hal_dma.o(i.HAL_DMA_GetError) for HAL_DMA_GetError
    stm32h7xx_hal_uart.o(i.HAL_UART_AbortReceive) refers to stm32h7xx_hal_dma.o(i.HAL_DMA_Abort) for HAL_DMA_Abort
    stm32h7xx_hal_uart.o(i.HAL_UART_AbortReceive) refers to stm32h7xx_hal_dma.o(i.HAL_DMA_GetError) for HAL_DMA_GetError
    stm32h7xx_hal_uart.o(i.HAL_UART_AbortReceive_IT) refers to stm32h7xx_hal_dma.o(i.HAL_DMA_Abort_IT) for HAL_DMA_Abort_IT
    stm32h7xx_hal_uart.o(i.HAL_UART_AbortReceive_IT) refers to stm32h7xx_hal_uart.o(i.HAL_UART_AbortReceiveCpltCallback) for HAL_UART_AbortReceiveCpltCallback
    stm32h7xx_hal_uart.o(i.HAL_UART_AbortReceive_IT) refers to stm32h7xx_hal_uart.o(i.UART_DMARxOnlyAbortCallback) for UART_DMARxOnlyAbortCallback
    stm32h7xx_hal_uart.o(i.HAL_UART_AbortTransmit) refers to stm32h7xx_hal_dma.o(i.HAL_DMA_Abort) for HAL_DMA_Abort
    stm32h7xx_hal_uart.o(i.HAL_UART_AbortTransmit) refers to stm32h7xx_hal_dma.o(i.HAL_DMA_GetError) for HAL_DMA_GetError
    stm32h7xx_hal_uart.o(i.HAL_UART_AbortTransmit_IT) refers to stm32h7xx_hal_dma.o(i.HAL_DMA_Abort_IT) for HAL_DMA_Abort_IT
    stm32h7xx_hal_uart.o(i.HAL_UART_AbortTransmit_IT) refers to stm32h7xx_hal_uart.o(i.HAL_UART_AbortTransmitCpltCallback) for HAL_UART_AbortTransmitCpltCallback
    stm32h7xx_hal_uart.o(i.HAL_UART_AbortTransmit_IT) refers to stm32h7xx_hal_uart.o(i.UART_DMATxOnlyAbortCallback) for UART_DMATxOnlyAbortCallback
    stm32h7xx_hal_uart.o(i.HAL_UART_Abort_IT) refers to stm32h7xx_hal_dma.o(i.HAL_DMA_Abort_IT) for HAL_DMA_Abort_IT
    stm32h7xx_hal_uart.o(i.HAL_UART_Abort_IT) refers to stm32h7xx_hal_uart.o(i.HAL_UART_AbortCpltCallback) for HAL_UART_AbortCpltCallback
    stm32h7xx_hal_uart.o(i.HAL_UART_Abort_IT) refers to stm32h7xx_hal_uart.o(i.UART_DMATxAbortCallback) for UART_DMATxAbortCallback
    stm32h7xx_hal_uart.o(i.HAL_UART_Abort_IT) refers to stm32h7xx_hal_uart.o(i.UART_DMARxAbortCallback) for UART_DMARxAbortCallback
    stm32h7xx_hal_uart.o(i.HAL_UART_DMAStop) refers to stm32h7xx_hal_dma.o(i.HAL_DMA_Abort) for HAL_DMA_Abort
    stm32h7xx_hal_uart.o(i.HAL_UART_DMAStop) refers to stm32h7xx_hal_dma.o(i.HAL_DMA_GetError) for HAL_DMA_GetError
    stm32h7xx_hal_uart.o(i.HAL_UART_DMAStop) refers to stm32h7xx_hal_uart.o(i.UART_EndTxTransfer) for UART_EndTxTransfer
    stm32h7xx_hal_uart.o(i.HAL_UART_DMAStop) refers to stm32h7xx_hal_uart.o(i.UART_EndRxTransfer) for UART_EndRxTransfer
    stm32h7xx_hal_uart.o(i.HAL_UART_DeInit) refers to stm32h7xx_hal_msp_1.o(i.HAL_UART_MspDeInit) for HAL_UART_MspDeInit
    stm32h7xx_hal_uart.o(i.HAL_UART_IRQHandler) refers to stm32h7xx_hal_uart.o(i.UART_EndRxTransfer) for UART_EndRxTransfer
    stm32h7xx_hal_uart.o(i.HAL_UART_IRQHandler) refers to stm32h7xx_hal_dma.o(i.HAL_DMA_Abort_IT) for HAL_DMA_Abort_IT
    stm32h7xx_hal_uart.o(i.HAL_UART_IRQHandler) refers to stm32h7xx_hal_uart.o(i.HAL_UART_ErrorCallback) for HAL_UART_ErrorCallback
    stm32h7xx_hal_uart.o(i.HAL_UART_IRQHandler) refers to stm32h7xx_hal_uart_ex.o(i.HAL_UARTEx_WakeupCallback) for HAL_UARTEx_WakeupCallback
    stm32h7xx_hal_uart.o(i.HAL_UART_IRQHandler) refers to stm32h7xx_hal_uart.o(i.HAL_UART_TxCpltCallback) for HAL_UART_TxCpltCallback
    stm32h7xx_hal_uart.o(i.HAL_UART_IRQHandler) refers to stm32h7xx_hal_uart_ex.o(i.HAL_UARTEx_TxFifoEmptyCallback) for HAL_UARTEx_TxFifoEmptyCallback
    stm32h7xx_hal_uart.o(i.HAL_UART_IRQHandler) refers to stm32h7xx_hal_uart_ex.o(i.HAL_UARTEx_RxFifoFullCallback) for HAL_UARTEx_RxFifoFullCallback
    stm32h7xx_hal_uart.o(i.HAL_UART_IRQHandler) refers to stm32h7xx_hal_uart.o(i.UART_DMAAbortOnError) for UART_DMAAbortOnError
    stm32h7xx_hal_uart.o(i.HAL_UART_Init) refers to stm32h7xx_hal_msp_1.o(i.HAL_UART_MspInit) for HAL_UART_MspInit
    stm32h7xx_hal_uart.o(i.HAL_UART_Init) refers to stm32h7xx_hal_uart.o(i.UART_SetConfig) for UART_SetConfig
    stm32h7xx_hal_uart.o(i.HAL_UART_Init) refers to stm32h7xx_hal_uart.o(i.UART_AdvFeatureConfig) for UART_AdvFeatureConfig
    stm32h7xx_hal_uart.o(i.HAL_UART_Init) refers to stm32h7xx_hal_uart.o(i.UART_CheckIdleState) for UART_CheckIdleState
    stm32h7xx_hal_uart.o(i.HAL_UART_Receive) refers to stm32h7xx_hal.o(i.HAL_GetTick) for HAL_GetTick
    stm32h7xx_hal_uart.o(i.HAL_UART_Receive) refers to stm32h7xx_hal_uart.o(i.UART_WaitOnFlagUntilTimeout) for UART_WaitOnFlagUntilTimeout
    stm32h7xx_hal_uart.o(i.HAL_UART_Receive_DMA) refers to stm32h7xx_hal_dma.o(i.HAL_DMA_Start_IT) for HAL_DMA_Start_IT
    stm32h7xx_hal_uart.o(i.HAL_UART_Receive_DMA) refers to stm32h7xx_hal_uart.o(i.UART_DMAReceiveCplt) for UART_DMAReceiveCplt
    stm32h7xx_hal_uart.o(i.HAL_UART_Receive_DMA) refers to stm32h7xx_hal_uart.o(i.UART_DMARxHalfCplt) for UART_DMARxHalfCplt
    stm32h7xx_hal_uart.o(i.HAL_UART_Receive_DMA) refers to stm32h7xx_hal_uart.o(i.UART_DMAError) for UART_DMAError
    stm32h7xx_hal_uart.o(i.HAL_UART_Receive_IT) refers to stm32h7xx_hal_uart.o(i.UART_RxISR_8BIT_FIFOEN) for UART_RxISR_8BIT_FIFOEN
    stm32h7xx_hal_uart.o(i.HAL_UART_Receive_IT) refers to stm32h7xx_hal_uart.o(i.UART_RxISR_16BIT_FIFOEN) for UART_RxISR_16BIT_FIFOEN
    stm32h7xx_hal_uart.o(i.HAL_UART_Receive_IT) refers to stm32h7xx_hal_uart.o(i.UART_RxISR_8BIT) for UART_RxISR_8BIT
    stm32h7xx_hal_uart.o(i.HAL_UART_Receive_IT) refers to stm32h7xx_hal_uart.o(i.UART_RxISR_16BIT) for UART_RxISR_16BIT
    stm32h7xx_hal_uart.o(i.HAL_UART_Transmit) refers to stm32h7xx_hal.o(i.HAL_GetTick) for HAL_GetTick
    stm32h7xx_hal_uart.o(i.HAL_UART_Transmit) refers to stm32h7xx_hal_uart.o(i.UART_WaitOnFlagUntilTimeout) for UART_WaitOnFlagUntilTimeout
    stm32h7xx_hal_uart.o(i.HAL_UART_Transmit_DMA) refers to stm32h7xx_hal_dma.o(i.HAL_DMA_Start_IT) for HAL_DMA_Start_IT
    stm32h7xx_hal_uart.o(i.HAL_UART_Transmit_DMA) refers to stm32h7xx_hal_uart.o(i.UART_DMATransmitCplt) for UART_DMATransmitCplt
    stm32h7xx_hal_uart.o(i.HAL_UART_Transmit_DMA) refers to stm32h7xx_hal_uart.o(i.UART_DMATxHalfCplt) for UART_DMATxHalfCplt
    stm32h7xx_hal_uart.o(i.HAL_UART_Transmit_DMA) refers to stm32h7xx_hal_uart.o(i.UART_DMAError) for UART_DMAError
    stm32h7xx_hal_uart.o(i.HAL_UART_Transmit_IT) refers to stm32h7xx_hal_uart.o(i.UART_TxISR_8BIT) for UART_TxISR_8BIT
    stm32h7xx_hal_uart.o(i.HAL_UART_Transmit_IT) refers to stm32h7xx_hal_uart.o(i.UART_TxISR_8BIT_FIFOEN) for UART_TxISR_8BIT_FIFOEN
    stm32h7xx_hal_uart.o(i.HAL_UART_Transmit_IT) refers to stm32h7xx_hal_uart.o(i.UART_TxISR_16BIT_FIFOEN) for UART_TxISR_16BIT_FIFOEN
    stm32h7xx_hal_uart.o(i.HAL_UART_Transmit_IT) refers to stm32h7xx_hal_uart.o(i.UART_TxISR_16BIT) for UART_TxISR_16BIT
    stm32h7xx_hal_uart.o(i.UART_CheckIdleState) refers to stm32h7xx_hal.o(i.HAL_GetTick) for HAL_GetTick
    stm32h7xx_hal_uart.o(i.UART_CheckIdleState) refers to stm32h7xx_hal_uart.o(i.UART_WaitOnFlagUntilTimeout) for UART_WaitOnFlagUntilTimeout
    stm32h7xx_hal_uart.o(i.UART_DMAAbortOnError) refers to stm32h7xx_hal_uart.o(i.HAL_UART_ErrorCallback) for HAL_UART_ErrorCallback
    stm32h7xx_hal_uart.o(i.UART_DMAError) refers to stm32h7xx_hal_uart.o(i.UART_EndTxTransfer) for UART_EndTxTransfer
    stm32h7xx_hal_uart.o(i.UART_DMAError) refers to stm32h7xx_hal_uart.o(i.UART_EndRxTransfer) for UART_EndRxTransfer
    stm32h7xx_hal_uart.o(i.UART_DMAError) refers to stm32h7xx_hal_uart.o(i.HAL_UART_ErrorCallback) for HAL_UART_ErrorCallback
    stm32h7xx_hal_uart.o(i.UART_DMAReceiveCplt) refers to stm32h7xx_hal_uart.o(i.HAL_UART_RxCpltCallback) for HAL_UART_RxCpltCallback
    stm32h7xx_hal_uart.o(i.UART_DMARxAbortCallback) refers to stm32h7xx_hal_uart.o(i.HAL_UART_AbortCpltCallback) for HAL_UART_AbortCpltCallback
    stm32h7xx_hal_uart.o(i.UART_DMARxHalfCplt) refers to stm32h7xx_hal_uart.o(i.HAL_UART_RxHalfCpltCallback) for HAL_UART_RxHalfCpltCallback
    stm32h7xx_hal_uart.o(i.UART_DMARxOnlyAbortCallback) refers to stm32h7xx_hal_uart.o(i.HAL_UART_AbortReceiveCpltCallback) for HAL_UART_AbortReceiveCpltCallback
    stm32h7xx_hal_uart.o(i.UART_DMATransmitCplt) refers to stm32h7xx_hal_uart.o(i.HAL_UART_TxCpltCallback) for HAL_UART_TxCpltCallback
    stm32h7xx_hal_uart.o(i.UART_DMATxAbortCallback) refers to stm32h7xx_hal_uart.o(i.HAL_UART_AbortCpltCallback) for HAL_UART_AbortCpltCallback
    stm32h7xx_hal_uart.o(i.UART_DMATxHalfCplt) refers to stm32h7xx_hal_uart.o(i.HAL_UART_TxHalfCpltCallback) for HAL_UART_TxHalfCpltCallback
    stm32h7xx_hal_uart.o(i.UART_DMATxOnlyAbortCallback) refers to stm32h7xx_hal_uart.o(i.HAL_UART_AbortTransmitCpltCallback) for HAL_UART_AbortTransmitCpltCallback
    stm32h7xx_hal_uart.o(i.UART_RxISR_16BIT) refers to stm32h7xx_hal_uart.o(i.HAL_UART_RxCpltCallback) for HAL_UART_RxCpltCallback
    stm32h7xx_hal_uart.o(i.UART_RxISR_16BIT_FIFOEN) refers to stm32h7xx_hal_uart.o(i.HAL_UART_RxCpltCallback) for HAL_UART_RxCpltCallback
    stm32h7xx_hal_uart.o(i.UART_RxISR_16BIT_FIFOEN) refers to stm32h7xx_hal_uart.o(i.UART_RxISR_16BIT) for UART_RxISR_16BIT
    stm32h7xx_hal_uart.o(i.UART_RxISR_8BIT) refers to stm32h7xx_hal_uart.o(i.HAL_UART_RxCpltCallback) for HAL_UART_RxCpltCallback
    stm32h7xx_hal_uart.o(i.UART_RxISR_8BIT_FIFOEN) refers to stm32h7xx_hal_uart.o(i.HAL_UART_RxCpltCallback) for HAL_UART_RxCpltCallback
    stm32h7xx_hal_uart.o(i.UART_RxISR_8BIT_FIFOEN) refers to stm32h7xx_hal_uart.o(i.UART_RxISR_8BIT) for UART_RxISR_8BIT
    stm32h7xx_hal_uart.o(i.UART_SetConfig) refers to stm32h7xx_hal_rcc_ex.o(i.HAL_RCCEx_GetD3PCLK1Freq) for HAL_RCCEx_GetD3PCLK1Freq
    stm32h7xx_hal_uart.o(i.UART_SetConfig) refers to stm32h7xx_hal_rcc_ex.o(i.HAL_RCCEx_GetPLL2ClockFreq) for HAL_RCCEx_GetPLL2ClockFreq
    stm32h7xx_hal_uart.o(i.UART_SetConfig) refers to stm32h7xx_hal_rcc_ex.o(i.HAL_RCCEx_GetPLL3ClockFreq) for HAL_RCCEx_GetPLL3ClockFreq
    stm32h7xx_hal_uart.o(i.UART_SetConfig) refers to uldiv.o(.text) for __aeabi_uldivmod
    stm32h7xx_hal_uart.o(i.UART_SetConfig) refers to stm32h7xx_hal_rcc.o(i.HAL_RCC_GetPCLK1Freq) for HAL_RCC_GetPCLK1Freq
    stm32h7xx_hal_uart.o(i.UART_SetConfig) refers to stm32h7xx_hal_rcc.o(i.HAL_RCC_GetPCLK2Freq) for HAL_RCC_GetPCLK2Freq
    stm32h7xx_hal_uart.o(i.UART_WaitOnFlagUntilTimeout) refers to stm32h7xx_hal.o(i.HAL_GetTick) for HAL_GetTick
    stm32h7xx_hal_uart_ex.o(i.HAL_MultiProcessorEx_AddressLength_Set) refers to stm32h7xx_hal_uart.o(i.UART_CheckIdleState) for UART_CheckIdleState
    stm32h7xx_hal_uart_ex.o(i.HAL_RS485Ex_Init) refers to stm32h7xx_hal_msp_1.o(i.HAL_UART_MspInit) for HAL_UART_MspInit
    stm32h7xx_hal_uart_ex.o(i.HAL_RS485Ex_Init) refers to stm32h7xx_hal_uart.o(i.UART_SetConfig) for UART_SetConfig
    stm32h7xx_hal_uart_ex.o(i.HAL_RS485Ex_Init) refers to stm32h7xx_hal_uart.o(i.UART_AdvFeatureConfig) for UART_AdvFeatureConfig
    stm32h7xx_hal_uart_ex.o(i.HAL_RS485Ex_Init) refers to stm32h7xx_hal_uart.o(i.UART_CheckIdleState) for UART_CheckIdleState
    stm32h7xx_hal_uart_ex.o(i.HAL_UARTEx_EnableFifoMode) refers to stm32h7xx_hal_uart_ex.o(i.UARTEx_SetNbDataToProcess) for UARTEx_SetNbDataToProcess
    stm32h7xx_hal_uart_ex.o(i.HAL_UARTEx_SetRxFifoThreshold) refers to stm32h7xx_hal_uart_ex.o(i.UARTEx_SetNbDataToProcess) for UARTEx_SetNbDataToProcess
    stm32h7xx_hal_uart_ex.o(i.HAL_UARTEx_SetTxFifoThreshold) refers to stm32h7xx_hal_uart_ex.o(i.UARTEx_SetNbDataToProcess) for UARTEx_SetNbDataToProcess
    stm32h7xx_hal_uart_ex.o(i.HAL_UARTEx_StopModeWakeUpSourceConfig) refers to stm32h7xx_hal.o(i.HAL_GetTick) for HAL_GetTick
    stm32h7xx_hal_uart_ex.o(i.HAL_UARTEx_StopModeWakeUpSourceConfig) refers to stm32h7xx_hal_uart.o(i.UART_WaitOnFlagUntilTimeout) for UART_WaitOnFlagUntilTimeout
    system_stm32h7xx_dualcore_boot_cm4_cm7.o(i.SystemCoreClockUpdate) refers to system_stm32h7xx_dualcore_boot_cm4_cm7.o(.data) for .data
    system_stm32h7xx_dualcore_boot_cm4_cm7.o(i.SystemCoreClockUpdate) refers to system_stm32h7xx_dualcore_boot_cm4_cm7.o(.constdata) for .constdata
    entry.o(.ARM.Collect$$$$00000000) refers (Special) to entry10a.o(.ARM.Collect$$$$0000000D) for __rt_final_cpp
    entry.o(.ARM.Collect$$$$00000000) refers (Special) to entry11a.o(.ARM.Collect$$$$0000000F) for __rt_final_exit
    entry.o(.ARM.Collect$$$$00000000) refers (Special) to entry7b.o(.ARM.Collect$$$$00000008) for _main_clock
    entry.o(.ARM.Collect$$$$00000000) refers (Special) to entry8b.o(.ARM.Collect$$$$0000000A) for _main_cpp_init
    entry.o(.ARM.Collect$$$$00000000) refers (Special) to entry9a.o(.ARM.Collect$$$$0000000B) for _main_init
    entry.o(.ARM.Collect$$$$00000000) refers (Special) to entry5.o(.ARM.Collect$$$$00000004) for _main_scatterload
    entry.o(.ARM.Collect$$$$00000000) refers (Special) to entry2.o(.ARM.Collect$$$$00000001) for _main_stk
    uldiv.o(.text) refers to llushr.o(.text) for __aeabi_llsr
    uldiv.o(.text) refers to llshl.o(.text) for __aeabi_llsl
    printfb.o(i.__0fprintf$bare) refers to printfb.o(i._printf_core) for _printf_core
    printfb.o(i.__0fprintf$bare) refers to fputc.o(i.fputc) for fputc
    printfb.o(i.__0printf$bare) refers to printfb.o(i._printf_core) for _printf_core
    printfb.o(i.__0printf$bare) refers to fputc.o(i.fputc) for fputc
    printfb.o(i.__0printf$bare) refers to stdout.o(.data) for __stdout
    printfb.o(i.__0snprintf$bare) refers to printfb.o(i._printf_core) for _printf_core
    printfb.o(i.__0snprintf$bare) refers to printfb.o(i._snputc) for _snputc
    printfb.o(i.__0sprintf$bare) refers to printfb.o(i._printf_core) for _printf_core
    printfb.o(i.__0sprintf$bare) refers to printfb.o(i._sputc) for _sputc
    printfb.o(i.__0vfprintf$bare) refers to printfb.o(i._printf_core) for _printf_core
    printfb.o(i.__0vfprintf$bare) refers to fputc.o(i.fputc) for fputc
    printfb.o(i.__0vprintf$bare) refers to printfb.o(i._printf_core) for _printf_core
    printfb.o(i.__0vprintf$bare) refers to fputc.o(i.fputc) for fputc
    printfb.o(i.__0vprintf$bare) refers to stdout.o(.data) for __stdout
    printfb.o(i.__0vsnprintf$bare) refers to printfb.o(i._printf_core) for _printf_core
    printfb.o(i.__0vsnprintf$bare) refers to printfb.o(i._snputc) for _snputc
    printfb.o(i.__0vsprintf$bare) refers to printfb.o(i._printf_core) for _printf_core
    printfb.o(i.__0vsprintf$bare) refers to printfb.o(i._sputc) for _sputc
    printf0.o(i.__0fprintf$0) refers to printf0.o(i._printf_core) for _printf_core
    printf0.o(i.__0fprintf$0) refers to fputc.o(i.fputc) for fputc
    printf0.o(i.__0printf$0) refers to printf0.o(i._printf_core) for _printf_core
    printf0.o(i.__0printf$0) refers to fputc.o(i.fputc) for fputc
    printf0.o(i.__0printf$0) refers to stdout.o(.data) for __stdout
    printf0.o(i.__0snprintf$0) refers to printf0.o(i._printf_core) for _printf_core
    printf0.o(i.__0snprintf$0) refers to printf0.o(i._snputc) for _snputc
    printf0.o(i.__0sprintf$0) refers to printf0.o(i._printf_core) for _printf_core
    printf0.o(i.__0sprintf$0) refers to printf0.o(i._sputc) for _sputc
    printf0.o(i.__0vfprintf$0) refers to printf0.o(i._printf_core) for _printf_core
    printf0.o(i.__0vfprintf$0) refers to fputc.o(i.fputc) for fputc
    printf0.o(i.__0vprintf$0) refers to printf0.o(i._printf_core) for _printf_core
    printf0.o(i.__0vprintf$0) refers to fputc.o(i.fputc) for fputc
    printf0.o(i.__0vprintf$0) refers to stdout.o(.data) for __stdout
    printf0.o(i.__0vsnprintf$0) refers to printf0.o(i._printf_core) for _printf_core
    printf0.o(i.__0vsnprintf$0) refers to printf0.o(i._snputc) for _snputc
    printf0.o(i.__0vsprintf$0) refers to printf0.o(i._printf_core) for _printf_core
    printf0.o(i.__0vsprintf$0) refers to printf0.o(i._sputc) for _sputc
    printf1.o(i.__0fprintf$1) refers to printf1.o(i._printf_core) for _printf_core
    printf1.o(i.__0fprintf$1) refers to fputc.o(i.fputc) for fputc
    printf1.o(i.__0printf$1) refers to printf1.o(i._printf_core) for _printf_core
    printf1.o(i.__0printf$1) refers to fputc.o(i.fputc) for fputc
    printf1.o(i.__0printf$1) refers to stdout.o(.data) for __stdout
    printf1.o(i.__0snprintf$1) refers to printf1.o(i._printf_core) for _printf_core
    printf1.o(i.__0snprintf$1) refers to printf1.o(i._snputc) for _snputc
    printf1.o(i.__0sprintf$1) refers to printf1.o(i._printf_core) for _printf_core
    printf1.o(i.__0sprintf$1) refers to printf1.o(i._sputc) for _sputc
    printf1.o(i.__0vfprintf$1) refers to printf1.o(i._printf_core) for _printf_core
    printf1.o(i.__0vfprintf$1) refers to fputc.o(i.fputc) for fputc
    printf1.o(i.__0vprintf$1) refers to printf1.o(i._printf_core) for _printf_core
    printf1.o(i.__0vprintf$1) refers to fputc.o(i.fputc) for fputc
    printf1.o(i.__0vprintf$1) refers to stdout.o(.data) for __stdout
    printf1.o(i.__0vsnprintf$1) refers to printf1.o(i._printf_core) for _printf_core
    printf1.o(i.__0vsnprintf$1) refers to printf1.o(i._snputc) for _snputc
    printf1.o(i.__0vsprintf$1) refers to printf1.o(i._printf_core) for _printf_core
    printf1.o(i.__0vsprintf$1) refers to printf1.o(i._sputc) for _sputc
    printf1.o(i._printf_core) refers to uidiv.o(.text) for __aeabi_uidivmod
    printf2.o(i.__0fprintf$2) refers to printf2.o(i._printf_core) for _printf_core
    printf2.o(i.__0fprintf$2) refers to fputc.o(i.fputc) for fputc
    printf2.o(i.__0printf$2) refers to printf2.o(i._printf_core) for _printf_core
    printf2.o(i.__0printf$2) refers to fputc.o(i.fputc) for fputc
    printf2.o(i.__0printf$2) refers to stdout.o(.data) for __stdout
    printf2.o(i.__0snprintf$2) refers to printf2.o(i._printf_core) for _printf_core
    printf2.o(i.__0snprintf$2) refers to printf2.o(i._snputc) for _snputc
    printf2.o(i.__0sprintf$2) refers to printf2.o(i._printf_core) for _printf_core
    printf2.o(i.__0sprintf$2) refers to printf2.o(i._sputc) for _sputc
    printf2.o(i.__0vfprintf$2) refers to printf2.o(i._printf_core) for _printf_core
    printf2.o(i.__0vfprintf$2) refers to fputc.o(i.fputc) for fputc
    printf2.o(i.__0vprintf$2) refers to printf2.o(i._printf_core) for _printf_core
    printf2.o(i.__0vprintf$2) refers to fputc.o(i.fputc) for fputc
    printf2.o(i.__0vprintf$2) refers to stdout.o(.data) for __stdout
    printf2.o(i.__0vsnprintf$2) refers to printf2.o(i._printf_core) for _printf_core
    printf2.o(i.__0vsnprintf$2) refers to printf2.o(i._snputc) for _snputc
    printf2.o(i.__0vsprintf$2) refers to printf2.o(i._printf_core) for _printf_core
    printf2.o(i.__0vsprintf$2) refers to printf2.o(i._sputc) for _sputc
    printf3.o(i.__0fprintf$3) refers to printf3.o(i._printf_core) for _printf_core
    printf3.o(i.__0fprintf$3) refers to fputc.o(i.fputc) for fputc
    printf3.o(i.__0printf$3) refers to printf3.o(i._printf_core) for _printf_core
    printf3.o(i.__0printf$3) refers to fputc.o(i.fputc) for fputc
    printf3.o(i.__0printf$3) refers to stdout.o(.data) for __stdout
    printf3.o(i.__0snprintf$3) refers to printf3.o(i._printf_core) for _printf_core
    printf3.o(i.__0snprintf$3) refers to printf3.o(i._snputc) for _snputc
    printf3.o(i.__0sprintf$3) refers to printf3.o(i._printf_core) for _printf_core
    printf3.o(i.__0sprintf$3) refers to printf3.o(i._sputc) for _sputc
    printf3.o(i.__0vfprintf$3) refers to printf3.o(i._printf_core) for _printf_core
    printf3.o(i.__0vfprintf$3) refers to fputc.o(i.fputc) for fputc
    printf3.o(i.__0vprintf$3) refers to printf3.o(i._printf_core) for _printf_core
    printf3.o(i.__0vprintf$3) refers to fputc.o(i.fputc) for fputc
    printf3.o(i.__0vprintf$3) refers to stdout.o(.data) for __stdout
    printf3.o(i.__0vsnprintf$3) refers to printf3.o(i._printf_core) for _printf_core
    printf3.o(i.__0vsnprintf$3) refers to printf3.o(i._snputc) for _snputc
    printf3.o(i.__0vsprintf$3) refers to printf3.o(i._printf_core) for _printf_core
    printf3.o(i.__0vsprintf$3) refers to printf3.o(i._sputc) for _sputc
    printf3.o(i._printf_core) refers to uidiv.o(.text) for __aeabi_uidivmod
    printf4.o(i.__0fprintf$4) refers to printf4.o(i._printf_core) for _printf_core
    printf4.o(i.__0fprintf$4) refers to fputc.o(i.fputc) for fputc
    printf4.o(i.__0printf$4) refers to printf4.o(i._printf_core) for _printf_core
    printf4.o(i.__0printf$4) refers to fputc.o(i.fputc) for fputc
    printf4.o(i.__0printf$4) refers to stdout.o(.data) for __stdout
    printf4.o(i.__0snprintf$4) refers to printf4.o(i._printf_core) for _printf_core
    printf4.o(i.__0snprintf$4) refers to printf4.o(i._snputc) for _snputc
    printf4.o(i.__0sprintf$4) refers to printf4.o(i._printf_core) for _printf_core
    printf4.o(i.__0sprintf$4) refers to printf4.o(i._sputc) for _sputc
    printf4.o(i.__0vfprintf$4) refers to printf4.o(i._printf_core) for _printf_core
    printf4.o(i.__0vfprintf$4) refers to fputc.o(i.fputc) for fputc
    printf4.o(i.__0vprintf$4) refers to printf4.o(i._printf_core) for _printf_core
    printf4.o(i.__0vprintf$4) refers to fputc.o(i.fputc) for fputc
    printf4.o(i.__0vprintf$4) refers to stdout.o(.data) for __stdout
    printf4.o(i.__0vsnprintf$4) refers to printf4.o(i._printf_core) for _printf_core
    printf4.o(i.__0vsnprintf$4) refers to printf4.o(i._snputc) for _snputc
    printf4.o(i.__0vsprintf$4) refers to printf4.o(i._printf_core) for _printf_core
    printf4.o(i.__0vsprintf$4) refers to printf4.o(i._sputc) for _sputc
    printf4.o(i._printf_core) refers to uldiv.o(.text) for __aeabi_uldivmod
    printf5.o(i.__0fprintf$5) refers to printf5.o(i._printf_core) for _printf_core
    printf5.o(i.__0fprintf$5) refers to fputc.o(i.fputc) for fputc
    printf5.o(i.__0printf$5) refers to printf5.o(i._printf_core) for _printf_core
    printf5.o(i.__0printf$5) refers to fputc.o(i.fputc) for fputc
    printf5.o(i.__0printf$5) refers to stdout.o(.data) for __stdout
    printf5.o(i.__0snprintf$5) refers to printf5.o(i._printf_core) for _printf_core
    printf5.o(i.__0snprintf$5) refers to printf5.o(i._snputc) for _snputc
    printf5.o(i.__0sprintf$5) refers to printf5.o(i._printf_core) for _printf_core
    printf5.o(i.__0sprintf$5) refers to printf5.o(i._sputc) for _sputc
    printf5.o(i.__0vfprintf$5) refers to printf5.o(i._printf_core) for _printf_core
    printf5.o(i.__0vfprintf$5) refers to fputc.o(i.fputc) for fputc
    printf5.o(i.__0vprintf$5) refers to printf5.o(i._printf_core) for _printf_core
    printf5.o(i.__0vprintf$5) refers to fputc.o(i.fputc) for fputc
    printf5.o(i.__0vprintf$5) refers to stdout.o(.data) for __stdout
    printf5.o(i.__0vsnprintf$5) refers to printf5.o(i._printf_core) for _printf_core
    printf5.o(i.__0vsnprintf$5) refers to printf5.o(i._snputc) for _snputc
    printf5.o(i.__0vsprintf$5) refers to printf5.o(i._printf_core) for _printf_core
    printf5.o(i.__0vsprintf$5) refers to printf5.o(i._sputc) for _sputc
    printf5.o(i._printf_core) refers to uldiv.o(.text) for __aeabi_uldivmod
    printf6.o(i.__0fprintf$6) refers to printf6.o(i._printf_core) for _printf_core
    printf6.o(i.__0fprintf$6) refers to fputc.o(i.fputc) for fputc
    printf6.o(i.__0printf$6) refers to printf6.o(i._printf_core) for _printf_core
    printf6.o(i.__0printf$6) refers to fputc.o(i.fputc) for fputc
    printf6.o(i.__0printf$6) refers to stdout.o(.data) for __stdout
    printf6.o(i.__0snprintf$6) refers to printf6.o(i._printf_core) for _printf_core
    printf6.o(i.__0snprintf$6) refers to printf6.o(i._snputc) for _snputc
    printf6.o(i.__0sprintf$6) refers to printf6.o(i._printf_core) for _printf_core
    printf6.o(i.__0sprintf$6) refers to printf6.o(i._sputc) for _sputc
    printf6.o(i.__0vfprintf$6) refers to printf6.o(i._printf_core) for _printf_core
    printf6.o(i.__0vfprintf$6) refers to fputc.o(i.fputc) for fputc
    printf6.o(i.__0vprintf$6) refers to printf6.o(i._printf_core) for _printf_core
    printf6.o(i.__0vprintf$6) refers to fputc.o(i.fputc) for fputc
    printf6.o(i.__0vprintf$6) refers to stdout.o(.data) for __stdout
    printf6.o(i.__0vsnprintf$6) refers to printf6.o(i._printf_core) for _printf_core
    printf6.o(i.__0vsnprintf$6) refers to printf6.o(i._snputc) for _snputc
    printf6.o(i.__0vsprintf$6) refers to printf6.o(i._printf_core) for _printf_core
    printf6.o(i.__0vsprintf$6) refers to printf6.o(i._sputc) for _sputc
    printf6.o(i._printf_core) refers to printf6.o(i._printf_pre_padding) for _printf_pre_padding
    printf6.o(i._printf_core) refers to uidiv.o(.text) for __aeabi_uidivmod
    printf6.o(i._printf_core) refers to printf6.o(i._printf_post_padding) for _printf_post_padding
    printf7.o(i.__0fprintf$7) refers to printf7.o(i._printf_core) for _printf_core
    printf7.o(i.__0fprintf$7) refers to fputc.o(i.fputc) for fputc
    printf7.o(i.__0printf$7) refers to printf7.o(i._printf_core) for _printf_core
    printf7.o(i.__0printf$7) refers to fputc.o(i.fputc) for fputc
    printf7.o(i.__0printf$7) refers to stdout.o(.data) for __stdout
    printf7.o(i.__0snprintf$7) refers to printf7.o(i._printf_core) for _printf_core
    printf7.o(i.__0snprintf$7) refers to printf7.o(i._snputc) for _snputc
    printf7.o(i.__0sprintf$7) refers to printf7.o(i._printf_core) for _printf_core
    printf7.o(i.__0sprintf$7) refers to printf7.o(i._sputc) for _sputc
    printf7.o(i.__0vfprintf$7) refers to printf7.o(i._printf_core) for _printf_core
    printf7.o(i.__0vfprintf$7) refers to fputc.o(i.fputc) for fputc
    printf7.o(i.__0vprintf$7) refers to printf7.o(i._printf_core) for _printf_core
    printf7.o(i.__0vprintf$7) refers to fputc.o(i.fputc) for fputc
    printf7.o(i.__0vprintf$7) refers to stdout.o(.data) for __stdout
    printf7.o(i.__0vsnprintf$7) refers to printf7.o(i._printf_core) for _printf_core
    printf7.o(i.__0vsnprintf$7) refers to printf7.o(i._snputc) for _snputc
    printf7.o(i.__0vsprintf$7) refers to printf7.o(i._printf_core) for _printf_core
    printf7.o(i.__0vsprintf$7) refers to printf7.o(i._sputc) for _sputc
    printf7.o(i._printf_core) refers to printf7.o(i._printf_pre_padding) for _printf_pre_padding
    printf7.o(i._printf_core) refers to uldiv.o(.text) for __aeabi_uldivmod
    printf7.o(i._printf_core) refers to printf7.o(i._printf_post_padding) for _printf_post_padding
    printf8.o(i.__0fprintf$8) refers to printf8.o(i._printf_core) for _printf_core
    printf8.o(i.__0fprintf$8) refers to fputc.o(i.fputc) for fputc
    printf8.o(i.__0printf$8) refers to printf8.o(i._printf_core) for _printf_core
    printf8.o(i.__0printf$8) refers to fputc.o(i.fputc) for fputc
    printf8.o(i.__0printf$8) refers to stdout.o(.data) for __stdout
    printf8.o(i.__0snprintf$8) refers to printf8.o(i._printf_core) for _printf_core
    printf8.o(i.__0snprintf$8) refers to printf8.o(i._snputc) for _snputc
    printf8.o(i.__0sprintf$8) refers to printf8.o(i._printf_core) for _printf_core
    printf8.o(i.__0sprintf$8) refers to printf8.o(i._sputc) for _sputc
    printf8.o(i.__0vfprintf$8) refers to printf8.o(i._printf_core) for _printf_core
    printf8.o(i.__0vfprintf$8) refers to fputc.o(i.fputc) for fputc
    printf8.o(i.__0vprintf$8) refers to printf8.o(i._printf_core) for _printf_core
    printf8.o(i.__0vprintf$8) refers to fputc.o(i.fputc) for fputc
    printf8.o(i.__0vprintf$8) refers to stdout.o(.data) for __stdout
    printf8.o(i.__0vsnprintf$8) refers to printf8.o(i._printf_core) for _printf_core
    printf8.o(i.__0vsnprintf$8) refers to printf8.o(i._snputc) for _snputc
    printf8.o(i.__0vsprintf$8) refers to printf8.o(i._printf_core) for _printf_core
    printf8.o(i.__0vsprintf$8) refers to printf8.o(i._sputc) for _sputc
    printf8.o(i._printf_core) refers to printf8.o(i._printf_pre_padding) for _printf_pre_padding
    printf8.o(i._printf_core) refers to uldiv.o(.text) for __aeabi_uldivmod
    printf8.o(i._printf_core) refers to printf8.o(i._printf_post_padding) for _printf_post_padding
    printfa.o(i.__0fprintf) refers (Special) to iusefp.o(.text) for __I$use$fp
    printfa.o(i.__0fprintf) refers to printfa.o(i._printf_core) for _printf_core
    printfa.o(i.__0fprintf) refers to fputc.o(i.fputc) for fputc
    printfa.o(i.__0printf) refers (Special) to iusefp.o(.text) for __I$use$fp
    printfa.o(i.__0printf) refers to printfa.o(i._printf_core) for _printf_core
    printfa.o(i.__0printf) refers to fputc.o(i.fputc) for fputc
    printfa.o(i.__0printf) refers to stdout.o(.data) for __stdout
    printfa.o(i.__0snprintf) refers (Special) to iusefp.o(.text) for __I$use$fp
    printfa.o(i.__0snprintf) refers to printfa.o(i._printf_core) for _printf_core
    printfa.o(i.__0snprintf) refers to printfa.o(i._snputc) for _snputc
    printfa.o(i.__0sprintf) refers (Special) to iusefp.o(.text) for __I$use$fp
    printfa.o(i.__0sprintf) refers to printfa.o(i._printf_core) for _printf_core
    printfa.o(i.__0sprintf) refers to printfa.o(i._sputc) for _sputc
    printfa.o(i.__0vfprintf) refers (Special) to iusefp.o(.text) for __I$use$fp
    printfa.o(i.__0vfprintf) refers to printfa.o(i._printf_core) for _printf_core
    printfa.o(i.__0vfprintf) refers to fputc.o(i.fputc) for fputc
    printfa.o(i.__0vprintf) refers (Special) to iusefp.o(.text) for __I$use$fp
    printfa.o(i.__0vprintf) refers to printfa.o(i._printf_core) for _printf_core
    printfa.o(i.__0vprintf) refers to fputc.o(i.fputc) for fputc
    printfa.o(i.__0vprintf) refers to stdout.o(.data) for __stdout
    printfa.o(i.__0vsnprintf) refers (Special) to iusefp.o(.text) for __I$use$fp
    printfa.o(i.__0vsnprintf) refers to printfa.o(i._printf_core) for _printf_core
    printfa.o(i.__0vsnprintf) refers to printfa.o(i._snputc) for _snputc
    printfa.o(i.__0vsprintf) refers (Special) to iusefp.o(.text) for __I$use$fp
    printfa.o(i.__0vsprintf) refers to printfa.o(i._printf_core) for _printf_core
    printfa.o(i.__0vsprintf) refers to printfa.o(i._sputc) for _sputc
    printfa.o(i._fp_digits) refers (Special) to iusefp.o(.text) for __I$use$fp
    printfa.o(i._fp_digits) refers to dmul.o(.text) for __aeabi_dmul
    printfa.o(i._fp_digits) refers to ddiv.o(.text) for __aeabi_ddiv
    printfa.o(i._fp_digits) refers to cdrcmple.o(.text) for __aeabi_cdrcmple
    printfa.o(i._fp_digits) refers to dadd.o(.text) for __aeabi_dadd
    printfa.o(i._fp_digits) refers to dfixul.o(.text) for __aeabi_d2ulz
    printfa.o(i._fp_digits) refers to uldiv.o(.text) for __aeabi_uldivmod
    printfa.o(i._printf_core) refers (Special) to iusefp.o(.text) for __I$use$fp
    printfa.o(i._printf_core) refers to printfa.o(i._printf_pre_padding) for _printf_pre_padding
    printfa.o(i._printf_core) refers to uldiv.o(.text) for __aeabi_uldivmod
    printfa.o(i._printf_core) refers to printfa.o(i._printf_post_padding) for _printf_post_padding
    printfa.o(i._printf_core) refers to printfa.o(i._fp_digits) for _fp_digits
    printfa.o(i._printf_core) refers to uidiv.o(.text) for __aeabi_uidivmod
    printfa.o(i._printf_post_padding) refers (Special) to iusefp.o(.text) for __I$use$fp
    printfa.o(i._printf_pre_padding) refers (Special) to iusefp.o(.text) for __I$use$fp
    printfa.o(i._snputc) refers (Special) to iusefp.o(.text) for __I$use$fp
    printfa.o(i._sputc) refers (Special) to iusefp.o(.text) for __I$use$fp
    __0sscanf.o(.text) refers to scanf_char.o(.text) for __vfscanf_char
    __0sscanf.o(.text) refers to _sgetc.o(.text) for _sgetc
    _scanf_int.o(.text) refers to _chval.o(.text) for _chval
    entry2.o(.ARM.Collect$$$$00000001) refers to entry2.o(.ARM.Collect$$$$00002712) for __lit__00000000
    entry2.o(.ARM.Collect$$$$00002712) refers to startup_stm32h755xx_cm7.o(STACK) for __initial_sp
    entry2.o(__vectab_stack_and_reset_area) refers to startup_stm32h755xx_cm7.o(STACK) for __initial_sp
    entry2.o(__vectab_stack_and_reset_area) refers to entry.o(.ARM.Collect$$$$00000000) for __main
    entry5.o(.ARM.Collect$$$$00000004) refers to init.o(.text) for __scatterload
    entry9a.o(.ARM.Collect$$$$0000000B) refers to main_1.o(i.main) for main
    entry9b.o(.ARM.Collect$$$$0000000C) refers to main_1.o(i.main) for main
    fputc.o(i.fputc) refers (Special) to iusesemip.o(.text) for __I$use$semihosting$fputc
    fputc.o(i.fputc) refers (Special) to semi.o(.text) for __semihosting_library_function
    scanf_char.o(.text) refers to _scanf.o(.text) for __vfscanf
    scanf_char.o(.text) refers to isspace_c.o(.text) for isspace
    dadd.o(.text) refers to llshl.o(.text) for __aeabi_llsl
    dadd.o(.text) refers to llsshr.o(.text) for __aeabi_lasr
    dadd.o(.text) refers to depilogue.o(.text) for _double_epilogue
    dmul.o(.text) refers to depilogue.o(.text) for _double_epilogue
    ddiv.o(.text) refers to depilogue.o(.text) for _double_round
    dfixul.o(.text) refers to llushr.o(.text) for __aeabi_llsr
    dfixul.o(.text) refers to llshl.o(.text) for __aeabi_llsl
    init.o(.text) refers to entry5.o(.ARM.Collect$$$$00000004) for __main_after_scatterload
    isspace_c.o(.text) refers to ctype_c.o(.text) for __ctype_lookup
    _scanf.o(.text) refers (Weak) to _scanf_int.o(.text) for _scanf_int
    depilogue.o(.text) refers to llshl.o(.text) for __aeabi_llsl
    depilogue.o(.text) refers to llushr.o(.text) for __aeabi_llsr
    ctype_c.o(.text) refers to ctype_c.o(.constdata) for .constdata

